Archive member included to satisfy reference by file (symbol)

c:/program files (x86)/gnu tools arm embedded/7 2017-q4-major/bin/../lib/gcc/arm-none-eabi/7.2.1/../../../../arm-none-eabi/lib/thumb/v7e-m/fpv4-sp/hard\libc_nano.a(lib_a-errno.o)
                              build/syscalls.o (__errno)
c:/program files (x86)/gnu tools arm embedded/7 2017-q4-major/bin/../lib/gcc/arm-none-eabi/7.2.1/../../../../arm-none-eabi/lib/thumb/v7e-m/fpv4-sp/hard\libc_nano.a(lib_a-exit.o)
                              c:/program files (x86)/gnu tools arm embedded/7 2017-q4-major/bin/../lib/gcc/arm-none-eabi/7.2.1/../../../../arm-none-eabi/lib/thumb/v7e-m/fpv4-sp/hard/crt0.o (exit)
c:/program files (x86)/gnu tools arm embedded/7 2017-q4-major/bin/../lib/gcc/arm-none-eabi/7.2.1/../../../../arm-none-eabi/lib/thumb/v7e-m/fpv4-sp/hard\libc_nano.a(lib_a-impure.o)
                              c:/program files (x86)/gnu tools arm embedded/7 2017-q4-major/bin/../lib/gcc/arm-none-eabi/7.2.1/../../../../arm-none-eabi/lib/thumb/v7e-m/fpv4-sp/hard\libc_nano.a(lib_a-exit.o) (_global_impure_ptr)
c:/program files (x86)/gnu tools arm embedded/7 2017-q4-major/bin/../lib/gcc/arm-none-eabi/7.2.1/../../../../arm-none-eabi/lib/thumb/v7e-m/fpv4-sp/hard\libc_nano.a(lib_a-init.o)
                              c:/program files (x86)/gnu tools arm embedded/7 2017-q4-major/bin/../lib/gcc/arm-none-eabi/7.2.1/../../../../arm-none-eabi/lib/thumb/v7e-m/fpv4-sp/hard/crt0.o (__libc_init_array)
c:/program files (x86)/gnu tools arm embedded/7 2017-q4-major/bin/../lib/gcc/arm-none-eabi/7.2.1/../../../../arm-none-eabi/lib/thumb/v7e-m/fpv4-sp/hard\libc_nano.a(lib_a-memcpy-stub.o)
                              build/flash.o (memcpy)
c:/program files (x86)/gnu tools arm embedded/7 2017-q4-major/bin/../lib/gcc/arm-none-eabi/7.2.1/../../../../arm-none-eabi/lib/thumb/v7e-m/fpv4-sp/hard\libc_nano.a(lib_a-memset.o)
                              c:/program files (x86)/gnu tools arm embedded/7 2017-q4-major/bin/../lib/gcc/arm-none-eabi/7.2.1/../../../../arm-none-eabi/lib/thumb/v7e-m/fpv4-sp/hard/crt0.o (memset)
c:/program files (x86)/gnu tools arm embedded/7 2017-q4-major/bin/../lib/gcc/arm-none-eabi/7.2.1/../../../../arm-none-eabi/lib/thumb/v7e-m/fpv4-sp/hard\libc_nano.a(lib_a-nano-vfprintf_float.o)
                              (_printf_float)
c:/program files (x86)/gnu tools arm embedded/7 2017-q4-major/bin/../lib/gcc/arm-none-eabi/7.2.1/../../../../arm-none-eabi/lib/thumb/v7e-m/fpv4-sp/hard\libc_nano.a(lib_a-nano-vfprintf_i.o)
                              c:/program files (x86)/gnu tools arm embedded/7 2017-q4-major/bin/../lib/gcc/arm-none-eabi/7.2.1/../../../../arm-none-eabi/lib/thumb/v7e-m/fpv4-sp/hard\libc_nano.a(lib_a-nano-vfprintf_float.o) (_printf_common)
c:/program files (x86)/gnu tools arm embedded/7 2017-q4-major/bin/../lib/gcc/arm-none-eabi/7.2.1/../../../../arm-none-eabi/lib/thumb/v7e-m/fpv4-sp/hard\libc_nano.a(lib_a-printf.o)
                              build/spi.o (printf)
c:/program files (x86)/gnu tools arm embedded/7 2017-q4-major/bin/../lib/gcc/arm-none-eabi/7.2.1/../../../../arm-none-eabi/lib/thumb/v7e-m/fpv4-sp/hard\libc_nano.a(lib_a-putchar.o)
                              build/maze_info.o (putchar)
c:/program files (x86)/gnu tools arm embedded/7 2017-q4-major/bin/../lib/gcc/arm-none-eabi/7.2.1/../../../../arm-none-eabi/lib/thumb/v7e-m/fpv4-sp/hard\libc_nano.a(lib_a-puts.o)
                              build/maze_info.o (puts)
c:/program files (x86)/gnu tools arm embedded/7 2017-q4-major/bin/../lib/gcc/arm-none-eabi/7.2.1/../../../../arm-none-eabi/lib/thumb/v7e-m/fpv4-sp/hard\libc_nano.a(lib_a-setbuf.o)
                              build/main.o (setbuf)
c:/program files (x86)/gnu tools arm embedded/7 2017-q4-major/bin/../lib/gcc/arm-none-eabi/7.2.1/../../../../arm-none-eabi/lib/thumb/v7e-m/fpv4-sp/hard\libc_nano.a(lib_a-setvbuf.o)
                              c:/program files (x86)/gnu tools arm embedded/7 2017-q4-major/bin/../lib/gcc/arm-none-eabi/7.2.1/../../../../arm-none-eabi/lib/thumb/v7e-m/fpv4-sp/hard\libc_nano.a(lib_a-setbuf.o) (setvbuf)
c:/program files (x86)/gnu tools arm embedded/7 2017-q4-major/bin/../lib/gcc/arm-none-eabi/7.2.1/../../../../arm-none-eabi/lib/thumb/v7e-m/fpv4-sp/hard\libc_nano.a(lib_a-strlen.o)
                              c:/program files (x86)/gnu tools arm embedded/7 2017-q4-major/bin/../lib/gcc/arm-none-eabi/7.2.1/../../../../arm-none-eabi/lib/thumb/v7e-m/fpv4-sp/hard\libc_nano.a(lib_a-nano-vfprintf_float.o) (strlen)
c:/program files (x86)/gnu tools arm embedded/7 2017-q4-major/bin/../lib/gcc/arm-none-eabi/7.2.1/../../../../arm-none-eabi/lib/thumb/v7e-m/fpv4-sp/hard\libc_nano.a(lib_a-wbuf.o)
                              c:/program files (x86)/gnu tools arm embedded/7 2017-q4-major/bin/../lib/gcc/arm-none-eabi/7.2.1/../../../../arm-none-eabi/lib/thumb/v7e-m/fpv4-sp/hard\libc_nano.a(lib_a-puts.o) (__swbuf_r)
[...]
Memory Configuration

Name             Origin             Length             Attributes
RAM              0x20000000         0x00020000         xrw
CCMRAM           0x10000000         0x00010000         rw
FLASH            0x08000000         0x000e0000         xr
DATA             0x080e0000         0x00020000         xr
*default*        0x00000000         0xffffffff

Linker script and memory map

LOAD c:/program files (x86)/gnu tools arm embedded/7 2017-q4-major/bin/../lib/gcc/arm-none-eabi/7.2.1/thumb/v7e-m/fpv4-sp/hard/crti.o
LOAD c:/program files (x86)/gnu tools arm embedded/7 2017-q4-major/bin/../lib/gcc/arm-none-eabi/7.2.1/thumb/v7e-m/fpv4-sp/hard/crtbegin.o
LOAD c:/program files (x86)/gnu tools arm embedded/7 2017-q4-major/bin/../lib/gcc/arm-none-eabi/7.2.1/../../../../arm-none-eabi/lib/thumb/v7e-m/fpv4-sp/hard/crt0.o
LOAD build/stm32f4xx_hal_cortex.o
LOAD build/gpio.o
LOAD build/stm32f4xx_hal_dma.o
LOAD build/stm32f4xx_hal_flash_ramfunc.o
LOAD build/stm32f4xx_it.o
LOAD build/spi.o
LOAD build/stm32f4xx_hal_msp.o
LOAD build/stm32f4xx_hal_spi.o
LOAD build/adc.o
LOAD build/stm32f4xx_hal_adc_ex.o
LOAD build/stm32f4xx_hal_uart.o
LOAD build/main.o
LOAD build/stm32f4xx_hal_tim.o
LOAD build/stm32f4xx_hal_gpio.o
LOAD build/stm32f4xx_hal_pwr_ex.o
LOAD build/stm32f4xx_hal_pwr.o
LOAD build/stm32f4xx_hal_rcc.o
LOAD build/stm32f4xx_hal_dma_ex.o
LOAD build/tim.o
LOAD build/stm32f4xx_hal_flash_ex.o
LOAD build/stm32f4xx_hal_rcc_ex.o
LOAD build/system_stm32f4xx.o
LOAD build/usart.o
LOAD build/stm32f4xx_hal.o
LOAD build/dma.o
LOAD build/stm32f4xx_hal_tim_ex.o
LOAD build/stm32f4xx_hal_adc.o
LOAD build/stm32f4xx_hal_flash.o
LOAD build/syscalls.o
LOAD build/filter.o
LOAD build/flash.o
LOAD build/interface.o
LOAD build/mode.o
LOAD build/control.o
LOAD build/maze_info.o
LOAD build/maze_analysis.o
LOAD build/motion.o
LOAD build/motion_plan.o
LOAD build/startup_stm32f405xx.o
LOAD c:/program files (x86)/gnu tools arm embedded/7 2017-q4-major/bin/../lib/gcc/arm-none-eabi/7.2.1/../../../../arm-none-eabi/lib/thumb/v7e-m/fpv4-sp/hard\libc_nano.a
LOAD c:/program files (x86)/gnu tools arm embedded/7 2017-q4-major/bin/../lib/gcc/arm-none-eabi/7.2.1/../../../../arm-none-eabi/lib/thumb/v7e-m/fpv4-sp/hard\libm.a
LOAD c:/program files (x86)/gnu tools arm embedded/7 2017-q4-major/bin/../lib/gcc/arm-none-eabi/7.2.1/../../../../arm-none-eabi/lib/thumb/v7e-m/fpv4-sp/hard\libnosys.a
LOAD Drivers/CMSIS/Lib/GCC/\libarm_cortexM4lf_math.a
START GROUP
LOAD c:/program files (x86)/gnu tools arm embedded/7 2017-q4-major/bin/../lib/gcc/arm-none-eabi/7.2.1/thumb/v7e-m/fpv4-sp/hard\libgcc.a
LOAD c:/program files (x86)/gnu tools arm embedded/7 2017-q4-major/bin/../lib/gcc/arm-none-eabi/7.2.1/../../../../arm-none-eabi/lib/thumb/v7e-m/fpv4-sp/hard\libc_nano.a
END GROUP
START GROUP
LOAD c:/program files (x86)/gnu tools arm embedded/7 2017-q4-major/bin/../lib/gcc/arm-none-eabi/7.2.1/thumb/v7e-m/fpv4-sp/hard\libgcc.a
LOAD c:/program files (x86)/gnu tools arm embedded/7 2017-q4-major/bin/../lib/gcc/arm-none-eabi/7.2.1/../../../../arm-none-eabi/lib/thumb/v7e-m/fpv4-sp/hard\libc_nano.a
END GROUP
LOAD c:/program files (x86)/gnu tools arm embedded/7 2017-q4-major/bin/../lib/gcc/arm-none-eabi/7.2.1/thumb/v7e-m/fpv4-sp/hard/crtend.o
LOAD c:/program files (x86)/gnu tools arm embedded/7 2017-q4-major/bin/../lib/gcc/arm-none-eabi/7.2.1/thumb/v7e-m/fpv4-sp/hard/crtn.o
                0x20020000                _estack = 0x20020000
                0x00000200                _Min_Heap_Size = 0x200
                0x00000400                _Min_Stack_Size = 0x400

.isr_vector     0x08000000      0x188
                0x08000000                . = ALIGN (0x4)
 *(.isr_vector)
 .isr_vector    0x08000000      0x188 build/startup_stm32f405xx.o
                0x08000000                g_pfnVectors
                0x08000188                . = ALIGN (0x4)

.text           0x08000190     0x9480
                0x08000190                . = ALIGN (0x4)
 *(.text)
 .text          0x08000190       0x40 c:/program files (x86)/gnu tools arm embedded/7 2017-q4-major/bin/../lib/gcc/arm-none-eabi/7.2.1/thumb/v7e-m/fpv4-sp/hard/crtbegin.o
 .text          0x080001d0       0x10 c:/program files (x86)/gnu tools arm embedded/7 2017-q4-major/bin/../lib/gcc/arm-none-eabi/7.2.1/../../../../arm-none-eabi/lib/thumb/v7e-m/fpv4-sp/hard\libc_nano.a(lib_a-strlen.o)
                0x080001d0                strlen
 .text          0x080001e0       0xa0 c:/program files (x86)/gnu tools arm embedded/7 2017-q4-major/bin/../lib/gcc/arm-none-eabi/7.2.1/../../../../arm-none-eabi/lib/thumb/v7e-m/fpv4-sp/hard\libc_nano.a(lib_a-memchr.o)
                0x080001e0                memchr
 .text          0x08000280      0x378 c:/program files (x86)/gnu tools arm embedded/7 2017-q4-major/bin/../lib/gcc/arm-none-eabi/7.2.1/thumb/v7e-m/fpv4-sp/hard\libgcc.a(_arm_addsubdf3.o)
                0x08000280                __aeabi_drsub
                0x08000288                __aeabi_dsub
                0x08000288                __subdf3
                0x0800028c                __aeabi_dadd
                0x0800028c                __adddf3
                0x08000504                __floatunsidf
                0x08000504                __aeabi_ui2d
                0x08000524                __floatsidf
                0x08000524                __aeabi_i2d
                0x08000548                __aeabi_f2d
                0x08000548                __extendsfdf2
                0x0800058c                __floatundidf
                0x0800058c                __aeabi_ul2d
                0x0800059c                __floatdidf
                0x0800059c                __aeabi_l2d
 .text          0x080005f8      0x424 c:/program files (x86)/gnu tools arm embedded/7 2017-q4-major/bin/../lib/gcc/arm-none-eabi/7.2.1/thumb/v7e-m/fpv4-sp/hard\libgcc.a(_arm_muldivdf3.o)
                0x080005f8                __aeabi_dmul
                0x080005f8                __muldf3
                0x0800084c                __divdf3
                0x0800084c                __aeabi_ddiv
 .text          0x08000a1c      0x110 c:/program files (x86)/gnu tools arm embedded/7 2017-q4-major/bin/../lib/gcc/arm-none-eabi/7.2.1/thumb/v7e-m/fpv4-sp/hard\libgcc.a(_arm_cmpdf2.o)
                0x08000a1c                __gtdf2
                0x08000a1c                __gedf2
                0x08000a24                __ltdf2
                0x08000a24                __ledf2
                0x08000a2c                __nedf2
                0x08000a2c                __eqdf2
                0x08000a2c                __cmpdf2
                0x08000aa8                __aeabi_cdrcmple
                0x08000ab8                __aeabi_cdcmpeq
                0x08000ab8                __aeabi_cdcmple
                0x08000ac8                __aeabi_dcmpeq
                0x08000adc                __aeabi_dcmplt
                0x08000af0                __aeabi_dcmple
                0x08000b04                __aeabi_dcmpge
                0x08000b18                __aeabi_dcmpgt
 .text          0x08000b2c       0x2c c:/program files (x86)/gnu tools arm embedded/7 2017-q4-major/bin/../lib/gcc/arm-none-eabi/7.2.1/thumb/v7e-m/fpv4-sp/hard\libgcc.a(_arm_unorddf2.o)
                0x08000b2c                __unorddf2
                0x08000b2c                __aeabi_dcmpun
 .text          0x08000b58       0x50 c:/program files (x86)/gnu tools arm embedded/7 2017-q4-major/bin/../lib/gcc/arm-none-eabi/7.2.1/thumb/v7e-m/fpv4-sp/hard\libgcc.a(_arm_fixdfsi.o)
                0x08000b58                __aeabi_d2iz
                0x08000b58                __fixdfsi
 .text          0x08000ba8       0xa0 c:/program files (x86)/gnu tools arm embedded/7 2017-q4-major/bin/../lib/gcc/arm-none-eabi/7.2.1/thumb/v7e-m/fpv4-sp/hard\libgcc.a(_arm_truncdfsf2.o)
                0x08000ba8                __truncdfsf2
                0x08000ba8                __aeabi_d2f
 .text          0x08000c48       0x30 c:/program files (x86)/gnu tools arm embedded/7 2017-q4-major/bin/../lib/gcc/arm-none-eabi/7.2.1/thumb/v7e-m/fpv4-sp/hard\libgcc.a(_aeabi_uldivmod.o)
                0x08000c48                __aeabi_uldivmod
 .text          0x08000c78      0x2cc c:/program files (x86)/gnu tools arm embedded/7 2017-q4-major/bin/../lib/gcc/arm-none-eabi/7.2.1/thumb/v7e-m/fpv4-sp/hard\libgcc.a(_udivmoddi4.o)
                0x08000c78                __udivmoddi4
 .text          0x08000f44        0x4 c:/program files (x86)/gnu tools arm embedded/7 2017-q4-major/bin/../lib/gcc/arm-none-eabi/7.2.1/thumb/v7e-m/fpv4-sp/hard\libgcc.a(_dvmd_tls.o)
                0x08000f44                __aeabi_idiv0
                0x08000f44                __aeabi_ldiv0
 *(.text*)
 .text.HAL_NVIC_SetPriorityGrouping
                0x08000f48       0x24 build/stm32f4xx_hal_cortex.o
                0x08000f48                HAL_NVIC_SetPriorityGrouping
 .text.HAL_NVIC_SetPriority
                0x08000f6c       0x68 build/stm32f4xx_hal_cortex.o
                0x08000f6c                HAL_NVIC_SetPriority
 .text.HAL_NVIC_EnableIRQ
                0x08000fd4       0x18 build/stm32f4xx_hal_cortex.o
                0x08000fd4                HAL_NVIC_EnableIRQ
 .text.HAL_SYSTICK_Config
                0x08000fec       0x2c build/stm32f4xx_hal_cortex.o
                0x08000fec                HAL_SYSTICK_Config
 .text.HAL_SYSTICK_CLKSourceConfig
                0x08001018       0x20 build/stm32f4xx_hal_cortex.o
                0x08001018                HAL_SYSTICK_CLKSourceConfig
 .text.HAL_SYSTICK_Callback
                0x08001038        0x2 build/stm32f4xx_hal_cortex.o
                0x08001038                HAL_SYSTICK_Callback
 .text.HAL_SYSTICK_IRQHandler
                0x0800103a        0x8 build/stm32f4xx_hal_cortex.o
                0x0800103a                HAL_SYSTICK_IRQHandler
 *fill*         0x08001042        0x2 
 .text.MX_GPIO_Init
                0x08001044       0xc4 build/gpio.o
                0x08001044                MX_GPIO_Init
 .text.DMA_SetConfig
                0x08001108       0x2c build/stm32f4xx_hal_dma.o
 .text.DMA_CalcBaseAndBitshift
                0x08001134       0x3c build/stm32f4xx_hal_dma.o
 .text.DMA_CheckFifoParam
                0x08001170       0x8e build/stm32f4xx_hal_dma.o
 *fill*         0x080011fe        0x2 
 .text.HAL_DMA_Init
                0x08001200       0xcc build/stm32f4xx_hal_dma.o
                0x08001200                HAL_DMA_Init
 .text.HAL_DMA_Start_IT
                0x080012cc       0x74 build/stm32f4xx_hal_dma.o
                0x080012cc                HAL_DMA_Start_IT
 .text.HAL_DMA_Abort
                0x08001340       0x94 build/stm32f4xx_hal_dma.o
                0x08001340                HAL_DMA_Abort
 .text.HAL_DMA_IRQHandler
                0x080013d4      0x1dc build/stm32f4xx_hal_dma.o
                0x080013d4                HAL_DMA_IRQHandler
 .text.NMI_Handler
                0x080015b0        0x2 build/stm32f4xx_it.o
                0x080015b0                NMI_Handler
 .text.HardFault_Handler
                0x080015b2        0x2 build/stm32f4xx_it.o
                0x080015b2                HardFault_Handler
 .text.MemManage_Handler
                0x080015b4        0x2 build/stm32f4xx_it.o
                0x080015b4                MemManage_Handler
 .text.BusFault_Handler
                0x080015b6        0x2 build/stm32f4xx_it.o
                0x080015b6                BusFault_Handler
 .text.UsageFault_Handler
                0x080015b8        0x2 build/stm32f4xx_it.o
                0x080015b8                UsageFault_Handler
 .text.SVC_Handler
                0x080015ba        0x2 build/stm32f4xx_it.o
                0x080015ba                SVC_Handler
 .text.DebugMon_Handler
                0x080015bc        0x2 build/stm32f4xx_it.o
                0x080015bc                DebugMon_Handler
 .text.PendSV_Handler
                0x080015be        0x2 build/stm32f4xx_it.o
                0x080015be                PendSV_Handler
 .text.SysTick_Handler
                0x080015c0       0x1c build/stm32f4xx_it.o
                0x080015c0                SysTick_Handler
 .text.DMA2_Stream0_IRQHandler
                0x080015dc       0x10 build/stm32f4xx_it.o
                0x080015dc                DMA2_Stream0_IRQHandler
 .text.HAL_ADC_ConvHalfCpltCallback
                0x080015ec        0x8 build/stm32f4xx_it.o
                0x080015ec                HAL_ADC_ConvHalfCpltCallback
 .text.MX_SPI2_Init
                0x080015f4       0x48 build/spi.o
                0x080015f4                MX_SPI2_Init
 .text.HAL_SPI_MspInit
                0x0800163c       0x54 build/spi.o
                0x0800163c                HAL_SPI_MspInit
 .text.read_byte
                0x08001690       0x54 build/spi.o
                0x08001690                read_byte
 .text.read_shift_byte
                0x080016e4       0x5c build/spi.o
                0x080016e4                read_shift_byte
 .text.write_byte
                0x08001740       0x54 build/spi.o
                0x08001740                write_byte
 .text.set_mpu6500
                0x08001794       0x38 build/spi.o
                0x08001794                set_mpu6500
 .text.get_gyro
                0x080017cc       0x24 build/spi.o
                0x080017cc                get_gyro
 .text.gyro_offset_calc
                0x080017f0       0x54 build/spi.o
                0x080017f0                gyro_offset_calc
 .text.Update_gyro
                0x08001844       0x68 build/spi.o
                0x08001844                Update_gyro
 .text.gyro_offset_calc_reset
                0x080018ac       0x1c build/spi.o
                0x080018ac                gyro_offset_calc_reset
 .text.HAL_MspInit
                0x080018c8       0x5e build/stm32f4xx_hal_msp.o
                0x080018c8                HAL_MspInit
 .text.SPI_WaitFlagStateUntilTimeout
                0x08001926       0x96 build/stm32f4xx_hal_spi.o
 .text.SPI_CheckFlag_BSY
                0x080019bc       0x28 build/stm32f4xx_hal_spi.o
 .text.HAL_SPI_Init
                0x080019e4       0x80 build/stm32f4xx_hal_spi.o
                0x080019e4                HAL_SPI_Init
 .text.HAL_SPI_Transmit
                0x08001a64      0x1a6 build/stm32f4xx_hal_spi.o
                0x08001a64                HAL_SPI_Transmit
 .text.HAL_SPI_TransmitReceive
                0x08001c0a      0x238 build/stm32f4xx_hal_spi.o
                0x08001c0a                HAL_SPI_TransmitReceive
 .text.HAL_SPI_Receive
                0x08001e42      0x168 build/stm32f4xx_hal_spi.o
                0x08001e42                HAL_SPI_Receive
 *fill*         0x08001faa        0x2 
 .text.MX_ADC1_Init
                0x08001fac       0xcc build/adc.o
                0x08001fac                MX_ADC1_Init
 .text.MX_ADC2_Init
                0x08002078       0x70 build/adc.o
                0x08002078                MX_ADC2_Init
 .text.HAL_ADC_MspInit
                0x080020e8       0xcc build/adc.o
                0x080020e8                HAL_ADC_MspInit
 .text.UART_SetConfig
                0x080021b4      0x334 build/stm32f4xx_hal_uart.o
 .text.UART_WaitOnFlagUntilTimeout
                0x080024e8       0x62 build/stm32f4xx_hal_uart.o
 .text.HAL_UART_Init
                0x0800254a       0x5e build/stm32f4xx_hal_uart.o
                0x0800254a                HAL_UART_Init
 .text.HAL_UART_Transmit
                0x080025a8       0xe0 build/stm32f4xx_hal_uart.o
                0x080025a8                HAL_UART_Transmit
 .text.__io_putchar
                0x08002688       0x20 build/main.o
                0x08002688                __io_putchar
 .text.Main_Init
                0x080026a8       0x5c build/main.o
                0x080026a8                Main_Init
 .text._Error_Handler
                0x08002704        0x2 build/main.o
                0x08002704                _Error_Handler
 *fill*         0x08002706        0x2 
 .text.SystemClock_Config
                0x08002708       0xbc build/main.o
                0x08002708                SystemClock_Config
 .text.main     0x080027c4       0x40 build/main.o
                0x080027c4                main
 .text.TIM_OC1_SetConfig
                0x08002804       0x5c build/stm32f4xx_hal_tim.o
 .text.TIM_OC3_SetConfig
                0x08002860       0x60 build/stm32f4xx_hal_tim.o
 .text.TIM_OC4_SetConfig
                0x080028c0       0x50 build/stm32f4xx_hal_tim.o
 .text.TIM_Base_SetConfig
                0x08002910       0xc0 build/stm32f4xx_hal_tim.o
                0x08002910                TIM_Base_SetConfig
 .text.HAL_TIM_PWM_Init
                0x080029d0       0x32 build/stm32f4xx_hal_tim.o
                0x080029d0                HAL_TIM_PWM_Init
 .text.HAL_TIM_Encoder_Init
                0x08002a02       0x98 build/stm32f4xx_hal_tim.o
                0x08002a02                HAL_TIM_Encoder_Init
 *fill*         0x08002a9a        0x2 
 .text.TIM_OC2_SetConfig
                0x08002a9c       0x64 build/stm32f4xx_hal_tim.o
                0x08002a9c                TIM_OC2_SetConfig
 .text.HAL_TIM_PWM_ConfigChannel
                0x08002b00       0xdc build/stm32f4xx_hal_tim.o
                0x08002b00                HAL_TIM_PWM_ConfigChannel
 .text.TIM_CCxChannelCmd
                0x08002bdc       0x1e build/stm32f4xx_hal_tim.o
                0x08002bdc                TIM_CCxChannelCmd
 *fill*         0x08002bfa        0x2 
 .text.HAL_TIM_PWM_Start
                0x08002bfc       0x38 build/stm32f4xx_hal_tim.o
                0x08002bfc                HAL_TIM_PWM_Start
 .text.HAL_TIM_Encoder_Start
                0x08002c34       0x44 build/stm32f4xx_hal_tim.o
                0x08002c34                HAL_TIM_Encoder_Start
 .text.HAL_GPIO_Init
                0x08002c78      0x1c8 build/stm32f4xx_hal_gpio.o
                0x08002c78                HAL_GPIO_Init
 .text.HAL_GPIO_ReadPin
                0x08002e40        0xe build/stm32f4xx_hal_gpio.o
                0x08002e40                HAL_GPIO_ReadPin
 .text.HAL_GPIO_WritePin
                0x08002e4e        0xc build/stm32f4xx_hal_gpio.o
                0x08002e4e                HAL_GPIO_WritePin
 *fill*         0x08002e5a        0x2 
 .text.HAL_RCC_OscConfig
                0x08002e5c      0x398 build/stm32f4xx_hal_rcc.o
                0x08002e5c                HAL_RCC_OscConfig
 .text.HAL_RCC_GetSysClockFreq
                0x080031f4       0xa8 build/stm32f4xx_hal_rcc.o
                0x080031f4                HAL_RCC_GetSysClockFreq
 .text.HAL_RCC_ClockConfig
                0x0800329c      0x158 build/stm32f4xx_hal_rcc.o
                0x0800329c                HAL_RCC_ClockConfig
 .text.HAL_RCC_GetHCLKFreq
                0x080033f4        0xc build/stm32f4xx_hal_rcc.o
                0x080033f4                HAL_RCC_GetHCLKFreq
 .text.HAL_RCC_GetPCLK1Freq
                0x08003400       0x20 build/stm32f4xx_hal_rcc.o
                0x08003400                HAL_RCC_GetPCLK1Freq
 .text.HAL_RCC_GetPCLK2Freq
                0x08003420       0x20 build/stm32f4xx_hal_rcc.o
                0x08003420                HAL_RCC_GetPCLK2Freq
 .text.MX_TIM3_Init
                0x08003440       0x6c build/tim.o
                0x08003440                MX_TIM3_Init
 .text.MX_TIM4_Init
                0x080034ac       0x6c build/tim.o
                0x080034ac                MX_TIM4_Init
 .text.HAL_TIM_PWM_MspInit
                0x08003518       0x50 build/tim.o
                0x08003518                HAL_TIM_PWM_MspInit
 .text.HAL_TIM_Encoder_MspInit
                0x08003568       0x8c build/tim.o
                0x08003568                HAL_TIM_Encoder_MspInit
 .text.HAL_TIM_MspPostInit
                0x080035f4       0x5c build/tim.o
                0x080035f4                HAL_TIM_MspPostInit
 .text.MX_TIM1_Init
                0x08003650       0xf8 build/tim.o
                0x08003650                MX_TIM1_Init
 .text.MX_TIM2_Init
                0x08003748       0x7c build/tim.o
                0x08003748                MX_TIM2_Init
 .text.Buzzer_pwm
                0x080037c4       0x7c build/tim.o
                0x080037c4                Buzzer_pwm
 .text.Motor_pwm
                0x08003840      0x1a0 build/tim.o
                0x08003840                Motor_pwm
 .text.Tim_UpdateEncoder
                0x080039e0       0x88 build/tim.o
                0x080039e0                Tim_UpdateEncoder
 .text.FLASH_MassErase
                0x08003a68       0x24 build/stm32f4xx_hal_flash_ex.o
 .text.FLASH_Erase_Sector
                0x08003a8c       0x58 build/stm32f4xx_hal_flash_ex.o
                0x08003a8c                FLASH_Erase_Sector
 .text.FLASH_FlushCaches
                0x08003ae4       0x60 build/stm32f4xx_hal_flash_ex.o
                0x08003ae4                FLASH_FlushCaches
 .text.HAL_FLASHEx_Erase
                0x08003b44       0x94 build/stm32f4xx_hal_flash_ex.o
                0x08003b44                HAL_FLASHEx_Erase
 .text.SystemInit
                0x08003bd8       0x4c build/system_stm32f4xx.o
                0x08003bd8                SystemInit
 .text.MX_USART3_UART_Init
                0x08003c24       0x3c build/usart.o
                0x08003c24                MX_USART3_UART_Init
 .text.HAL_UART_MspInit
                0x08003c60       0x58 build/usart.o
                0x08003c60                HAL_UART_MspInit
 .text.HAL_InitTick
                0x08003cb8       0x4c build/stm32f4xx_hal.o
                0x08003cb8                HAL_InitTick
 .text.HAL_Init
                0x08003d04       0x34 build/stm32f4xx_hal.o
                0x08003d04                HAL_Init
 .text.HAL_IncTick
                0x08003d38       0x18 build/stm32f4xx_hal.o
                0x08003d38                HAL_IncTick
 .text.HAL_GetTick
                0x08003d50        0xc build/stm32f4xx_hal.o
                0x08003d50                HAL_GetTick
 .text.HAL_Delay
                0x08003d5c       0x28 build/stm32f4xx_hal.o
                0x08003d5c                HAL_Delay
 .text.MX_DMA_Init
                0x08003d84       0x34 build/dma.o
                0x08003d84                MX_DMA_Init
 .text.HAL_TIMEx_MasterConfigSynchronization
                0x08003db8       0x52 build/stm32f4xx_hal_tim_ex.o
                0x08003db8                HAL_TIMEx_MasterConfigSynchronization
 .text.HAL_TIMEx_ConfigBreakDeadTime
                0x08003e0a       0x58 build/stm32f4xx_hal_tim_ex.o
                0x08003e0a                HAL_TIMEx_ConfigBreakDeadTime
 *fill*         0x08003e62        0x2 
 .text.ADC_Init
                0x08003e64      0x130 build/stm32f4xx_hal_adc.o
 .text.HAL_ADC_Init
                0x08003f94       0x54 build/stm32f4xx_hal_adc.o
                0x08003f94                HAL_ADC_Init
 .text.HAL_ADC_Start
                0x08003fe8       0xf8 build/stm32f4xx_hal_adc.o
                0x08003fe8                HAL_ADC_Start
 .text.HAL_ADC_Stop
                0x080040e0       0x40 build/stm32f4xx_hal_adc.o
                0x080040e0                HAL_ADC_Stop
 .text.HAL_ADC_PollForConversion
                0x08004120       0xb6 build/stm32f4xx_hal_adc.o
                0x08004120                HAL_ADC_PollForConversion
 *fill*         0x080041d6        0x2 
 .text.HAL_ADC_Start_DMA
                0x080041d8      0x144 build/stm32f4xx_hal_adc.o
                0x080041d8                HAL_ADC_Start_DMA
 .text.HAL_ADC_Stop_DMA
                0x0800431c       0x5e build/stm32f4xx_hal_adc.o
                0x0800431c                HAL_ADC_Stop_DMA
 .text.HAL_ADC_GetValue
                0x0800437a        0x6 build/stm32f4xx_hal_adc.o
                0x0800437a                HAL_ADC_GetValue
 .text.HAL_ADC_ConvCpltCallback
                0x08004380        0x2 build/stm32f4xx_hal_adc.o
                0x08004380                HAL_ADC_ConvCpltCallback
 .text.ADC_DMAConvCplt
                0x08004382       0x62 build/stm32f4xx_hal_adc.o
 .text.ADC_DMAHalfConvCplt
                0x080043e4        0xa build/stm32f4xx_hal_adc.o
 .text.HAL_ADC_ErrorCallback
                0x080043ee        0x2 build/stm32f4xx_hal_adc.o
                0x080043ee                HAL_ADC_ErrorCallback
 .text.ADC_DMAError
                0x080043f0       0x16 build/stm32f4xx_hal_adc.o
 *fill*         0x08004406        0x2 
 .text.HAL_ADC_ConfigChannel
                0x08004408      0x190 build/stm32f4xx_hal_adc.o
                0x08004408                HAL_ADC_ConfigChannel
 .text.FLASH_Program_DoubleWord
                0x08004598       0x2c build/stm32f4xx_hal_flash.o
 .text.FLASH_Program_Word
                0x080045c4       0x24 build/stm32f4xx_hal_flash.o
 .text.FLASH_Program_HalfWord
                0x080045e8       0x24 build/stm32f4xx_hal_flash.o
 .text.FLASH_Program_Byte
                0x0800460c       0x20 build/stm32f4xx_hal_flash.o
 .text.FLASH_SetErrorCode
                0x0800462c       0x8c build/stm32f4xx_hal_flash.o
 .text.HAL_FLASH_Unlock
                0x080046b8       0x30 build/stm32f4xx_hal_flash.o
                0x080046b8                HAL_FLASH_Unlock
 .text.HAL_FLASH_Lock
                0x080046e8       0x14 build/stm32f4xx_hal_flash.o
                0x080046e8                HAL_FLASH_Lock
 .text.FLASH_WaitForLastOperation
                0x080046fc       0x64 build/stm32f4xx_hal_flash.o
                0x080046fc                FLASH_WaitForLastOperation
 .text.HAL_FLASH_Program
                0x08004760       0x80 build/stm32f4xx_hal_flash.o
                0x08004760                HAL_FLASH_Program
 .text._read    0x080047e0       0x1c build/syscalls.o
                0x080047e0                _read
 .text._write   0x080047fc       0x1c build/syscalls.o
                0x080047fc                _write
 .text._sbrk    0x08004818       0x3c build/syscalls.o
                0x08004818                _sbrk
 .text._close   0x08004854        0x6 build/syscalls.o
                0x08004854                _close
 .text._fstat   0x0800485a        0xa build/syscalls.o
                0x0800485a                _fstat
 .text._isatty  0x08004864        0x4 build/syscalls.o
                0x08004864                _isatty
 .text._lseek   0x08004868        0x4 build/syscalls.o
                0x08004868                _lseek
 .text.setSensorConstant
                0x0800486c       0x38 build/filter.o
                0x0800486c                setSensorConstant
 .text.update_sensor_data
                0x080048a4       0x80 build/filter.o
                0x080048a4                update_sensor_data
 .text.adcStart
                0x08004924       0x20 build/filter.o
                0x08004924                adcStart
 .text.adcCheckConvert
                0x08004944       0x58 build/filter.o
                0x08004944                adcCheckConvert
 .text.getADSensor
                0x0800499c      0x174 build/filter.o
                0x0800499c                getADSensor
 .text.Filter_GetBatt
                0x08004b10       0xa0 build/filter.o
                0x08004b10                Filter_GetBatt
 .text.eraseFlash
                0x08004bb0       0x26 build/flash.o
                0x08004bb0                eraseFlash
 .text.writeFlash
                0x08004bd6       0x2e build/flash.o
                0x08004bd6                writeFlash
 .text.loadFlash
                0x08004c04        0xe build/flash.o
                0x08004c04                loadFlash
 *fill*         0x08004c12        0x2 
 .text.writeMaze
                0x08004c14       0x18 build/flash.o
                0x08004c14                writeMaze
 .text.loadMaze
                0x08004c2c       0x18 build/flash.o
                0x08004c2c                loadMaze
 .text.Output_Buzzer
                0x08004c44       0x1a build/interface.o
                0x08004c44                Output_Buzzer
 *fill*         0x08004c5e        0x2 
 .text.Push     0x08004c60       0x24 build/interface.o
                0x08004c60                Push
 .text.All_LED_OFF
                0x08004c84       0x38 build/interface.o
                0x08004c84                All_LED_OFF
 .text.LED_Control
                0x08004cbc       0x90 build/interface.o
                0x08004cbc                LED_Control
 .text.Mode_Select
                0x08004d4c       0xbc build/mode.o
                0x08004d4c                Mode_Select
 .text.Mode_Sensor_Check
                0x08004e08       0xcc build/mode.o
                0x08004e08                Mode_Sensor_Check
 .text.Mode_Run
                0x08004ed4       0x46 build/mode.o
                0x08004ed4                Mode_Run
 *fill*         0x08004f1a        0x2 
 .text.Mode_Adjust
                0x08004f1c       0x6c build/mode.o
                0x08004f1c                Mode_Adjust
 .text.Mode_Mouse
                0x08004f88       0xd8 build/mode.o
                0x08004f88                Mode_Mouse
 .text.PID_value
                0x08005060       0x78 build/control.o
                0x08005060                PID_value
 .text.Straight_Calc_fb
                0x080050d8       0xf8 build/control.o
                0x080050d8                Straight_Calc_fb
 .text.Yawrate_Calc_fb
                0x080051d0       0xf8 build/control.o
                0x080051d0                Yawrate_Calc_fb
 .text.Control_encoder
                0x080052c8       0xfc build/control.o
                0x080052c8                Control_encoder
 .text.Control_Side_Wall
                0x080053c4      0x120 build/control.o
                0x080053c4                Control_Side_Wall
 *fill*         0x080054e4        0x4 
 .text.Control_gyro
                0x080054e8      0x11c build/control.o
                0x080054e8                Control_gyro
 .text.Control_pwm
                0x08005604       0x44 build/control.o
                0x08005604                Control_pwm
 .text.Maze_Set
                0x08005648       0x10 build/maze_info.o
                0x08005648                Maze_Set
 .text.Maze_Init
                0x08005658       0x7c build/maze_info.o
                0x08005658                Maze_Init
 .text.Maze_Get_Wall
                0x080056d4      0x110 build/maze_info.o
                0x080056d4                Maze_Get_Wall
 .text.Maze_Printf
                0x080057e4       0xd4 build/maze_info.o
                0x080057e4                Maze_Printf
 .text.Que_initialize
                0x080058b8       0x22 build/maze_analysis.o
                0x080058b8                Que_initialize
 .text.enqueue  0x080058da       0x28 build/maze_analysis.o
                0x080058da                enqueue
 .text.dequeue  0x08005902       0x42 build/maze_analysis.o
                0x08005902                dequeue
 .text.Maze_CreateMap
                0x08005944      0x18c build/maze_analysis.o
                0x08005944                Maze_CreateMap
 .text.Maze_CreateAllMap
                0x08005ad0      0x1e4 build/maze_analysis.o
                0x08005ad0                Maze_CreateAllMap
 .text.Maze_CreateFastMap
                0x08005cb4       0x6c build/maze_analysis.o
                0x08005cb4                Maze_CreateFastMap
 .text.Straight_half_accel
                0x08005d20       0x2c build/motion.o
                0x08005d20                Straight_half_accel
 .text.Straight_half_stop
                0x08005d4c       0x4c build/motion.o
                0x08005d4c                Straight_half_stop
 .text.Straight_const
                0x08005d98       0x4c build/motion.o
                0x08005d98                Straight_const
 .text.RightTurn
                0x08005de4       0x2e build/motion.o
                0x08005de4                RightTurn
 .text.U_Turn   0x08005e12       0x2c build/motion.o
                0x08005e12                U_Turn
 *fill*         0x08005e3e        0x2 
 .text.Motion_Start
                0x08005e40       0x4c build/motion.o
                0x08005e40                Motion_Start
 .text.Motion_Straight
                0x08005e8c       0x20 build/motion.o
                0x08005e8c                Motion_Straight
 .text.Motion_Right
                0x08005eac       0x54 build/motion.o
                0x08005eac                Motion_Right
 .text.Motion_Uturn
                0x08005f00       0x54 build/motion.o
                0x08005f00                Motion_Uturn
 .text.Motion_Kabeate
                0x08005f54       0xb4 build/motion.o
                0x08005f54                Motion_Kabeate
 .text.Motion_Goal
                0x08006008       0x28 build/motion.o
                0x08006008                Motion_Goal
 .text.Motion_Restart
                0x08006030       0x90 build/motion.o
                0x08006030                Motion_Restart
 .text.Motion_SlalomLeft
                0x080060c0       0xb0 build/motion.o
                0x080060c0                Motion_SlalomLeft
 .text.Motion_SlalomRight
                0x08006170       0xb4 build/motion.o
                0x08006170                Motion_SlalomRight
 .text.Motion_StartFast
                0x08006224       0x70 build/motion.o
                0x08006224                Motion_StartFast
 .text.Motion_StraightFast
                0x08006294       0x78 build/motion.o
                0x08006294                Motion_StraightFast
 .text.Motion_GoalFast
                0x0800630c       0x78 build/motion.o
                0x0800630c                Motion_GoalFast
 .text.Que_init_motion
                0x08006384       0x18 build/motion_plan.o
                0x08006384                Que_init_motion
 .text.enq_motion
                0x0800639c       0x18 build/motion_plan.o
                0x0800639c                enq_motion
 .text.deq_motion
                0x080063b4       0x10 build/motion_plan.o
                0x080063b4                deq_motion
 .text.Update_Position
                0x080063c4      0x194 build/motion_plan.o
                0x080063c4                Update_Position
 .text.Maze_Next_Motion
                0x08006558      0x300 build/motion_plan.o
                0x08006558                Maze_Next_Motion
 .text.Plan_Adachi
                0x08006858       0xcc build/motion_plan.o
                0x08006858                Plan_Adachi
 .text.Plan_AllSearch
                0x08006924       0xec build/motion_plan.o
                0x08006924                Plan_AllSearch
 .text.Plan_Root
                0x08006a10       0x64 build/motion_plan.o
                0x08006a10                Plan_Root
 .text.Plan_Compress
                0x08006a74      0x108 build/motion_plan.o
                0x08006a74                Plan_Compress
 .text.Plan_Fast
                0x08006b7c       0xac build/motion_plan.o
                0x08006b7c                Plan_Fast
 .text.Reset_Handler
                0x08006c28       0x50 build/startup_stm32f405xx.o
                0x08006c28                Reset_Handler
 .text.Default_Handler
                0x08006c78        0x2 build/startup_stm32f405xx.o
                0x08006c78                RTC_Alarm_IRQHandler
                0x08006c78                HASH_RNG_IRQHandler
                0x08006c78                EXTI2_IRQHandler
                0x08006c78                TIM8_CC_IRQHandler
                0x08006c78                TIM1_CC_IRQHandler
                0x08006c78                DMA2_Stream5_IRQHandler
                0x08006c78                DMA1_Stream5_IRQHandler
                0x08006c78                PVD_IRQHandler
                0x08006c78                SDIO_IRQHandler
                0x08006c78                TAMP_STAMP_IRQHandler
                0x08006c78                CAN2_RX1_IRQHandler
                0x08006c78                EXTI3_IRQHandler
                0x08006c78                TIM8_TRG_COM_TIM14_IRQHandler
                0x08006c78                TIM1_UP_TIM10_IRQHandler
                0x08006c78                TIM8_UP_TIM13_IRQHandler
                0x08006c78                I2C3_ER_IRQHandler
                0x08006c78                EXTI0_IRQHandler
                0x08006c78                I2C2_EV_IRQHandler
                0x08006c78                DMA1_Stream2_IRQHandler
                0x08006c78                CAN1_RX0_IRQHandler
                0x08006c78                FPU_IRQHandler
                0x08006c78                OTG_HS_WKUP_IRQHandler
                0x08006c78                CAN2_SCE_IRQHandler
                0x08006c78                DMA2_Stream2_IRQHandler
                0x08006c78                SPI1_IRQHandler
                0x08006c78                TIM6_DAC_IRQHandler
                0x08006c78                TIM1_BRK_TIM9_IRQHandler
                0x08006c78                CAN2_RX0_IRQHandler
                0x08006c78                DMA2_Stream3_IRQHandler
                0x08006c78                USART6_IRQHandler
                0x08006c78                USART3_IRQHandler
                0x08006c78                CAN1_RX1_IRQHandler
                0x08006c78                UART5_IRQHandler
                0x08006c78                TIM4_IRQHandler
                0x08006c78                I2C1_EV_IRQHandler
                0x08006c78                DMA1_Stream6_IRQHandler
                0x08006c78                DMA1_Stream1_IRQHandler
                0x08006c78                UART4_IRQHandler
                0x08006c78                TIM3_IRQHandler
                0x08006c78                RCC_IRQHandler
                0x08006c78                TIM8_BRK_TIM12_IRQHandler
                0x08006c78                Default_Handler
                0x08006c78                EXTI15_10_IRQHandler
                0x08006c78                ADC_IRQHandler
                0x08006c78                DMA1_Stream7_IRQHandler
                0x08006c78                TIM7_IRQHandler
                0x08006c78                CAN2_TX_IRQHandler
                0x08006c78                TIM5_IRQHandler
                0x08006c78                DMA2_Stream7_IRQHandler
                0x08006c78                I2C3_EV_IRQHandler
                0x08006c78                EXTI9_5_IRQHandler
                0x08006c78                RTC_WKUP_IRQHandler
                0x08006c78                SPI2_IRQHandler
                0x08006c78                OTG_HS_EP1_IN_IRQHandler
                0x08006c78                DMA1_Stream0_IRQHandler
                0x08006c78                CAN1_TX_IRQHandler
                0x08006c78                EXTI4_IRQHandler
                0x08006c78                FSMC_IRQHandler
                0x08006c78                OTG_HS_EP1_OUT_IRQHandler
                0x08006c78                WWDG_IRQHandler
                0x08006c78                TIM2_IRQHandler
                0x08006c78                OTG_FS_WKUP_IRQHandler
                0x08006c78                TIM1_TRG_COM_TIM11_IRQHandler
                0x08006c78                OTG_HS_IRQHandler
                0x08006c78                EXTI1_IRQHandler
                0x08006c78                USART2_IRQHandler
                0x08006c78                I2C2_ER_IRQHandler
                0x08006c78                DMA2_Stream1_IRQHandler
                0x08006c78                CAN1_SCE_IRQHandler
                0x08006c78                FLASH_IRQHandler
                0x08006c78                DMA2_Stream4_IRQHandler
                0x08006c78                USART1_IRQHandler
                0x08006c78                OTG_FS_IRQHandler
                0x08006c78                SPI3_IRQHandler
                0x08006c78                DMA1_Stream4_IRQHandler
                0x08006c78                I2C1_ER_IRQHandler
                0x08006c78                DMA2_Stream6_IRQHandler
                0x08006c78                DMA1_Stream3_IRQHandler
 *fill*         0x08006c7a        0x2 
 .text.__errno  0x08006c7c        0xc c:/program files (x86)/gnu tools arm embedded/7 2017-q4-major/bin/../lib/gcc/arm-none-eabi/7.2.1/../../../../arm-none-eabi/lib/thumb/v7e-m/fpv4-sp/hard\libc_nano.a(lib_a-errno.o)
                0x08006c7c                __errno
 .text.__libc_init_array
                0x08006c88       0x48 c:/program files (x86)/gnu tools arm embedded/7 2017-q4-major/bin/../lib/gcc/arm-none-eabi/7.2.1/../../../../arm-none-eabi/lib/thumb/v7e-m/fpv4-sp/hard\libc_nano.a(lib_a-init.o)
                0x08006c88                __libc_init_array
 .text.memcpy   0x08006cd0       0x16 c:/program files (x86)/gnu tools arm embedded/7 2017-q4-major/bin/../lib/gcc/arm-none-eabi/7.2.1/../../../../arm-none-eabi/lib/thumb/v7e-m/fpv4-sp/hard\libc_nano.a(lib_a-memcpy-stub.o)
                0x08006cd0                memcpy
 .text.memset   0x08006ce6       0x10 c:/program files (x86)/gnu tools arm embedded/7 2017-q4-major/bin/../lib/gcc/arm-none-eabi/7.2.1/../../../../arm-none-eabi/lib/thumb/v7e-m/fpv4-sp/hard\libc_nano.a(lib_a-memset.o)
                0x08006ce6                memset
 .text.__cvt    0x08006cf6       0xc2 c:/program files (x86)/gnu tools arm embedded/7 2017-q4-major/bin/../lib/gcc/arm-none-eabi/7.2.1/../../../../arm-none-eabi/lib/thumb/v7e-m/fpv4-sp/hard\libc_nano.a(lib_a-nano-vfprintf_float.o)
                0x08006cf6                __cvt
 .text.__exponent
                0x08006db8       0x66 c:/program files (x86)/gnu tools arm embedded/7 2017-q4-major/bin/../lib/gcc/arm-none-eabi/7.2.1/../../../../arm-none-eabi/lib/thumb/v7e-m/fpv4-sp/hard\libc_nano.a(lib_a-nano-vfprintf_float.o)
                0x08006db8                __exponent
 *fill*         0x08006e1e        0x2 
 .text._printf_float
                0x08006e20      0x480 c:/program files (x86)/gnu tools arm embedded/7 2017-q4-major/bin/../lib/gcc/arm-none-eabi/7.2.1/../../../../arm-none-eabi/lib/thumb/v7e-m/fpv4-sp/hard\libc_nano.a(lib_a-nano-vfprintf_float.o)
                0x08006e20                _printf_float
 .text._printf_common
                0x080072a0       0xea c:/program files (x86)/gnu tools arm embedded/7 2017-q4-major/bin/../lib/gcc/arm-none-eabi/7.2.1/../../../../arm-none-eabi/lib/thumb/v7e-m/fpv4-sp/hard\libc_nano.a(lib_a-nano-vfprintf_i.o)
                0x080072a0                _printf_common
 *fill*         0x0800738a        0x2 
 .text._printf_i
                0x0800738c      0x224 c:/program files (x86)/gnu tools arm embedded/7 2017-q4-major/bin/../lib/gcc/arm-none-eabi/7.2.1/../../../../arm-none-eabi/lib/thumb/v7e-m/fpv4-sp/hard\libc_nano.a(lib_a-nano-vfprintf_i.o)
                0x0800738c                _printf_i
 .text.printf   0x080075b0       0x30 c:/program files (x86)/gnu tools arm embedded/7 2017-q4-major/bin/../lib/gcc/arm-none-eabi/7.2.1/../../../../arm-none-eabi/lib/thumb/v7e-m/fpv4-sp/hard\libc_nano.a(lib_a-printf.o)
                0x080075b0                iprintf
                0x080075b0                printf
 .text.putchar  0x080075e0       0x28 c:/program files (x86)/gnu tools arm embedded/7 2017-q4-major/bin/../lib/gcc/arm-none-eabi/7.2.1/../../../../arm-none-eabi/lib/thumb/v7e-m/fpv4-sp/hard\libc_nano.a(lib_a-putchar.o)
                0x080075e0                putchar
 .text._puts_r  0x08007608       0xb8 c:/program files (x86)/gnu tools arm embedded/7 2017-q4-major/bin/../lib/gcc/arm-none-eabi/7.2.1/../../../../arm-none-eabi/lib/thumb/v7e-m/fpv4-sp/hard\libc_nano.a(lib_a-puts.o)
                0x08007608                _puts_r
 .text.puts     0x080076c0       0x10 c:/program files (x86)/gnu tools arm embedded/7 2017-q4-major/bin/../lib/gcc/arm-none-eabi/7.2.1/../../../../arm-none-eabi/lib/thumb/v7e-m/fpv4-sp/hard\libc_nano.a(lib_a-puts.o)
                0x080076c0                puts
 .text.setbuf   0x080076d0       0x10 c:/program files (x86)/gnu tools arm embedded/7 2017-q4-major/bin/../lib/gcc/arm-none-eabi/7.2.1/../../../../arm-none-eabi/lib/thumb/v7e-m/fpv4-sp/hard\libc_nano.a(lib_a-setbuf.o)
                0x080076d0                setbuf
 .text.setvbuf  0x080076e0      0x15c c:/program files (x86)/gnu tools arm embedded/7 2017-q4-major/bin/../lib/gcc/arm-none-eabi/7.2.1/../../../../arm-none-eabi/lib/thumb/v7e-m/fpv4-sp/hard\libc_nano.a(lib_a-setvbuf.o)
                0x080076e0                setvbuf
 .text.__swbuf_r
                0x0800783c       0xa4 c:/program files (x86)/gnu tools arm embedded/7 2017-q4-major/bin/../lib/gcc/arm-none-eabi/7.2.1/../../../../arm-none-eabi/lib/thumb/v7e-m/fpv4-sp/hard\libc_nano.a(lib_a-wbuf.o)
                0x0800783c                __swbuf_r
 .text.__swsetup_r
                0x080078e0       0xdc c:/program files (x86)/gnu tools arm embedded/7 2017-q4-major/bin/../lib/gcc/arm-none-eabi/7.2.1/../../../../arm-none-eabi/lib/thumb/v7e-m/fpv4-sp/hard\libc_nano.a(lib_a-wsetup.o)
                0x080078e0                __swsetup_r
 .text.quorem   0x080079bc      0x118 c:/program files (x86)/gnu tools arm embedded/7 2017-q4-major/bin/../lib/gcc/arm-none-eabi/7.2.1/../../../../arm-none-eabi/lib/thumb/v7e-m/fpv4-sp/hard\libc_nano.a(lib_a-dtoa.o)
 *fill*         0x08007ad4        0x4 
 .text._dtoa_r  0x08007ad8      0xb70 c:/program files (x86)/gnu tools arm embedded/7 2017-q4-major/bin/../lib/gcc/arm-none-eabi/7.2.1/../../../../arm-none-eabi/lib/thumb/v7e-m/fpv4-sp/hard\libc_nano.a(lib_a-dtoa.o)
                0x08007ad8                _dtoa_r
 .text.__sflush_r
                0x08008648      0x10c c:/program files (x86)/gnu tools arm embedded/7 2017-q4-major/bin/../lib/gcc/arm-none-eabi/7.2.1/../../../../arm-none-eabi/lib/thumb/v7e-m/fpv4-sp/hard\libc_nano.a(lib_a-fflush.o)
                0x08008648                __sflush_r
 .text._fflush_r
                0x08008754       0x54 c:/program files (x86)/gnu tools arm embedded/7 2017-q4-major/bin/../lib/gcc/arm-none-eabi/7.2.1/../../../../arm-none-eabi/lib/thumb/v7e-m/fpv4-sp/hard\libc_nano.a(lib_a-fflush.o)
                0x08008754                _fflush_r
 .text.std      0x080087a8       0x48 c:/program files (x86)/gnu tools arm embedded/7 2017-q4-major/bin/../lib/gcc/arm-none-eabi/7.2.1/../../../../arm-none-eabi/lib/thumb/v7e-m/fpv4-sp/hard\libc_nano.a(lib_a-findfp.o)
 .text._cleanup_r
                0x080087f0        0xc c:/program files (x86)/gnu tools arm embedded/7 2017-q4-major/bin/../lib/gcc/arm-none-eabi/7.2.1/../../../../arm-none-eabi/lib/thumb/v7e-m/fpv4-sp/hard\libc_nano.a(lib_a-findfp.o)
                0x080087f0                _cleanup_r
 .text.__sfmoreglue
                0x080087fc       0x2c c:/program files (x86)/gnu tools arm embedded/7 2017-q4-major/bin/../lib/gcc/arm-none-eabi/7.2.1/../../../../arm-none-eabi/lib/thumb/v7e-m/fpv4-sp/hard\libc_nano.a(lib_a-findfp.o)
                0x080087fc                __sfmoreglue
 .text.__sinit  0x08008828       0x60 c:/program files (x86)/gnu tools arm embedded/7 2017-q4-major/bin/../lib/gcc/arm-none-eabi/7.2.1/../../../../arm-none-eabi/lib/thumb/v7e-m/fpv4-sp/hard\libc_nano.a(lib_a-findfp.o)
                0x08008828                __sinit
 .text.__sfp    0x08008888       0x78 c:/program files (x86)/gnu tools arm embedded/7 2017-q4-major/bin/../lib/gcc/arm-none-eabi/7.2.1/../../../../arm-none-eabi/lib/thumb/v7e-m/fpv4-sp/hard\libc_nano.a(lib_a-findfp.o)
                0x08008888                __sfp
 .text._fwalk_reent
                0x08008900       0x3c c:/program files (x86)/gnu tools arm embedded/7 2017-q4-major/bin/../lib/gcc/arm-none-eabi/7.2.1/../../../../arm-none-eabi/lib/thumb/v7e-m/fpv4-sp/hard\libc_nano.a(lib_a-fwalk.o)
                0x08008900                _fwalk_reent
 .text._localeconv_r
                0x0800893c       0x1c c:/program files (x86)/gnu tools arm embedded/7 2017-q4-major/bin/../lib/gcc/arm-none-eabi/7.2.1/../../../../arm-none-eabi/lib/thumb/v7e-m/fpv4-sp/hard\libc_nano.a(lib_a-localeconv.o)
                0x0800893c                _localeconv_r
 .text.__swhatbuf_r
                0x08008958       0x48 c:/program files (x86)/gnu tools arm embedded/7 2017-q4-major/bin/../lib/gcc/arm-none-eabi/7.2.1/../../../../arm-none-eabi/lib/thumb/v7e-m/fpv4-sp/hard\libc_nano.a(lib_a-makebuf.o)
                0x08008958                __swhatbuf_r
 .text.__smakebuf_r
                0x080089a0       0x80 c:/program files (x86)/gnu tools arm embedded/7 2017-q4-major/bin/../lib/gcc/arm-none-eabi/7.2.1/../../../../arm-none-eabi/lib/thumb/v7e-m/fpv4-sp/hard\libc_nano.a(lib_a-makebuf.o)
                0x080089a0                __smakebuf_r
 .text.malloc   0x08008a20       0x10 c:/program files (x86)/gnu tools arm embedded/7 2017-q4-major/bin/../lib/gcc/arm-none-eabi/7.2.1/../../../../arm-none-eabi/lib/thumb/v7e-m/fpv4-sp/hard\libc_nano.a(lib_a-malloc.o)
                0x08008a20                malloc
 .text._Balloc  0x08008a30       0x68 c:/program files (x86)/gnu tools arm embedded/7 2017-q4-major/bin/../lib/gcc/arm-none-eabi/7.2.1/../../../../arm-none-eabi/lib/thumb/v7e-m/fpv4-sp/hard\libc_nano.a(lib_a-mprec.o)
                0x08008a30                _Balloc
 .text._Bfree   0x08008a98       0x2e c:/program files (x86)/gnu tools arm embedded/7 2017-q4-major/bin/../lib/gcc/arm-none-eabi/7.2.1/../../../../arm-none-eabi/lib/thumb/v7e-m/fpv4-sp/hard\libc_nano.a(lib_a-mprec.o)
                0x08008a98                _Bfree
 .text.__multadd
                0x08008ac6       0x76 c:/program files (x86)/gnu tools arm embedded/7 2017-q4-major/bin/../lib/gcc/arm-none-eabi/7.2.1/../../../../arm-none-eabi/lib/thumb/v7e-m/fpv4-sp/hard\libc_nano.a(lib_a-mprec.o)
                0x08008ac6                __multadd
 .text.__hi0bits
                0x08008b3c       0x3e c:/program files (x86)/gnu tools arm embedded/7 2017-q4-major/bin/../lib/gcc/arm-none-eabi/7.2.1/../../../../arm-none-eabi/lib/thumb/v7e-m/fpv4-sp/hard\libc_nano.a(lib_a-mprec.o)
                0x08008b3c                __hi0bits
 .text.__lo0bits
                0x08008b7a       0x5e c:/program files (x86)/gnu tools arm embedded/7 2017-q4-major/bin/../lib/gcc/arm-none-eabi/7.2.1/../../../../arm-none-eabi/lib/thumb/v7e-m/fpv4-sp/hard\libc_nano.a(lib_a-mprec.o)
                0x08008b7a                __lo0bits
 .text.__i2b    0x08008bd8       0x12 c:/program files (x86)/gnu tools arm embedded/7 2017-q4-major/bin/../lib/gcc/arm-none-eabi/7.2.1/../../../../arm-none-eabi/lib/thumb/v7e-m/fpv4-sp/hard\libc_nano.a(lib_a-mprec.o)
                0x08008bd8                __i2b
 .text.__multiply
                0x08008bea      0x12c c:/program files (x86)/gnu tools arm embedded/7 2017-q4-major/bin/../lib/gcc/arm-none-eabi/7.2.1/../../../../arm-none-eabi/lib/thumb/v7e-m/fpv4-sp/hard\libc_nano.a(lib_a-mprec.o)
                0x08008bea                __multiply
 *fill*         0x08008d16        0x2 
 .text.__pow5mult
                0x08008d18       0x9c c:/program files (x86)/gnu tools arm embedded/7 2017-q4-major/bin/../lib/gcc/arm-none-eabi/7.2.1/../../../../arm-none-eabi/lib/thumb/v7e-m/fpv4-sp/hard\libc_nano.a(lib_a-mprec.o)
                0x08008d18                __pow5mult
 .text.__lshift
                0x08008db4       0xa8 c:/program files (x86)/gnu tools arm embedded/7 2017-q4-major/bin/../lib/gcc/arm-none-eabi/7.2.1/../../../../arm-none-eabi/lib/thumb/v7e-m/fpv4-sp/hard\libc_nano.a(lib_a-mprec.o)
                0x08008db4                __lshift
 .text.__mcmp   0x08008e5c       0x34 c:/program files (x86)/gnu tools arm embedded/7 2017-q4-major/bin/../lib/gcc/arm-none-eabi/7.2.1/../../../../arm-none-eabi/lib/thumb/v7e-m/fpv4-sp/hard\libc_nano.a(lib_a-mprec.o)
                0x08008e5c                __mcmp
 .text.__mdiff  0x08008e90       0xba c:/program files (x86)/gnu tools arm embedded/7 2017-q4-major/bin/../lib/gcc/arm-none-eabi/7.2.1/../../../../arm-none-eabi/lib/thumb/v7e-m/fpv4-sp/hard\libc_nano.a(lib_a-mprec.o)
                0x08008e90                __mdiff
 .text.__d2b    0x08008f4a       0x9e c:/program files (x86)/gnu tools arm embedded/7 2017-q4-major/bin/../lib/gcc/arm-none-eabi/7.2.1/../../../../arm-none-eabi/lib/thumb/v7e-m/fpv4-sp/hard\libc_nano.a(lib_a-mprec.o)
                0x08008f4a                __d2b
 .text._calloc_r
                0x08008fe8       0x1c c:/program files (x86)/gnu tools arm embedded/7 2017-q4-major/bin/../lib/gcc/arm-none-eabi/7.2.1/../../../../arm-none-eabi/lib/thumb/v7e-m/fpv4-sp/hard\libc_nano.a(lib_a-nano-callocr.o)
                0x08008fe8                _calloc_r
 .text._free_r  0x08009004       0x9c c:/program files (x86)/gnu tools arm embedded/7 2017-q4-major/bin/../lib/gcc/arm-none-eabi/7.2.1/../../../../arm-none-eabi/lib/thumb/v7e-m/fpv4-sp/hard\libc_nano.a(lib_a-nano-freer.o)
                0x08009004                _free_r
 .text._malloc_r
                0x080090a0       0xb4 c:/program files (x86)/gnu tools arm embedded/7 2017-q4-major/bin/../lib/gcc/arm-none-eabi/7.2.1/../../../../arm-none-eabi/lib/thumb/v7e-m/fpv4-sp/hard\libc_nano.a(lib_a-nano-mallocr.o)
                0x080090a0                _malloc_r
 .text.__sfputc_r
                0x08009154       0x2e c:/program files (x86)/gnu tools arm embedded/7 2017-q4-major/bin/../lib/gcc/arm-none-eabi/7.2.1/../../../../arm-none-eabi/lib/thumb/v7e-m/fpv4-sp/hard\libc_nano.a(lib_a-nano-vfprintf.o)
 .text.__sfputs_r
                0x08009182       0x24 c:/program files (x86)/gnu tools arm embedded/7 2017-q4-major/bin/../lib/gcc/arm-none-eabi/7.2.1/../../../../arm-none-eabi/lib/thumb/v7e-m/fpv4-sp/hard\libc_nano.a(lib_a-nano-vfprintf.o)
                0x08009182                __sfputs_r
 *fill*         0x080091a6        0x2 
 .text._vfprintf_r
                0x080091a8      0x228 c:/program files (x86)/gnu tools arm embedded/7 2017-q4-major/bin/../lib/gcc/arm-none-eabi/7.2.1/../../../../arm-none-eabi/lib/thumb/v7e-m/fpv4-sp/hard\libc_nano.a(lib_a-nano-vfprintf.o)
                0x080091a8                _vfprintf_r
                0x080091a8                _vfiprintf_r
 .text._putc_r  0x080093d0       0x6c c:/program files (x86)/gnu tools arm embedded/7 2017-q4-major/bin/../lib/gcc/arm-none-eabi/7.2.1/../../../../arm-none-eabi/lib/thumb/v7e-m/fpv4-sp/hard\libc_nano.a(lib_a-putc.o)
                0x080093d0                _putc_r
 .text._sbrk_r  0x0800943c       0x20 c:/program files (x86)/gnu tools arm embedded/7 2017-q4-major/bin/../lib/gcc/arm-none-eabi/7.2.1/../../../../arm-none-eabi/lib/thumb/v7e-m/fpv4-sp/hard\libc_nano.a(lib_a-sbrkr.o)
                0x0800943c                _sbrk_r
 .text.__sread  0x0800945c       0x22 c:/program files (x86)/gnu tools arm embedded/7 2017-q4-major/bin/../lib/gcc/arm-none-eabi/7.2.1/../../../../arm-none-eabi/lib/thumb/v7e-m/fpv4-sp/hard\libc_nano.a(lib_a-stdio.o)
                0x0800945c                __sread
 .text.__swrite
                0x0800947e       0x38 c:/program files (x86)/gnu tools arm embedded/7 2017-q4-major/bin/../lib/gcc/arm-none-eabi/7.2.1/../../../../arm-none-eabi/lib/thumb/v7e-m/fpv4-sp/hard\libc_nano.a(lib_a-stdio.o)
                0x0800947e                __swrite
 .text.__sseek  0x080094b6       0x24 c:/program files (x86)/gnu tools arm embedded/7 2017-q4-major/bin/../lib/gcc/arm-none-eabi/7.2.1/../../../../arm-none-eabi/lib/thumb/v7e-m/fpv4-sp/hard\libc_nano.a(lib_a-stdio.o)
                0x080094b6                __sseek
 .text.__sclose
                0x080094da        0x8 c:/program files (x86)/gnu tools arm embedded/7 2017-q4-major/bin/../lib/gcc/arm-none-eabi/7.2.1/../../../../arm-none-eabi/lib/thumb/v7e-m/fpv4-sp/hard\libc_nano.a(lib_a-stdio.o)
                0x080094da                __sclose
 *fill*         0x080094e2        0x2 
 .text._write_r
                0x080094e4       0x24 c:/program files (x86)/gnu tools arm embedded/7 2017-q4-major/bin/../lib/gcc/arm-none-eabi/7.2.1/../../../../arm-none-eabi/lib/thumb/v7e-m/fpv4-sp/hard\libc_nano.a(lib_a-writer.o)
                0x080094e4                _write_r
 .text._close_r
                0x08009508       0x20 c:/program files (x86)/gnu tools arm embedded/7 2017-q4-major/bin/../lib/gcc/arm-none-eabi/7.2.1/../../../../arm-none-eabi/lib/thumb/v7e-m/fpv4-sp/hard\libc_nano.a(lib_a-closer.o)
                0x08009508                _close_r
 .text._fstat_r
                0x08009528       0x24 c:/program files (x86)/gnu tools arm embedded/7 2017-q4-major/bin/../lib/gcc/arm-none-eabi/7.2.1/../../../../arm-none-eabi/lib/thumb/v7e-m/fpv4-sp/hard\libc_nano.a(lib_a-fstatr.o)
                0x08009528                _fstat_r
 .text._isatty_r
                0x0800954c       0x20 c:/program files (x86)/gnu tools arm embedded/7 2017-q4-major/bin/../lib/gcc/arm-none-eabi/7.2.1/../../../../arm-none-eabi/lib/thumb/v7e-m/fpv4-sp/hard\libc_nano.a(lib_a-isattyr.o)
                0x0800954c                _isatty_r
 .text._lseek_r
                0x0800956c       0x24 c:/program files (x86)/gnu tools arm embedded/7 2017-q4-major/bin/../lib/gcc/arm-none-eabi/7.2.1/../../../../arm-none-eabi/lib/thumb/v7e-m/fpv4-sp/hard\libc_nano.a(lib_a-lseekr.o)
                0x0800956c                _lseek_r
 .text.__ascii_mbtowc
                0x08009590       0x24 c:/program files (x86)/gnu tools arm embedded/7 2017-q4-major/bin/../lib/gcc/arm-none-eabi/7.2.1/../../../../arm-none-eabi/lib/thumb/v7e-m/fpv4-sp/hard\libc_nano.a(lib_a-mbtowc_r.o)
                0x08009590                __ascii_mbtowc
 .text.__malloc_lock
                0x080095b4        0x2 c:/program files (x86)/gnu tools arm embedded/7 2017-q4-major/bin/../lib/gcc/arm-none-eabi/7.2.1/../../../../arm-none-eabi/lib/thumb/v7e-m/fpv4-sp/hard\libc_nano.a(lib_a-mlock.o)
                0x080095b4                __malloc_lock
 .text.__malloc_unlock
                0x080095b6        0x2 c:/program files (x86)/gnu tools arm embedded/7 2017-q4-major/bin/../lib/gcc/arm-none-eabi/7.2.1/../../../../arm-none-eabi/lib/thumb/v7e-m/fpv4-sp/hard\libc_nano.a(lib_a-mlock.o)
                0x080095b6                __malloc_unlock
 .text._read_r  0x080095b8       0x24 c:/program files (x86)/gnu tools arm embedded/7 2017-q4-major/bin/../lib/gcc/arm-none-eabi/7.2.1/../../../../arm-none-eabi/lib/thumb/v7e-m/fpv4-sp/hard\libc_nano.a(lib_a-readr.o)
                0x080095b8                _read_r
 .text.__ascii_wctomb
                0x080095dc       0x1a c:/program files (x86)/gnu tools arm embedded/7 2017-q4-major/bin/../lib/gcc/arm-none-eabi/7.2.1/../../../../arm-none-eabi/lib/thumb/v7e-m/fpv4-sp/hard\libc_nano.a(lib_a-wctomb_r.o)
                0x080095dc                __ascii_wctomb
 *(.glue_7)
 .glue_7        0x080095f6        0x0 linker stubs
 *(.glue_7t)
 .glue_7t       0x080095f6        0x0 linker stubs
 *(.eh_frame)
 *fill*         0x080095f6        0x2 
 .eh_frame      0x080095f8        0x0 c:/program files (x86)/gnu tools arm embedded/7 2017-q4-major/bin/../lib/gcc/arm-none-eabi/7.2.1/thumb/v7e-m/fpv4-sp/hard/crtbegin.o
 *(.init)
 .init          0x080095f8        0x4 c:/program files (x86)/gnu tools arm embedded/7 2017-q4-major/bin/../lib/gcc/arm-none-eabi/7.2.1/thumb/v7e-m/fpv4-sp/hard/crti.o
                0x080095f8                _init
 .init          0x080095fc        0x8 c:/program files (x86)/gnu tools arm embedded/7 2017-q4-major/bin/../lib/gcc/arm-none-eabi/7.2.1/thumb/v7e-m/fpv4-sp/hard/crtn.o
 *(.fini)
 .fini          0x08009604        0x4 c:/program files (x86)/gnu tools arm embedded/7 2017-q4-major/bin/../lib/gcc/arm-none-eabi/7.2.1/thumb/v7e-m/fpv4-sp/hard/crti.o
                0x08009604                _fini
 .fini          0x08009608        0x8 c:/program files (x86)/gnu tools arm embedded/7 2017-q4-major/bin/../lib/gcc/arm-none-eabi/7.2.1/thumb/v7e-m/fpv4-sp/hard/crtn.o
                0x08009610                . = ALIGN (0x4)
                0x08009610                _etext = .

.vfp11_veneer   0x08009610        0x0
 .vfp11_veneer  0x08009610        0x0 linker stubs

.v4_bx          0x08009610        0x0
 .v4_bx         0x08009610        0x0 linker stubs

.iplt           0x08009610        0x0
 .iplt          0x08009610        0x0 c:/program files (x86)/gnu tools arm embedded/7 2017-q4-major/bin/../lib/gcc/arm-none-eabi/7.2.1/thumb/v7e-m/fpv4-sp/hard/crtbegin.o

.rodata         0x08009610      0x360
                0x08009610                . = ALIGN (0x4)
 *(.rodata)
 *(.rodata*)
 .rodata.flagBitshiftOffset.9184
                0x08009610        0x8 build/stm32f4xx_hal_dma.o
 .rodata.MX_SPI2_Init.str1.4
                0x08009618        0xa build/spi.o
 *fill*         0x08009622        0x2 
 .rodata.set_mpu6500.str1.4
                0x08009624        0xe build/spi.o
 *fill*         0x08009632        0x2 
 .rodata.MX_ADC1_Init.str1.4
                0x08009634        0xa build/adc.o
 *fill*         0x0800963e        0x2 
 .rodata.Main_Init.str1.4
                0x08009640        0x5 build/main.o
 *fill*         0x08009645        0x3 
 .rodata.SystemClock_Config.str1.4
                0x08009648        0xb build/main.o
 *fill*         0x08009653        0x1 
 .rodata.MX_TIM3_Init.str1.4
                0x08009654        0xa build/tim.o
 *fill*         0x0800965e        0x2 
 .rodata.AHBPrescTable
                0x08009660       0x10 build/system_stm32f4xx.o
                0x08009660                AHBPrescTable
 .rodata.APBPrescTable
                0x08009670        0x8 build/system_stm32f4xx.o
                0x08009670                APBPrescTable
 .rodata.MX_USART3_UART_Init.str1.4
                0x08009678        0xc build/usart.o
 .rodata.Mode_Select.str1.4
                0x08009684        0x4 build/mode.o
 .rodata.Mode_Sensor_Check.str1.4
                0x08009688       0x11 build/mode.o
 *fill*         0x08009699        0x3 
 .rodata.Maze_Printf.str1.4
                0x0800969c       0x14 build/maze_info.o
 .rodata._global_impure_ptr
                0x080096b0        0x4 c:/program files (x86)/gnu tools arm embedded/7 2017-q4-major/bin/../lib/gcc/arm-none-eabi/7.2.1/../../../../arm-none-eabi/lib/thumb/v7e-m/fpv4-sp/hard\libc_nano.a(lib_a-impure.o)
                0x080096b0                _global_impure_ptr
 .rodata._printf_float.str1.1
                0x080096b4       0x12 c:/program files (x86)/gnu tools arm embedded/7 2017-q4-major/bin/../lib/gcc/arm-none-eabi/7.2.1/../../../../arm-none-eabi/lib/thumb/v7e-m/fpv4-sp/hard\libc_nano.a(lib_a-nano-vfprintf_float.o)
 .rodata._printf_i.str1.1
                0x080096c6       0x22 c:/program files (x86)/gnu tools arm embedded/7 2017-q4-major/bin/../lib/gcc/arm-none-eabi/7.2.1/../../../../arm-none-eabi/lib/thumb/v7e-m/fpv4-sp/hard\libc_nano.a(lib_a-nano-vfprintf_i.o)
 .rodata._dtoa_r.str1.1
                0x080096e8        0xd c:/program files (x86)/gnu tools arm embedded/7 2017-q4-major/bin/../lib/gcc/arm-none-eabi/7.2.1/../../../../arm-none-eabi/lib/thumb/v7e-m/fpv4-sp/hard\libc_nano.a(lib_a-dtoa.o)
                                  0xf (size before relaxing)
 *fill*         0x080096f5        0x3 
 .rodata.__sf_fake_stderr
                0x080096f8       0x20 c:/program files (x86)/gnu tools arm embedded/7 2017-q4-major/bin/../lib/gcc/arm-none-eabi/7.2.1/../../../../arm-none-eabi/lib/thumb/v7e-m/fpv4-sp/hard\libc_nano.a(lib_a-findfp.o)
                0x080096f8                __sf_fake_stderr
 .rodata.__sf_fake_stdin
                0x08009718       0x20 c:/program files (x86)/gnu tools arm embedded/7 2017-q4-major/bin/../lib/gcc/arm-none-eabi/7.2.1/../../../../arm-none-eabi/lib/thumb/v7e-m/fpv4-sp/hard\libc_nano.a(lib_a-findfp.o)
                0x08009718                __sf_fake_stdin
 .rodata.__sf_fake_stdout
                0x08009738       0x20 c:/program files (x86)/gnu tools arm embedded/7 2017-q4-major/bin/../lib/gcc/arm-none-eabi/7.2.1/../../../../arm-none-eabi/lib/thumb/v7e-m/fpv4-sp/hard\libc_nano.a(lib_a-findfp.o)
                0x08009738                __sf_fake_stdout
 .rodata.__mprec_bigtens
                0x08009758       0x28 c:/program files (x86)/gnu tools arm embedded/7 2017-q4-major/bin/../lib/gcc/arm-none-eabi/7.2.1/../../../../arm-none-eabi/lib/thumb/v7e-m/fpv4-sp/hard\libc_nano.a(lib_a-mprec.o)
                0x08009758                __mprec_bigtens
 .rodata.__mprec_tens
                0x08009780       0xc8 c:/program files (x86)/gnu tools arm embedded/7 2017-q4-major/bin/../lib/gcc/arm-none-eabi/7.2.1/../../../../arm-none-eabi/lib/thumb/v7e-m/fpv4-sp/hard\libc_nano.a(lib_a-mprec.o)
                0x08009780                __mprec_tens
 .rodata.p05.7359
                0x08009848        0xc c:/program files (x86)/gnu tools arm embedded/7 2017-q4-major/bin/../lib/gcc/arm-none-eabi/7.2.1/../../../../arm-none-eabi/lib/thumb/v7e-m/fpv4-sp/hard\libc_nano.a(lib_a-mprec.o)
 .rodata._vfprintf_r.str1.1
                0x08009854       0x11 c:/program files (x86)/gnu tools arm embedded/7 2017-q4-major/bin/../lib/gcc/arm-none-eabi/7.2.1/../../../../arm-none-eabi/lib/thumb/v7e-m/fpv4-sp/hard\libc_nano.a(lib_a-nano-vfprintf.o)
 .rodata._setlocale_r.str1.1
                0x08009865        0x8 c:/program files (x86)/gnu tools arm embedded/7 2017-q4-major/bin/../lib/gcc/arm-none-eabi/7.2.1/../../../../arm-none-eabi/lib/thumb/v7e-m/fpv4-sp/hard\libc_nano.a(lib_a-locale.o)
                                  0x9 (size before relaxing)
 .rodata.str1.1
                0x0800986d        0x2 c:/program files (x86)/gnu tools arm embedded/7 2017-q4-major/bin/../lib/gcc/arm-none-eabi/7.2.1/../../../../arm-none-eabi/lib/thumb/v7e-m/fpv4-sp/hard\libc_nano.a(lib_a-locale.o)
 .rodata._ctype_
                0x0800986f      0x101 c:/program files (x86)/gnu tools arm embedded/7 2017-q4-major/bin/../lib/gcc/arm-none-eabi/7.2.1/../../../../arm-none-eabi/lib/thumb/v7e-m/fpv4-sp/hard\libc_nano.a(lib_a-ctype_.o)
                0x0800986f                _ctype_
                0x08009970                . = ALIGN (0x4)

.ARM.extab
 *(.ARM.extab* .gnu.linkonce.armextab.*)

.ARM            0x08009970        0x8
                0x08009970                __exidx_start = .
 *(.ARM.exidx*)
 .ARM.exidx     0x08009970        0x8 c:/program files (x86)/gnu tools arm embedded/7 2017-q4-major/bin/../lib/gcc/arm-none-eabi/7.2.1/thumb/v7e-m/fpv4-sp/hard\libgcc.a(_udivmoddi4.o)
                0x08009978                __exidx_end = .

.rel.dyn        0x08009978        0x0
 .rel.iplt      0x08009978        0x0 c:/program files (x86)/gnu tools arm embedded/7 2017-q4-major/bin/../lib/gcc/arm-none-eabi/7.2.1/thumb/v7e-m/fpv4-sp/hard/crtbegin.o

.preinit_array  0x08009978        0x0
                0x08009978                PROVIDE (__preinit_array_start, .)
 *(.preinit_array*)
                0x08009978                PROVIDE (__preinit_array_end, .)

.init_array     0x08009978        0x4
                0x08009978                PROVIDE (__init_array_start, .)
 *(SORT_BY_NAME(.init_array.*))
 *(.init_array*)
 .init_array    0x08009978        0x4 c:/program files (x86)/gnu tools arm embedded/7 2017-q4-major/bin/../lib/gcc/arm-none-eabi/7.2.1/thumb/v7e-m/fpv4-sp/hard/crtbegin.o
                0x0800997c                PROVIDE (__init_array_end, .)

.fini_array     0x0800997c        0x4
                [!provide]                PROVIDE (__fini_array_start, .)
 *(SORT_BY_NAME(.fini_array.*))
 *(.fini_array*)
 .fini_array    0x0800997c        0x4 c:/program files (x86)/gnu tools arm embedded/7 2017-q4-major/bin/../lib/gcc/arm-none-eabi/7.2.1/thumb/v7e-m/fpv4-sp/hard/crtbegin.o
                [!provide]                PROVIDE (__fini_array_end, .)
                0x08009980                _sidata = LOADADDR (.data)

.data           0x20000000      0x1dc load address 0x08009980
                0x20000000                . = ALIGN (0x4)
                0x20000000                _sdata = .
 *(.data)
 *(.data*)
 .data.SystemCoreClock
                0x20000000        0x4 build/system_stm32f4xx.o
                0x20000000                SystemCoreClock
 .data.uwTickFreq
                0x20000004        0x1 build/stm32f4xx_hal.o
                0x20000004                uwTickFreq
 *fill*         0x20000005        0x3 
 .data.uwTickPrio
                0x20000008        0x4 build/stm32f4xx_hal.o
                0x20000008                uwTickPrio
 .data._impure_ptr
                0x2000000c        0x4 c:/program files (x86)/gnu tools arm embedded/7 2017-q4-major/bin/../lib/gcc/arm-none-eabi/7.2.1/../../../../arm-none-eabi/lib/thumb/v7e-m/fpv4-sp/hard\libc_nano.a(lib_a-impure.o)
                0x2000000c                _impure_ptr
 .data.impure_data
                0x20000010       0x60 c:/program files (x86)/gnu tools arm embedded/7 2017-q4-major/bin/../lib/gcc/arm-none-eabi/7.2.1/../../../../arm-none-eabi/lib/thumb/v7e-m/fpv4-sp/hard\libc_nano.a(lib_a-impure.o)
 .data.__global_locale
                0x20000070      0x16c c:/program files (x86)/gnu tools arm embedded/7 2017-q4-major/bin/../lib/gcc/arm-none-eabi/7.2.1/../../../../arm-none-eabi/lib/thumb/v7e-m/fpv4-sp/hard\libc_nano.a(lib_a-locale.o)
                0x20000070                __global_locale
                0x200001dc                . = ALIGN (0x4)
                0x200001dc                _edata = .
                0x08009b5c                _siccmram = LOADADDR (.ccmram)

.igot.plt       0x200001dc        0x0 load address 0x08009b5c
 .igot.plt      0x200001dc        0x0 c:/program files (x86)/gnu tools arm embedded/7 2017-q4-major/bin/../lib/gcc/arm-none-eabi/7.2.1/thumb/v7e-m/fpv4-sp/hard/crtbegin.o

.ccmram         0x10000000        0x0 load address 0x08009b5c
                0x10000000                . = ALIGN (0x4)
                0x10000000                _sccmram = .
 *(.ccmram)
 *(.ccmram*)
                0x10000000                . = ALIGN (0x4)
                0x10000000                _eccmram = .
                0x10000000                . = ALIGN (0x4)

.bss            0x200001dc      0x6c8
                0x200001dc                _sbss = .
                0x200001dc                __bss_start__ = _sbss
 *(.bss)
 .bss           0x200001dc       0x1c c:/program files (x86)/gnu tools arm embedded/7 2017-q4-major/bin/../lib/gcc/arm-none-eabi/7.2.1/thumb/v7e-m/fpv4-sp/hard/crtbegin.o
 *(.bss*)
 .bss.heap_end.7234
                0x200001f8        0x4 build/syscalls.o
 .bss.enc_before
                0x200001fc        0x4 build/control.o
                0x200001fc                enc_before
 .bss.y_before  0x20000200        0x4 build/control.o
                0x20000200                y_before
 .bss.__malloc_free_list
                0x20000204        0x4 c:/program files (x86)/gnu tools arm embedded/7 2017-q4-major/bin/../lib/gcc/arm-none-eabi/7.2.1/../../../../arm-none-eabi/lib/thumb/v7e-m/fpv4-sp/hard\libc_nano.a(lib_a-nano-mallocr.o)
                0x20000204                __malloc_free_list
 .bss.__malloc_sbrk_start
                0x20000208        0x4 c:/program files (x86)/gnu tools arm embedded/7 2017-q4-major/bin/../lib/gcc/arm-none-eabi/7.2.1/../../../../arm-none-eabi/lib/thumb/v7e-m/fpv4-sp/hard\libc_nano.a(lib_a-nano-mallocr.o)
                0x20000208                __malloc_sbrk_start
 *(COMMON)
 COMMON         0x2000020c       0x6c build/spi.o
                0x2000020c                flag_gyro_calc
                0x20000210                hspi2
                0x20000268                gyro
 COMMON         0x20000278       0xf0 build/adc.o
                0x20000278                hadc2
                0x200002c0                hadc1
                0x20000308                hdma_adc1
 COMMON         0x20000368      0x120 build/tim.o
                0x20000368                htim4
                0x200003a4                sMasterConfig
                0x200003ac                enc
                0x200003b8                htim3
                0x200003f4                sConfigOC
                0x20000410                htim1
                0x2000044c                htim2
 COMMON         0x20000488       0x40 build/usart.o
                0x20000488                huart3
 COMMON         0x200004c8        0x4 build/stm32f4xx_hal.o
                0x200004c8                uwTick
 COMMON         0x200004cc       0x20 build/stm32f4xx_hal_flash.o
                0x200004cc                pFlash
 COMMON         0x200004ec       0x68 build/filter.o
                0x200004ec                ADCOffData
                0x200004f4                ADCOntData
                0x200004fc                sen_front
                0x2000050c                sen_l
                0x2000051c                sen_fr
                0x2000052c                sen_fl
                0x2000053c                ADCBuff
                0x20000544                sen_r
                0x20000552                adc_counter
 COMMON         0x20000554       0x36 build/control.o
                0x20000554                yawrate_tim
                0x2000055c                si_wall_bef
                0x20000560                enc_sum
                0x20000564                si_wall_sum
                0x20000568                flag_motor
                0x2000056c                straight_tgt
                0x20000574                straight_tim
                0x2000057c                yawrate_tgt
                0x20000584                y_sum
                0x20000588                flag_motion_end
                0x20000589                flag_wall
 *fill*         0x2000058a        0x2 
 COMMON         0x2000058c      0x209 build/maze_info.o
                0x2000058c                position
                0x20000590                maze
                0x20000794                direction
 *fill*         0x20000795        0x3 
 COMMON         0x20000798      0x108 build/motion_plan.o
                0x20000798                q_motion
 COMMON         0x200008a0        0x4 c:/program files (x86)/gnu tools arm embedded/7 2017-q4-major/bin/../lib/gcc/arm-none-eabi/7.2.1/../../../../arm-none-eabi/lib/thumb/v7e-m/fpv4-sp/hard\libc_nano.a(lib_a-reent.o)
                0x200008a0                errno
                0x200008a4                . = ALIGN (0x4)
                0x200008a4                _ebss = .
                0x200008a4                __bss_end__ = _ebss

._user_heap_stack
                0x200008a4      0x604
                0x200008a8                . = ALIGN (0x8)
 *fill*         0x200008a4        0x4 
                0x200008a8                PROVIDE (end, .)
                [!provide]                PROVIDE (_end, .)
                0x20000aa8                . = (. + _Min_Heap_Size)
 *fill*         0x200008a8      0x200 
                0x20000ea8                . = (. + _Min_Stack_Size)
 *fill*         0x20000aa8      0x400 
                0x20000ea8                . = ALIGN (0x8)

/DISCARD/
 libc.a(*)
 libm.a(*)
 libgcc.a(*)

.ARM.attributes
                0x00000000       0x30
 *(.ARM.attributes)
 .ARM.attributes
                0x00000000       0x22 c:/program files (x86)/gnu tools arm embedded/7 2017-q4-major/bin/../lib/gcc/arm-none-eabi/7.2.1/thumb/v7e-m/fpv4-sp/hard/crti.o
 .ARM.attributes
                0x00000022       0x34 c:/program files (x86)/gnu tools arm embedded/7 2017-q4-major/bin/../lib/gcc/arm-none-eabi/7.2.1/thumb/v7e-m/fpv4-sp/hard/crtbegin.o
 .ARM.attributes
                0x00000056       0x39 build/stm32f4xx_hal_cortex.o
 .ARM.attributes
                0x0000008f       0x39 build/gpio.o
 .ARM.attributes
                0x000000c8       0x39 build/stm32f4xx_hal_dma.o
 .ARM.attributes
                0x00000101       0x39 build/stm32f4xx_it.o
 .ARM.attributes
                0x0000013a       0x39 build/spi.o
 .ARM.attributes
                0x00000173       0x39 build/stm32f4xx_hal_msp.o
 .ARM.attributes
                0x000001ac       0x39 build/stm32f4xx_hal_spi.o
 .ARM.attributes
                0x000001e5       0x39 build/adc.o
 .ARM.attributes
                0x0000021e       0x39 build/stm32f4xx_hal_uart.o
 .ARM.attributes
                0x00000257       0x39 build/main.o
 .ARM.attributes
                0x00000290       0x39 build/stm32f4xx_hal_tim.o
 .ARM.attributes
                0x000002c9       0x39 build/stm32f4xx_hal_gpio.o
 .ARM.attributes
                0x00000302       0x39 build/stm32f4xx_hal_rcc.o
 .ARM.attributes
                0x0000033b       0x39 build/tim.o
 .ARM.attributes
                0x00000374       0x39 build/stm32f4xx_hal_flash_ex.o
 .ARM.attributes
                0x000003ad       0x39 build/system_stm32f4xx.o
 .ARM.attributes
                0x000003e6       0x39 build/usart.o
 .ARM.attributes
                0x0000041f       0x39 build/stm32f4xx_hal.o
 .ARM.attributes
                0x00000458       0x39 build/dma.o
 .ARM.attributes
                0x00000491       0x39 build/stm32f4xx_hal_tim_ex.o
 .ARM.attributes
                0x000004ca       0x39 build/stm32f4xx_hal_adc.o
 .ARM.attributes
                0x00000503       0x39 build/stm32f4xx_hal_flash.o
 .ARM.attributes
                0x0000053c       0x39 build/syscalls.o
 .ARM.attributes
                0x00000575       0x39 build/filter.o
 .ARM.attributes
                0x000005ae       0x39 build/flash.o
 .ARM.attributes
                0x000005e7       0x39 build/interface.o
 .ARM.attributes
                0x00000620       0x39 build/mode.o
 .ARM.attributes
                0x00000659       0x39 build/control.o
 .ARM.attributes
                0x00000692       0x39 build/maze_info.o
 .ARM.attributes
                0x000006cb       0x39 build/maze_analysis.o
 .ARM.attributes
                0x00000704       0x39 build/motion.o
 .ARM.attributes
                0x0000073d       0x39 build/motion_plan.o
 .ARM.attributes
                0x00000776       0x21 build/startup_stm32f405xx.o
 .ARM.attributes
                0x00000797       0x34 c:/program files (x86)/gnu tools arm embedded/7 2017-q4-major/bin/../lib/gcc/arm-none-eabi/7.2.1/../../../../arm-none-eabi/lib/thumb/v7e-m/fpv4-sp/hard\libc_nano.a(lib_a-errno.o)
 .ARM.attributes
                0x000007cb       0x34 c:/program files (x86)/gnu tools arm embedded/7 2017-q4-major/bin/../lib/gcc/arm-none-eabi/7.2.1/../../../../arm-none-eabi/lib/thumb/v7e-m/fpv4-sp/hard\libc_nano.a(lib_a-impure.o)
 .ARM.attributes
                0x000007ff       0x34 c:/program files (x86)/gnu tools arm embedded/7 2017-q4-major/bin/../lib/gcc/arm-none-eabi/7.2.1/../../../../arm-none-eabi/lib/thumb/v7e-m/fpv4-sp/hard\libc_nano.a(lib_a-init.o)
 .ARM.attributes
                0x00000833       0x34 c:/program files (x86)/gnu tools arm embedded/7 2017-q4-major/bin/../lib/gcc/arm-none-eabi/7.2.1/../../../../arm-none-eabi/lib/thumb/v7e-m/fpv4-sp/hard\libc_nano.a(lib_a-memcpy-stub.o)
 .ARM.attributes
                0x00000867       0x34 c:/program files (x86)/gnu tools arm embedded/7 2017-q4-major/bin/../lib/gcc/arm-none-eabi/7.2.1/../../../../arm-none-eabi/lib/thumb/v7e-m/fpv4-sp/hard\libc_nano.a(lib_a-memset.o)
 .ARM.attributes
                0x0000089b       0x34 c:/program files (x86)/gnu tools arm embedded/7 2017-q4-major/bin/../lib/gcc/arm-none-eabi/7.2.1/../../../../arm-none-eabi/lib/thumb/v7e-m/fpv4-sp/hard\libc_nano.a(lib_a-nano-vfprintf_float.o)
 .ARM.attributes
                0x000008cf       0x34 c:/program files (x86)/gnu tools arm embedded/7 2017-q4-major/bin/../lib/gcc/arm-none-eabi/7.2.1/../../../../arm-none-eabi/lib/thumb/v7e-m/fpv4-sp/hard\libc_nano.a(lib_a-nano-vfprintf_i.o)
 .ARM.attributes
                0x00000903       0x34 c:/program files (x86)/gnu tools arm embedded/7 2017-q4-major/bin/../lib/gcc/arm-none-eabi/7.2.1/../../../../arm-none-eabi/lib/thumb/v7e-m/fpv4-sp/hard\libc_nano.a(lib_a-printf.o)
 .ARM.attributes
                0x00000937       0x34 c:/program files (x86)/gnu tools arm embedded/7 2017-q4-major/bin/../lib/gcc/arm-none-eabi/7.2.1/../../../../arm-none-eabi/lib/thumb/v7e-m/fpv4-sp/hard\libc_nano.a(lib_a-putchar.o)
 .ARM.attributes
                0x0000096b       0x34 c:/program files (x86)/gnu tools arm embedded/7 2017-q4-major/bin/../lib/gcc/arm-none-eabi/7.2.1/../../../../arm-none-eabi/lib/thumb/v7e-m/fpv4-sp/hard\libc_nano.a(lib_a-puts.o)
 .ARM.attributes
                0x0000099f       0x34 c:/program files (x86)/gnu tools arm embedded/7 2017-q4-major/bin/../lib/gcc/arm-none-eabi/7.2.1/../../../../arm-none-eabi/lib/thumb/v7e-m/fpv4-sp/hard\libc_nano.a(lib_a-setbuf.o)
 .ARM.attributes
                0x000009d3       0x34 c:/program files (x86)/gnu tools arm embedded/7 2017-q4-major/bin/../lib/gcc/arm-none-eabi/7.2.1/../../../../arm-none-eabi/lib/thumb/v7e-m/fpv4-sp/hard\libc_nano.a(lib_a-setvbuf.o)
 .ARM.attributes
                0x00000a07       0x1b c:/program files (x86)/gnu tools arm embedded/7 2017-q4-major/bin/../lib/gcc/arm-none-eabi/7.2.1/../../../../arm-none-eabi/lib/thumb/v7e-m/fpv4-sp/hard\libc_nano.a(lib_a-strlen.o)
 .ARM.attributes
                0x00000a22       0x34 c:/program files (x86)/gnu tools arm embedded/7 2017-q4-major/bin/../lib/gcc/arm-none-eabi/7.2.1/../../../../arm-none-eabi/lib/thumb/v7e-m/fpv4-sp/hard\libc_nano.a(lib_a-wbuf.o)
 .ARM.attributes
                0x00000a56       0x34 c:/program files (x86)/gnu tools arm embedded/7 2017-q4-major/bin/../lib/gcc/arm-none-eabi/7.2.1/../../../../arm-none-eabi/lib/thumb/v7e-m/fpv4-sp/hard\libc_nano.a(lib_a-wsetup.o)
 .ARM.attributes
                0x00000a8a       0x34 c:/program files (x86)/gnu tools arm embedded/7 2017-q4-major/bin/../lib/gcc/arm-none-eabi/7.2.1/../../../../arm-none-eabi/lib/thumb/v7e-m/fpv4-sp/hard\libc_nano.a(lib_a-dtoa.o)
 .ARM.attributes
                0x00000abe       0x34 c:/program files (x86)/gnu tools arm embedded/7 2017-q4-major/bin/../lib/gcc/arm-none-eabi/7.2.1/../../../../arm-none-eabi/lib/thumb/v7e-m/fpv4-sp/hard\libc_nano.a(lib_a-fflush.o)
 .ARM.attributes
                0x00000af2       0x34 c:/program files (x86)/gnu tools arm embedded/7 2017-q4-major/bin/../lib/gcc/arm-none-eabi/7.2.1/../../../../arm-none-eabi/lib/thumb/v7e-m/fpv4-sp/hard\libc_nano.a(lib_a-findfp.o)
 .ARM.attributes
                0x00000b26       0x34 c:/program files (x86)/gnu tools arm embedded/7 2017-q4-major/bin/../lib/gcc/arm-none-eabi/7.2.1/../../../../arm-none-eabi/lib/thumb/v7e-m/fpv4-sp/hard\libc_nano.a(lib_a-fwalk.o)
 .ARM.attributes
                0x00000b5a       0x34 c:/program files (x86)/gnu tools arm embedded/7 2017-q4-major/bin/../lib/gcc/arm-none-eabi/7.2.1/../../../../arm-none-eabi/lib/thumb/v7e-m/fpv4-sp/hard\libc_nano.a(lib_a-localeconv.o)
 .ARM.attributes
                0x00000b8e       0x34 c:/program files (x86)/gnu tools arm embedded/7 2017-q4-major/bin/../lib/gcc/arm-none-eabi/7.2.1/../../../../arm-none-eabi/lib/thumb/v7e-m/fpv4-sp/hard\libc_nano.a(lib_a-makebuf.o)
 .ARM.attributes
                0x00000bc2       0x34 c:/program files (x86)/gnu tools arm embedded/7 2017-q4-major/bin/../lib/gcc/arm-none-eabi/7.2.1/../../../../arm-none-eabi/lib/thumb/v7e-m/fpv4-sp/hard\libc_nano.a(lib_a-malloc.o)
 .ARM.attributes
                0x00000bf6       0x20 c:/program files (x86)/gnu tools arm embedded/7 2017-q4-major/bin/../lib/gcc/arm-none-eabi/7.2.1/../../../../arm-none-eabi/lib/thumb/v7e-m/fpv4-sp/hard\libc_nano.a(lib_a-memchr.o)
 .ARM.attributes
                0x00000c16       0x34 c:/program files (x86)/gnu tools arm embedded/7 2017-q4-major/bin/../lib/gcc/arm-none-eabi/7.2.1/../../../../arm-none-eabi/lib/thumb/v7e-m/fpv4-sp/hard\libc_nano.a(lib_a-mprec.o)
 .ARM.attributes
                0x00000c4a       0x34 c:/program files (x86)/gnu tools arm embedded/7 2017-q4-major/bin/../lib/gcc/arm-none-eabi/7.2.1/../../../../arm-none-eabi/lib/thumb/v7e-m/fpv4-sp/hard\libc_nano.a(lib_a-nano-callocr.o)
 .ARM.attributes
                0x00000c7e       0x34 c:/program files (x86)/gnu tools arm embedded/7 2017-q4-major/bin/../lib/gcc/arm-none-eabi/7.2.1/../../../../arm-none-eabi/lib/thumb/v7e-m/fpv4-sp/hard\libc_nano.a(lib_a-nano-freer.o)
 .ARM.attributes
                0x00000cb2       0x34 c:/program files (x86)/gnu tools arm embedded/7 2017-q4-major/bin/../lib/gcc/arm-none-eabi/7.2.1/../../../../arm-none-eabi/lib/thumb/v7e-m/fpv4-sp/hard\libc_nano.a(lib_a-nano-mallocr.o)
 .ARM.attributes
                0x00000ce6       0x34 c:/program files (x86)/gnu tools arm embedded/7 2017-q4-major/bin/../lib/gcc/arm-none-eabi/7.2.1/../../../../arm-none-eabi/lib/thumb/v7e-m/fpv4-sp/hard\libc_nano.a(lib_a-nano-vfprintf.o)
 .ARM.attributes
                0x00000d1a       0x34 c:/program files (x86)/gnu tools arm embedded/7 2017-q4-major/bin/../lib/gcc/arm-none-eabi/7.2.1/../../../../arm-none-eabi/lib/thumb/v7e-m/fpv4-sp/hard\libc_nano.a(lib_a-putc.o)
 .ARM.attributes
                0x00000d4e       0x34 c:/program files (x86)/gnu tools arm embedded/7 2017-q4-major/bin/../lib/gcc/arm-none-eabi/7.2.1/../../../../arm-none-eabi/lib/thumb/v7e-m/fpv4-sp/hard\libc_nano.a(lib_a-sbrkr.o)
 .ARM.attributes
                0x00000d82       0x34 c:/program files (x86)/gnu tools arm embedded/7 2017-q4-major/bin/../lib/gcc/arm-none-eabi/7.2.1/../../../../arm-none-eabi/lib/thumb/v7e-m/fpv4-sp/hard\libc_nano.a(lib_a-stdio.o)
 .ARM.attributes
                0x00000db6       0x34 c:/program files (x86)/gnu tools arm embedded/7 2017-q4-major/bin/../lib/gcc/arm-none-eabi/7.2.1/../../../../arm-none-eabi/lib/thumb/v7e-m/fpv4-sp/hard\libc_nano.a(lib_a-writer.o)
 .ARM.attributes
                0x00000dea       0x34 c:/program files (x86)/gnu tools arm embedded/7 2017-q4-major/bin/../lib/gcc/arm-none-eabi/7.2.1/../../../../arm-none-eabi/lib/thumb/v7e-m/fpv4-sp/hard\libc_nano.a(lib_a-closer.o)
 .ARM.attributes
                0x00000e1e       0x34 c:/program files (x86)/gnu tools arm embedded/7 2017-q4-major/bin/../lib/gcc/arm-none-eabi/7.2.1/../../../../arm-none-eabi/lib/thumb/v7e-m/fpv4-sp/hard\libc_nano.a(lib_a-fstatr.o)
 .ARM.attributes
                0x00000e52       0x34 c:/program files (x86)/gnu tools arm embedded/7 2017-q4-major/bin/../lib/gcc/arm-none-eabi/7.2.1/../../../../arm-none-eabi/lib/thumb/v7e-m/fpv4-sp/hard\libc_nano.a(lib_a-isattyr.o)
 .ARM.attributes
                0x00000e86       0x34 c:/program files (x86)/gnu tools arm embedded/7 2017-q4-major/bin/../lib/gcc/arm-none-eabi/7.2.1/../../../../arm-none-eabi/lib/thumb/v7e-m/fpv4-sp/hard\libc_nano.a(lib_a-locale.o)
 .ARM.attributes
                0x00000eba       0x34 c:/program files (x86)/gnu tools arm embedded/7 2017-q4-major/bin/../lib/gcc/arm-none-eabi/7.2.1/../../../../arm-none-eabi/lib/thumb/v7e-m/fpv4-sp/hard\libc_nano.a(lib_a-lseekr.o)
 .ARM.attributes
                0x00000eee       0x34 c:/program files (x86)/gnu tools arm embedded/7 2017-q4-major/bin/../lib/gcc/arm-none-eabi/7.2.1/../../../../arm-none-eabi/lib/thumb/v7e-m/fpv4-sp/hard\libc_nano.a(lib_a-mbtowc_r.o)
 .ARM.attributes
                0x00000f22       0x34 c:/program files (x86)/gnu tools arm embedded/7 2017-q4-major/bin/../lib/gcc/arm-none-eabi/7.2.1/../../../../arm-none-eabi/lib/thumb/v7e-m/fpv4-sp/hard\libc_nano.a(lib_a-mlock.o)
 .ARM.attributes
                0x00000f56       0x34 c:/program files (x86)/gnu tools arm embedded/7 2017-q4-major/bin/../lib/gcc/arm-none-eabi/7.2.1/../../../../arm-none-eabi/lib/thumb/v7e-m/fpv4-sp/hard\libc_nano.a(lib_a-readr.o)
 .ARM.attributes
                0x00000f8a       0x34 c:/program files (x86)/gnu tools arm embedded/7 2017-q4-major/bin/../lib/gcc/arm-none-eabi/7.2.1/../../../../arm-none-eabi/lib/thumb/v7e-m/fpv4-sp/hard\libc_nano.a(lib_a-reent.o)
 .ARM.attributes
                0x00000fbe       0x34 c:/program files (x86)/gnu tools arm embedded/7 2017-q4-major/bin/../lib/gcc/arm-none-eabi/7.2.1/../../../../arm-none-eabi/lib/thumb/v7e-m/fpv4-sp/hard\libc_nano.a(lib_a-wctomb_r.o)
 .ARM.attributes
                0x00000ff2       0x34 c:/program files (x86)/gnu tools arm embedded/7 2017-q4-major/bin/../lib/gcc/arm-none-eabi/7.2.1/../../../../arm-none-eabi/lib/thumb/v7e-m/fpv4-sp/hard\libc_nano.a(lib_a-ctype_.o)
 .ARM.attributes
                0x00001026       0x22 c:/program files (x86)/gnu tools arm embedded/7 2017-q4-major/bin/../lib/gcc/arm-none-eabi/7.2.1/thumb/v7e-m/fpv4-sp/hard\libgcc.a(_arm_addsubdf3.o)
 .ARM.attributes
                0x00001048       0x22 c:/program files (x86)/gnu tools arm embedded/7 2017-q4-major/bin/../lib/gcc/arm-none-eabi/7.2.1/thumb/v7e-m/fpv4-sp/hard\libgcc.a(_arm_muldivdf3.o)
 .ARM.attributes
                0x0000106a       0x22 c:/program files (x86)/gnu tools arm embedded/7 2017-q4-major/bin/../lib/gcc/arm-none-eabi/7.2.1/thumb/v7e-m/fpv4-sp/hard\libgcc.a(_arm_cmpdf2.o)
 .ARM.attributes
                0x0000108c       0x22 c:/program files (x86)/gnu tools arm embedded/7 2017-q4-major/bin/../lib/gcc/arm-none-eabi/7.2.1/thumb/v7e-m/fpv4-sp/hard\libgcc.a(_arm_unorddf2.o)
 .ARM.attributes
                0x000010ae       0x22 c:/program files (x86)/gnu tools arm embedded/7 2017-q4-major/bin/../lib/gcc/arm-none-eabi/7.2.1/thumb/v7e-m/fpv4-sp/hard\libgcc.a(_arm_fixdfsi.o)
 .ARM.attributes
                0x000010d0       0x22 c:/program files (x86)/gnu tools arm embedded/7 2017-q4-major/bin/../lib/gcc/arm-none-eabi/7.2.1/thumb/v7e-m/fpv4-sp/hard\libgcc.a(_arm_truncdfsf2.o)
 .ARM.attributes
                0x000010f2       0x22 c:/program files (x86)/gnu tools arm embedded/7 2017-q4-major/bin/../lib/gcc/arm-none-eabi/7.2.1/thumb/v7e-m/fpv4-sp/hard\libgcc.a(_aeabi_uldivmod.o)
 .ARM.attributes
                0x00001114       0x34 c:/program files (x86)/gnu tools arm embedded/7 2017-q4-major/bin/../lib/gcc/arm-none-eabi/7.2.1/thumb/v7e-m/fpv4-sp/hard\libgcc.a(_udivmoddi4.o)
 .ARM.attributes
                0x00001148       0x22 c:/program files (x86)/gnu tools arm embedded/7 2017-q4-major/bin/../lib/gcc/arm-none-eabi/7.2.1/thumb/v7e-m/fpv4-sp/hard\libgcc.a(_dvmd_tls.o)
 .ARM.attributes
                0x0000116a       0x22 c:/program files (x86)/gnu tools arm embedded/7 2017-q4-major/bin/../lib/gcc/arm-none-eabi/7.2.1/thumb/v7e-m/fpv4-sp/hard/crtn.o
OUTPUT(build/mmc2018_ver3.elf elf32-littlearm)

.debug_info     0x00000000    0x2e042
 .debug_info    0x00000000     0x1903 build/stm32f4xx_hal_cortex.o
 .debug_info    0x00001903      0xe90 build/gpio.o
 .debug_info    0x00002793     0x13ee build/stm32f4xx_hal_dma.o
 .debug_info    0x00003b81     0x1745 build/stm32f4xx_it.o
 .debug_info    0x000052c6     0x18be build/spi.o
 .debug_info    0x00006b84      0xd4e build/stm32f4xx_hal_msp.o
 .debug_info    0x000078d2     0x2464 build/stm32f4xx_hal_spi.o
 .debug_info    0x00009d36     0x1674 build/adc.o
 .debug_info    0x0000b3aa     0x2172 build/stm32f4xx_hal_uart.o
 .debug_info    0x0000d51c     0x2156 build/main.o
 .debug_info    0x0000f672     0x3a39 build/stm32f4xx_hal_tim.o
 .debug_info    0x000130ab     0x110f build/stm32f4xx_hal_gpio.o
 .debug_info    0x000141ba     0x1418 build/stm32f4xx_hal_rcc.o
 .debug_info    0x000155d2     0x2094 build/tim.o
 .debug_info    0x00017666     0x1181 build/stm32f4xx_hal_flash_ex.o
 .debug_info    0x000187e7      0xe82 build/system_stm32f4xx.o
 .debug_info    0x00019669     0x1367 build/usart.o
 .debug_info    0x0001a9d0     0x137d build/stm32f4xx_hal.o
 .debug_info    0x0001bd4d      0xea5 build/dma.o
 .debug_info    0x0001cbf2     0x1d71 build/stm32f4xx_hal_tim_ex.o
 .debug_info    0x0001e963     0x17f4 build/stm32f4xx_hal_adc.o
 .debug_info    0x00020157     0x10b0 build/stm32f4xx_hal_flash.o
 .debug_info    0x00021207     0x114b build/syscalls.o
 .debug_info    0x00022352     0x1776 build/filter.o
 .debug_info    0x00023ac8      0xd4d build/flash.o
 .debug_info    0x00024815     0x13e5 build/interface.o
 .debug_info    0x00025bfa     0x1adc build/mode.o
 .debug_info    0x000276d6     0x197d build/control.o
 .debug_info    0x00029053     0x134d build/maze_info.o
 .debug_info    0x0002a3a0      0x5f0 build/maze_analysis.o
 .debug_info    0x0002a990     0x1a60 build/motion.o
 .debug_info    0x0002c3f0     0x1c30 build/motion_plan.o
 .debug_info    0x0002e020       0x22 build/startup_stm32f405xx.o

.debug_abbrev   0x00000000     0x565d
 .debug_abbrev  0x00000000      0x3dc build/stm32f4xx_hal_cortex.o
 .debug_abbrev  0x000003dc      0x20d build/gpio.o
 .debug_abbrev  0x000005e9      0x328 build/stm32f4xx_hal_dma.o
 .debug_abbrev  0x00000911      0x224 build/stm32f4xx_it.o
 .debug_abbrev  0x00000b35      0x2c7 build/spi.o
 .debug_abbrev  0x00000dfc      0x1ed build/stm32f4xx_hal_msp.o
 .debug_abbrev  0x00000fe9      0x323 build/stm32f4xx_hal_spi.o
 .debug_abbrev  0x0000130c      0x257 build/adc.o
 .debug_abbrev  0x00001563      0x375 build/stm32f4xx_hal_uart.o
 .debug_abbrev  0x000018d8      0x2b2 build/main.o
 .debug_abbrev  0x00001b8a      0x310 build/stm32f4xx_hal_tim.o
 .debug_abbrev  0x00001e9a      0x2be build/stm32f4xx_hal_gpio.o
 .debug_abbrev  0x00002158      0x32f build/stm32f4xx_hal_rcc.o
 .debug_abbrev  0x00002487      0x31f build/tim.o
 .debug_abbrev  0x000027a6      0x315 build/stm32f4xx_hal_flash_ex.o
 .debug_abbrev  0x00002abb      0x1e6 build/system_stm32f4xx.o
 .debug_abbrev  0x00002ca1      0x23b build/usart.o
 .debug_abbrev  0x00002edc      0x2e1 build/stm32f4xx_hal.o
 .debug_abbrev  0x000031bd      0x216 build/dma.o
 .debug_abbrev  0x000033d3      0x2f8 build/stm32f4xx_hal_tim_ex.o
 .debug_abbrev  0x000036cb      0x300 build/stm32f4xx_hal_adc.o
 .debug_abbrev  0x000039cb      0x352 build/stm32f4xx_hal_flash.o
 .debug_abbrev  0x00003d1d      0x2d3 build/syscalls.o
 .debug_abbrev  0x00003ff0      0x29c build/filter.o
 .debug_abbrev  0x0000428c      0x222 build/flash.o
 .debug_abbrev  0x000044ae      0x258 build/interface.o
 .debug_abbrev  0x00004706      0x27c build/mode.o
 .debug_abbrev  0x00004982      0x32b build/control.o
 .debug_abbrev  0x00004cad      0x28f build/maze_info.o
 .debug_abbrev  0x00004f3c      0x186 build/maze_analysis.o
 .debug_abbrev  0x000050c2      0x249 build/motion.o
 .debug_abbrev  0x0000530b      0x340 build/motion_plan.o
 .debug_abbrev  0x0000564b       0x12 build/startup_stm32f405xx.o

.debug_loc      0x00000000     0xf7a5
 .debug_loc     0x00000000      0x65e build/stm32f4xx_hal_cortex.o
 .debug_loc     0x0000065e       0x39 build/gpio.o
 .debug_loc     0x00000697      0xc96 build/stm32f4xx_hal_dma.o
 .debug_loc     0x0000132d       0x81 build/stm32f4xx_it.o
 .debug_loc     0x000013ae      0x307 build/spi.o
 .debug_loc     0x000016b5       0x20 build/stm32f4xx_hal_msp.o
 .debug_loc     0x000016d5     0x1ffb build/stm32f4xx_hal_spi.o
 .debug_loc     0x000036d0      0x18c build/adc.o
 .debug_loc     0x0000385c     0x1a3f build/stm32f4xx_hal_uart.o
 .debug_loc     0x0000529b       0xdd build/main.o
 .debug_loc     0x00005378     0x404a build/stm32f4xx_hal_tim.o
 .debug_loc     0x000093c2      0x531 build/stm32f4xx_hal_gpio.o
 .debug_loc     0x000098f3      0x555 build/stm32f4xx_hal_rcc.o
 .debug_loc     0x00009e48      0x454 build/tim.o
 .debug_loc     0x0000a29c      0x650 build/stm32f4xx_hal_flash_ex.o
 .debug_loc     0x0000a8ec      0x13e build/system_stm32f4xx.o
 .debug_loc     0x0000aa2a       0xd3 build/usart.o
 .debug_loc     0x0000aafd      0x19d build/stm32f4xx_hal.o
 .debug_loc     0x0000ac9a       0x38 build/dma.o