Archive member included to satisfy reference by file (symbol)

c:/program files (x86)/gnu tools arm embedded/7 2017-q4-major/bin/../lib/gcc/arm-none-eabi/7.2.1/../../../../arm-none-eabi/lib/thumb/v7e-m/fpv4-sp/hard\libc_nano.a(lib_a-errno.o)
                              build/syscalls.o (__errno)
c:/program files (x86)/gnu tools arm embedded/7 2017-q4-major/bin/../lib/gcc/arm-none-eabi/7.2.1/../../../../arm-none-eabi/lib/thumb/v7e-m/fpv4-sp/hard\libc_nano.a(lib_a-exit.o)
                              c:/program files (x86)/gnu tools arm embedded/7 2017-q4-major/bin/../lib/gcc/arm-none-eabi/7.2.1/../../../../arm-none-eabi/lib/thumb/v7e-m/fpv4-sp/hard/crt0.o (exit)
c:/program files (x86)/gnu tools arm embedded/7 2017-q4-major/bin/../lib/gcc/arm-none-eabi/7.2.1/../../../../arm-none-eabi/lib/thumb/v7e-m/fpv4-sp/hard\libc_nano.a(lib_a-impure.o)
                              c:/program files (x86)/gnu tools arm embedded/7 2017-q4-major/bin/../lib/gcc/arm-none-eabi/7.2.1/../../../../arm-none-eabi/lib/thumb/v7e-m/fpv4-sp/hard\libc_nano.a(lib_a-exit.o) (_global_impure_ptr)
c:/program files (x86)/gnu tools arm embedded/7 2017-q4-major/bin/../lib/gcc/arm-none-eabi/7.2.1/../../../../arm-none-eabi/lib/thumb/v7e-m/fpv4-sp/hard\libc_nano.a(lib_a-init.o)
                              c:/program files (x86)/gnu tools arm embedded/7 2017-q4-major/bin/../lib/gcc/arm-none-eabi/7.2.1/../../../../arm-none-eabi/lib/thumb/v7e-m/fpv4-sp/hard/crt0.o (__libc_init_array)
c:/program files (x86)/gnu tools arm embedded/7 2017-q4-major/bin/../lib/gcc/arm-none-eabi/7.2.1/../../../../arm-none-eabi/lib/thumb/v7e-m/fpv4-sp/hard\libc_nano.a(lib_a-memcpy-stub.o)
                              build/flash.o (memcpy)
c:/program files (x86)/gnu tools arm embedded/7 2017-q4-major/bin/../lib/gcc/arm-none-eabi/7.2.1/../../../../arm-none-eabi/lib/thumb/v7e-m/fpv4-sp/hard\libc_nano.a(lib_a-memset.o)
                              c:/program files (x86)/gnu tools arm embedded/7 2017-q4-major/bin/../lib/gcc/arm-none-eabi/7.2.1/../../../../arm-none-eabi/lib/thumb/v7e-m/fpv4-sp/hard/crt0.o (memset)
c:/program files (x86)/gnu tools arm embedded/7 2017-q4-major/bin/../lib/gcc/arm-none-eabi/7.2.1/../../../../arm-none-eabi/lib/thumb/v7e-m/fpv4-sp/hard\libc_nano.a(lib_a-nano-vfprintf_float.o)
                              (_printf_float)
c:/program files (x86)/gnu tools arm embedded/7 2017-q4-major/bin/../lib/gcc/arm-none-eabi/7.2.1/../../../../arm-none-eabi/lib/thumb/v7e-m/fpv4-sp/hard\libc_nano.a(lib_a-nano-vfprintf_i.o)
                              c:/program files (x86)/gnu tools arm embedded/7 2017-q4-major/bin/../lib/gcc/arm-none-eabi/7.2.1/../../../../arm-none-eabi/lib/thumb/v7e-m/fpv4-sp/hard\libc_nano.a(lib_a-nano-vfprintf_float.o) (_printf_common)
c:/program files (x86)/gnu tools arm embedded/7 2017-q4-major/bin/../lib/gcc/arm-none-eabi/7.2.1/../../../../arm-none-eabi/lib/thumb/v7e-m/fpv4-sp/hard\libc_nano.a(lib_a-printf.o)
                              build/spi.o (printf)
c:/program files (x86)/gnu tools arm embedded/7 2017-q4-major/bin/../lib/gcc/arm-none-eabi/7.2.1/../../../../arm-none-eabi/lib/thumb/v7e-m/fpv4-sp/hard\libc_nano.a(lib_a-putchar.o)
                              build/maze_info.o (putchar)
c:/program files (x86)/gnu tools arm embedded/7 2017-q4-major/bin/../lib/gcc/arm-none-eabi/7.2.1/../../../../arm-none-eabi/lib/thumb/v7e-m/fpv4-sp/hard\libc_nano.a(lib_a-puts.o)
                              build/maze_info.o (puts)
c:/program files (x86)/gnu tools arm embedded/7 2017-q4-major/bin/../lib/gcc/arm-none-eabi/7.2.1/../../../../arm-none-eabi/lib/thumb/v7e-m/fpv4-sp/hard\libc_nano.a(lib_a-setbuf.o)
                              build/main.o (setbuf)
c:/program files (x86)/gnu tools arm embedded/7 2017-q4-major/bin/../lib/gcc/arm-none-eabi/7.2.1/../../../../arm-none-eabi/lib/thumb/v7e-m/fpv4-sp/hard\libc_nano.a(lib_a-setvbuf.o)
                              c:/program files (x86)/gnu tools arm embedded/7 2017-q4-major/bin/../lib/gcc/arm-none-eabi/7.2.1/../../../../arm-none-eabi/lib/thumb/v7e-m/fpv4-sp/hard\libc_nano.a(lib_a-setbuf.o) (setvbuf)
c:/program files (x86)/gnu tools arm embedded/7 2017-q4-major/bin/../lib/gcc/arm-none-eabi/7.2.1/../../../../arm-none-eabi/lib/thumb/v7e-m/fpv4-sp/hard\libc_nano.a(lib_a-strlen.o)
                              c:/program files (x86)/gnu tools arm embedded/7 2017-q4-major/bin/../lib/gcc/arm-none-eabi/7.2.1/../../../../arm-none-eabi/lib/thumb/v7e-m/fpv4-sp/hard\libc_nano.a(lib_a-nano-vfprintf_float.o) (strlen)
c:/program files (x86)/gnu tools arm embedded/7 2017-q4-major/bin/../lib/gcc/arm-none-eabi/7.2.1/../../../../arm-none-eabi/lib/thumb/v7e-m/fpv4-sp/hard\libc_nano.a(lib_a-wbuf.o)
                              c:/program files (x86)/gnu tools arm embedded/7 2017-q4-major/bin/../lib/gcc/arm-none-eabi/7.2.1/../../../../arm-none-eabi/lib/thumb/v7e-m/fpv4-sp/hard\libc_nano.a(lib_a-puts.o) (__swbuf_r)
[...]
Memory Configuration

Name             Origin             Length             Attributes
RAM              0x20000000         0x00020000         xrw
CCMRAM           0x10000000         0x00010000         rw
FLASH            0x08000000         0x000e0000         xr
DATA             0x080e0000         0x00020000         xr
*default*        0x00000000         0xffffffff

Linker script and memory map

LOAD c:/program files (x86)/gnu tools arm embedded/7 2017-q4-major/bin/../lib/gcc/arm-none-eabi/7.2.1/thumb/v7e-m/fpv4-sp/hard/crti.o
LOAD c:/program files (x86)/gnu tools arm embedded/7 2017-q4-major/bin/../lib/gcc/arm-none-eabi/7.2.1/thumb/v7e-m/fpv4-sp/hard/crtbegin.o
LOAD c:/program files (x86)/gnu tools arm embedded/7 2017-q4-major/bin/../lib/gcc/arm-none-eabi/7.2.1/../../../../arm-none-eabi/lib/thumb/v7e-m/fpv4-sp/hard/crt0.o
LOAD build/stm32f4xx_hal_cortex.o
LOAD build/gpio.o
LOAD build/stm32f4xx_hal_dma.o
LOAD build/stm32f4xx_hal_flash_ramfunc.o
LOAD build/stm32f4xx_it.o
LOAD build/spi.o
LOAD build/stm32f4xx_hal_msp.o
LOAD build/stm32f4xx_hal_spi.o
LOAD build/adc.o
LOAD build/stm32f4xx_hal_adc_ex.o
LOAD build/stm32f4xx_hal_uart.o
LOAD build/main.o
LOAD build/stm32f4xx_hal_tim.o
LOAD build/stm32f4xx_hal_gpio.o
LOAD build/stm32f4xx_hal_pwr_ex.o
LOAD build/stm32f4xx_hal_pwr.o
LOAD build/stm32f4xx_hal_rcc.o
LOAD build/stm32f4xx_hal_dma_ex.o
LOAD build/tim.o
LOAD build/stm32f4xx_hal_flash_ex.o
LOAD build/stm32f4xx_hal_rcc_ex.o
LOAD build/system_stm32f4xx.o
LOAD build/usart.o
LOAD build/stm32f4xx_hal.o
LOAD build/dma.o
LOAD build/stm32f4xx_hal_tim_ex.o
LOAD build/stm32f4xx_hal_adc.o
LOAD build/stm32f4xx_hal_flash.o
LOAD build/syscalls.o
LOAD build/filter.o
LOAD build/flash.o
LOAD build/interface.o
LOAD build/mode.o
LOAD build/control.o
LOAD build/maze_info.o
LOAD build/maze_analysis.o
LOAD build/motion.o
LOAD build/motion_plan.o
LOAD build/startup_stm32f405xx.o
LOAD c:/program files (x86)/gnu tools arm embedded/7 2017-q4-major/bin/../lib/gcc/arm-none-eabi/7.2.1/../../../../arm-none-eabi/lib/thumb/v7e-m/fpv4-sp/hard\libc_nano.a
LOAD c:/program files (x86)/gnu tools arm embedded/7 2017-q4-major/bin/../lib/gcc/arm-none-eabi/7.2.1/../../../../arm-none-eabi/lib/thumb/v7e-m/fpv4-sp/hard\libm.a
LOAD c:/program files (x86)/gnu tools arm embedded/7 2017-q4-major/bin/../lib/gcc/arm-none-eabi/7.2.1/../../../../arm-none-eabi/lib/thumb/v7e-m/fpv4-sp/hard\libnosys.a
LOAD Drivers/CMSIS/Lib/GCC/\libarm_cortexM4lf_math.a
START GROUP
LOAD c:/program files (x86)/gnu tools arm embedded/7 2017-q4-major/bin/../lib/gcc/arm-none-eabi/7.2.1/thumb/v7e-m/fpv4-sp/hard\libgcc.a
LOAD c:/program files (x86)/gnu tools arm embedded/7 2017-q4-major/bin/../lib/gcc/arm-none-eabi/7.2.1/../../../../arm-none-eabi/lib/thumb/v7e-m/fpv4-sp/hard\libc_nano.a
END GROUP
START GROUP
LOAD c:/program files (x86)/gnu tools arm embedded/7 2017-q4-major/bin/../lib/gcc/arm-none-eabi/7.2.1/thumb/v7e-m/fpv4-sp/hard\libgcc.a
LOAD c:/program files (x86)/gnu tools arm embedded/7 2017-q4-major/bin/../lib/gcc/arm-none-eabi/7.2.1/../../../../arm-none-eabi/lib/thumb/v7e-m/fpv4-sp/hard\libc_nano.a
END GROUP
LOAD c:/program files (x86)/gnu tools arm embedded/7 2017-q4-major/bin/../lib/gcc/arm-none-eabi/7.2.1/thumb/v7e-m/fpv4-sp/hard/crtend.o
LOAD c:/program files (x86)/gnu tools arm embedded/7 2017-q4-major/bin/../lib/gcc/arm-none-eabi/7.2.1/thumb/v7e-m/fpv4-sp/hard/crtn.o
                0x20020000                _estack = 0x20020000
                0x00000200                _Min_Heap_Size = 0x200
                0x00000400                _Min_Stack_Size = 0x400

.isr_vector     0x08000000      0x188
                0x08000000                . = ALIGN (0x4)
 *(.isr_vector)
 .isr_vector    0x08000000      0x188 build/startup_stm32f405xx.o
                0x08000000                g_pfnVectors
                0x08000188                . = ALIGN (0x4)

.text           0x08000190     0x98b8
                0x08000190                . = ALIGN (0x4)
 *(.text)
 .text          0x08000190       0x40 c:/program files (x86)/gnu tools arm embedded/7 2017-q4-major/bin/../lib/gcc/arm-none-eabi/7.2.1/thumb/v7e-m/fpv4-sp/hard/crtbegin.o
 .text          0x080001d0       0x10 c:/program files (x86)/gnu tools arm embedded/7 2017-q4-major/bin/../lib/gcc/arm-none-eabi/7.2.1/../../../../arm-none-eabi/lib/thumb/v7e-m/fpv4-sp/hard\libc_nano.a(lib_a-strlen.o)
                0x080001d0                strlen
 .text          0x080001e0       0xa0 c:/program files (x86)/gnu tools arm embedded/7 2017-q4-major/bin/../lib/gcc/arm-none-eabi/7.2.1/../../../../arm-none-eabi/lib/thumb/v7e-m/fpv4-sp/hard\libc_nano.a(lib_a-memchr.o)
                0x080001e0                memchr
 .text          0x08000280      0x378 c:/program files (x86)/gnu tools arm embedded/7 2017-q4-major/bin/../lib/gcc/arm-none-eabi/7.2.1/thumb/v7e-m/fpv4-sp/hard\libgcc.a(_arm_addsubdf3.o)
                0x08000280                __aeabi_drsub
                0x08000288                __aeabi_dsub
                0x08000288                __subdf3
                0x0800028c                __aeabi_dadd
                0x0800028c                __adddf3
                0x08000504                __floatunsidf
                0x08000504                __aeabi_ui2d
                0x08000524                __floatsidf
                0x08000524                __aeabi_i2d
                0x08000548                __aeabi_f2d
                0x08000548                __extendsfdf2
                0x0800058c                __floatundidf
                0x0800058c                __aeabi_ul2d
                0x0800059c                __floatdidf
                0x0800059c                __aeabi_l2d
 .text          0x080005f8      0x424 c:/program files (x86)/gnu tools arm embedded/7 2017-q4-major/bin/../lib/gcc/arm-none-eabi/7.2.1/thumb/v7e-m/fpv4-sp/hard\libgcc.a(_arm_muldivdf3.o)
                0x080005f8                __aeabi_dmul
                0x080005f8                __muldf3
                0x0800084c                __divdf3
                0x0800084c                __aeabi_ddiv
 .text          0x08000a1c      0x110 c:/program files (x86)/gnu tools arm embedded/7 2017-q4-major/bin/../lib/gcc/arm-none-eabi/7.2.1/thumb/v7e-m/fpv4-sp/hard\libgcc.a(_arm_cmpdf2.o)
                0x08000a1c                __gtdf2
                0x08000a1c                __gedf2
                0x08000a24                __ltdf2
                0x08000a24                __ledf2
                0x08000a2c                __nedf2
                0x08000a2c                __eqdf2
                0x08000a2c                __cmpdf2
                0x08000aa8                __aeabi_cdrcmple
                0x08000ab8                __aeabi_cdcmpeq
                0x08000ab8                __aeabi_cdcmple
                0x08000ac8                __aeabi_dcmpeq
                0x08000adc                __aeabi_dcmplt
                0x08000af0                __aeabi_dcmple
                0x08000b04                __aeabi_dcmpge
                0x08000b18                __aeabi_dcmpgt
 .text          0x08000b2c       0x2c c:/program files (x86)/gnu tools arm embedded/7 2017-q4-major/bin/../lib/gcc/arm-none-eabi/7.2.1/thumb/v7e-m/fpv4-sp/hard\libgcc.a(_arm_unorddf2.o)
                0x08000b2c                __unorddf2
                0x08000b2c                __aeabi_dcmpun
 .text          0x08000b58       0x50 c:/program files (x86)/gnu tools arm embedded/7 2017-q4-major/bin/../lib/gcc/arm-none-eabi/7.2.1/thumb/v7e-m/fpv4-sp/hard\libgcc.a(_arm_fixdfsi.o)
                0x08000b58                __aeabi_d2iz
                0x08000b58                __fixdfsi
 .text          0x08000ba8       0xa0 c:/program files (x86)/gnu tools arm embedded/7 2017-q4-major/bin/../lib/gcc/arm-none-eabi/7.2.1/thumb/v7e-m/fpv4-sp/hard\libgcc.a(_arm_truncdfsf2.o)
                0x08000ba8                __truncdfsf2
                0x08000ba8                __aeabi_d2f
 .text          0x08000c48       0x30 c:/program files (x86)/gnu tools arm embedded/7 2017-q4-major/bin/../lib/gcc/arm-none-eabi/7.2.1/thumb/v7e-m/fpv4-sp/hard\libgcc.a(_aeabi_uldivmod.o)
                0x08000c48                __aeabi_uldivmod
 .text          0x08000c78      0x2cc c:/program files (x86)/gnu tools arm embedded/7 2017-q4-major/bin/../lib/gcc/arm-none-eabi/7.2.1/thumb/v7e-m/fpv4-sp/hard\libgcc.a(_udivmoddi4.o)
                0x08000c78                __udivmoddi4
 .text          0x08000f44        0x4 c:/program files (x86)/gnu tools arm embedded/7 2017-q4-major/bin/../lib/gcc/arm-none-eabi/7.2.1/thumb/v7e-m/fpv4-sp/hard\libgcc.a(_dvmd_tls.o)
                0x08000f44                __aeabi_idiv0
                0x08000f44                __aeabi_ldiv0
 *(.text*)
 .text.HAL_NVIC_SetPriorityGrouping
                0x08000f48       0x24 build/stm32f4xx_hal_cortex.o
                0x08000f48                HAL_NVIC_SetPriorityGrouping
 .text.HAL_NVIC_SetPriority
                0x08000f6c       0x68 build/stm32f4xx_hal_cortex.o
                0x08000f6c                HAL_NVIC_SetPriority
 .text.HAL_NVIC_EnableIRQ
                0x08000fd4       0x18 build/stm32f4xx_hal_cortex.o
                0x08000fd4                HAL_NVIC_EnableIRQ
 .text.HAL_SYSTICK_Config
                0x08000fec       0x2c build/stm32f4xx_hal_cortex.o
                0x08000fec                HAL_SYSTICK_Config
 .text.HAL_SYSTICK_CLKSourceConfig
                0x08001018       0x20 build/stm32f4xx_hal_cortex.o
                0x08001018                HAL_SYSTICK_CLKSourceConfig
 .text.HAL_SYSTICK_Callback
                0x08001038        0x2 build/stm32f4xx_hal_cortex.o
                0x08001038                HAL_SYSTICK_Callback
 .text.HAL_SYSTICK_IRQHandler
                0x0800103a        0x8 build/stm32f4xx_hal_cortex.o
                0x0800103a                HAL_SYSTICK_IRQHandler
 *fill*         0x08001042        0x2 
 .text.MX_GPIO_Init
                0x08001044       0xc4 build/gpio.o
                0x08001044                MX_GPIO_Init
 .text.DMA_SetConfig
                0x08001108       0x2c build/stm32f4xx_hal_dma.o
 .text.DMA_CalcBaseAndBitshift
                0x08001134       0x3c build/stm32f4xx_hal_dma.o
 .text.DMA_CheckFifoParam
                0x08001170       0x8e build/stm32f4xx_hal_dma.o
 *fill*         0x080011fe        0x2 
 .text.HAL_DMA_Init
                0x08001200       0xcc build/stm32f4xx_hal_dma.o
                0x08001200                HAL_DMA_Init
 .text.HAL_DMA_Start_IT
                0x080012cc       0x74 build/stm32f4xx_hal_dma.o
                0x080012cc                HAL_DMA_Start_IT
 .text.HAL_DMA_Abort
                0x08001340       0x94 build/stm32f4xx_hal_dma.o
                0x08001340                HAL_DMA_Abort
 .text.HAL_DMA_IRQHandler
                0x080013d4      0x1dc build/stm32f4xx_hal_dma.o
                0x080013d4                HAL_DMA_IRQHandler
 .text.NMI_Handler
                0x080015b0        0x2 build/stm32f4xx_it.o
                0x080015b0                NMI_Handler
 .text.HardFault_Handler
                0x080015b2        0x2 build/stm32f4xx_it.o
                0x080015b2                HardFault_Handler
 .text.MemManage_Handler
                0x080015b4        0x2 build/stm32f4xx_it.o
                0x080015b4                MemManage_Handler
 .text.BusFault_Handler
                0x080015b6        0x2 build/stm32f4xx_it.o
                0x080015b6                BusFault_Handler
 .text.UsageFault_Handler
                0x080015b8        0x2 build/stm32f4xx_it.o
                0x080015b8                UsageFault_Handler
 .text.SVC_Handler
                0x080015ba        0x2 build/stm32f4xx_it.o
                0x080015ba                SVC_Handler
 .text.DebugMon_Handler
                0x080015bc        0x2 build/stm32f4xx_it.o
                0x080015bc                DebugMon_Handler
 .text.PendSV_Handler
                0x080015be        0x2 build/stm32f4xx_it.o
                0x080015be                PendSV_Handler
 .text.SysTick_Handler
                0x080015c0       0x24 build/stm32f4xx_it.o
                0x080015c0                SysTick_Handler
 .text.DMA2_Stream4_IRQHandler
                0x080015e4       0x10 build/stm32f4xx_it.o
                0x080015e4                DMA2_Stream4_IRQHandler
 .text.HAL_ADC_ConvHalfCpltCallback
                0x080015f4        0x8 build/stm32f4xx_it.o
                0x080015f4                HAL_ADC_ConvHalfCpltCallback
 .text.MX_SPI2_Init
                0x080015fc       0x48 build/spi.o
                0x080015fc                MX_SPI2_Init
 .text.HAL_SPI_MspInit
                0x08001644       0x54 build/spi.o
                0x08001644                HAL_SPI_MspInit
 .text.read_byte
                0x08001698       0x54 build/spi.o
                0x08001698                read_byte
 .text.read_shift_byte
                0x080016ec       0x5c build/spi.o
                0x080016ec                read_shift_byte
 .text.write_byte
                0x08001748       0x54 build/spi.o
                0x08001748                write_byte
 .text.set_mpu6500
                0x0800179c       0x38 build/spi.o
                0x0800179c                set_mpu6500
 .text.get_gyro
                0x080017d4       0x24 build/spi.o
                0x080017d4                get_gyro
 .text.gyro_offset_calc
                0x080017f8       0x54 build/spi.o
                0x080017f8                gyro_offset_calc
 .text.Update_gyro
                0x0800184c       0x68 build/spi.o
                0x0800184c                Update_gyro
 .text.gyro_offset_calc_reset
                0x080018b4       0x1c build/spi.o
                0x080018b4                gyro_offset_calc_reset
 .text.HAL_MspInit
                0x080018d0       0x5e build/stm32f4xx_hal_msp.o
                0x080018d0                HAL_MspInit
 .text.SPI_WaitFlagStateUntilTimeout
                0x0800192e       0x96 build/stm32f4xx_hal_spi.o
 .text.SPI_CheckFlag_BSY
                0x080019c4       0x28 build/stm32f4xx_hal_spi.o
 .text.HAL_SPI_Init
                0x080019ec       0x80 build/stm32f4xx_hal_spi.o
                0x080019ec                HAL_SPI_Init
 .text.HAL_SPI_Transmit
                0x08001a6c      0x1a6 build/stm32f4xx_hal_spi.o
                0x08001a6c                HAL_SPI_Transmit
 .text.HAL_SPI_TransmitReceive
                0x08001c12      0x238 build/stm32f4xx_hal_spi.o
                0x08001c12                HAL_SPI_TransmitReceive
 .text.HAL_SPI_Receive
                0x08001e4a      0x168 build/stm32f4xx_hal_spi.o
                0x08001e4a                HAL_SPI_Receive
 *fill*         0x08001fb2        0x2 
 .text.MX_ADC1_Init
                0x08001fb4       0xc8 build/adc.o
                0x08001fb4                MX_ADC1_Init
 .text.MX_ADC2_Init
                0x0800207c       0x70 build/adc.o
                0x0800207c                MX_ADC2_Init
 .text.HAL_ADC_MspInit
                0x080020ec       0xcc build/adc.o
                0x080020ec                HAL_ADC_MspInit
 .text.UART_SetConfig
                0x080021b8      0x334 build/stm32f4xx_hal_uart.o
 .text.UART_WaitOnFlagUntilTimeout
                0x080024ec       0x62 build/stm32f4xx_hal_uart.o
 .text.HAL_UART_Init
                0x0800254e       0x5e build/stm32f4xx_hal_uart.o
                0x0800254e                HAL_UART_Init
 .text.HAL_UART_Transmit
                0x080025ac       0xe0 build/stm32f4xx_hal_uart.o
                0x080025ac                HAL_UART_Transmit
 .text.__io_putchar
                0x0800268c       0x20 build/main.o
                0x0800268c                __io_putchar
 .text.Main_Init
                0x080026ac       0x64 build/main.o
                0x080026ac                Main_Init
 .text._Error_Handler
                0x08002710        0x2 build/main.o
                0x08002710                _Error_Handler
 *fill*         0x08002712        0x2 
 .text.SystemClock_Config
                0x08002714       0xbc build/main.o
                0x08002714                SystemClock_Config
 .text.main     0x080027d0       0x40 build/main.o
                0x080027d0                main
 .text.TIM_OC1_SetConfig
                0x08002810       0x5c build/stm32f4xx_hal_tim.o
 .text.TIM_OC3_SetConfig
                0x0800286c       0x60 build/stm32f4xx_hal_tim.o
 .text.TIM_OC4_SetConfig
                0x080028cc       0x50 build/stm32f4xx_hal_tim.o
 .text.TIM_Base_SetConfig
                0x0800291c       0xc0 build/stm32f4xx_hal_tim.o
                0x0800291c                TIM_Base_SetConfig
 .text.HAL_TIM_PWM_Init
                0x080029dc       0x32 build/stm32f4xx_hal_tim.o
                0x080029dc                HAL_TIM_PWM_Init
 .text.HAL_TIM_Encoder_Init
                0x08002a0e       0x98 build/stm32f4xx_hal_tim.o
                0x08002a0e                HAL_TIM_Encoder_Init
 *fill*         0x08002aa6        0x2 
 .text.TIM_OC2_SetConfig
                0x08002aa8       0x64 build/stm32f4xx_hal_tim.o
                0x08002aa8                TIM_OC2_SetConfig
 .text.HAL_TIM_PWM_ConfigChannel
                0x08002b0c       0xdc build/stm32f4xx_hal_tim.o
                0x08002b0c                HAL_TIM_PWM_ConfigChannel
 .text.TIM_CCxChannelCmd
                0x08002be8       0x1e build/stm32f4xx_hal_tim.o
                0x08002be8                TIM_CCxChannelCmd
 *fill*         0x08002c06        0x2 
 .text.HAL_TIM_PWM_Start
                0x08002c08       0x38 build/stm32f4xx_hal_tim.o
                0x08002c08                HAL_TIM_PWM_Start
 .text.HAL_TIM_Encoder_Start
                0x08002c40       0x44 build/stm32f4xx_hal_tim.o
                0x08002c40                HAL_TIM_Encoder_Start
 .text.HAL_GPIO_Init
                0x08002c84      0x1c8 build/stm32f4xx_hal_gpio.o
                0x08002c84                HAL_GPIO_Init
 .text.HAL_GPIO_ReadPin
                0x08002e4c        0xe build/stm32f4xx_hal_gpio.o
                0x08002e4c                HAL_GPIO_ReadPin
 .text.HAL_GPIO_WritePin
                0x08002e5a        0xc build/stm32f4xx_hal_gpio.o
                0x08002e5a                HAL_GPIO_WritePin
 *fill*         0x08002e66        0x2 
 .text.HAL_RCC_OscConfig
                0x08002e68      0x398 build/stm32f4xx_hal_rcc.o
                0x08002e68                HAL_RCC_OscConfig
 .text.HAL_RCC_GetSysClockFreq
                0x08003200       0xa8 build/stm32f4xx_hal_rcc.o
                0x08003200                HAL_RCC_GetSysClockFreq
 .text.HAL_RCC_ClockConfig
                0x080032a8      0x158 build/stm32f4xx_hal_rcc.o
                0x080032a8                HAL_RCC_ClockConfig
 .text.HAL_RCC_GetHCLKFreq
                0x08003400        0xc build/stm32f4xx_hal_rcc.o
                0x08003400                HAL_RCC_GetHCLKFreq
 .text.HAL_RCC_GetPCLK1Freq
                0x0800340c       0x20 build/stm32f4xx_hal_rcc.o
                0x0800340c                HAL_RCC_GetPCLK1Freq
 .text.HAL_RCC_GetPCLK2Freq
                0x0800342c       0x20 build/stm32f4xx_hal_rcc.o
                0x0800342c                HAL_RCC_GetPCLK2Freq
 .text.MX_TIM3_Init
                0x0800344c       0x6c build/tim.o
                0x0800344c                MX_TIM3_Init
 .text.MX_TIM4_Init
                0x080034b8       0x6c build/tim.o
                0x080034b8                MX_TIM4_Init
 .text.HAL_TIM_PWM_MspInit
                0x08003524       0x50 build/tim.o
                0x08003524                HAL_TIM_PWM_MspInit
 .text.HAL_TIM_Encoder_MspInit
                0x08003574       0x8c build/tim.o
                0x08003574                HAL_TIM_Encoder_MspInit
 .text.HAL_TIM_MspPostInit
                0x08003600       0x5c build/tim.o
                0x08003600                HAL_TIM_MspPostInit
 .text.MX_TIM1_Init
                0x0800365c       0xf8 build/tim.o
                0x0800365c                MX_TIM1_Init
 .text.MX_TIM2_Init
                0x08003754       0x7c build/tim.o
                0x08003754                MX_TIM2_Init
 .text.Buzzer_pwm
                0x080037d0       0x7c build/tim.o
                0x080037d0                Buzzer_pwm
 .text.Motor_pwm
                0x0800384c      0x1a0 build/tim.o
                0x0800384c                Motor_pwm
 .text.Tim_UpdateEncoder
                0x080039ec       0x88 build/tim.o
                0x080039ec                Tim_UpdateEncoder
 .text.FLASH_MassErase
                0x08003a74       0x24 build/stm32f4xx_hal_flash_ex.o
 .text.FLASH_Erase_Sector
                0x08003a98       0x58 build/stm32f4xx_hal_flash_ex.o
                0x08003a98                FLASH_Erase_Sector
 .text.FLASH_FlushCaches
                0x08003af0       0x60 build/stm32f4xx_hal_flash_ex.o
                0x08003af0                FLASH_FlushCaches
 .text.HAL_FLASHEx_Erase
                0x08003b50       0x94 build/stm32f4xx_hal_flash_ex.o
                0x08003b50                HAL_FLASHEx_Erase
 .text.SystemInit
                0x08003be4       0x4c build/system_stm32f4xx.o
                0x08003be4                SystemInit
 .text.MX_USART3_UART_Init
                0x08003c30       0x3c build/usart.o
                0x08003c30                MX_USART3_UART_Init
 .text.HAL_UART_MspInit
                0x08003c6c       0x58 build/usart.o
                0x08003c6c                HAL_UART_MspInit
 .text.HAL_InitTick
                0x08003cc4       0x4c build/stm32f4xx_hal.o
                0x08003cc4                HAL_InitTick
 .text.HAL_Init
                0x08003d10       0x34 build/stm32f4xx_hal.o
                0x08003d10                HAL_Init
 .text.HAL_IncTick
                0x08003d44       0x18 build/stm32f4xx_hal.o
                0x08003d44                HAL_IncTick
 .text.HAL_GetTick
                0x08003d5c        0xc build/stm32f4xx_hal.o
                0x08003d5c                HAL_GetTick
 .text.HAL_Delay
                0x08003d68       0x28 build/stm32f4xx_hal.o
                0x08003d68                HAL_Delay
 .text.MX_DMA_Init
                0x08003d90       0x34 build/dma.o
                0x08003d90                MX_DMA_Init
 .text.HAL_TIMEx_MasterConfigSynchronization
                0x08003dc4       0x52 build/stm32f4xx_hal_tim_ex.o
                0x08003dc4                HAL_TIMEx_MasterConfigSynchronization
 .text.HAL_TIMEx_ConfigBreakDeadTime
                0x08003e16       0x58 build/stm32f4xx_hal_tim_ex.o
                0x08003e16                HAL_TIMEx_ConfigBreakDeadTime
 *fill*         0x08003e6e        0x2 
 .text.ADC_Init
                0x08003e70      0x130 build/stm32f4xx_hal_adc.o
 .text.HAL_ADC_Init
                0x08003fa0       0x54 build/stm32f4xx_hal_adc.o
                0x08003fa0                HAL_ADC_Init
 .text.HAL_ADC_Start
                0x08003ff4       0xf8 build/stm32f4xx_hal_adc.o
                0x08003ff4                HAL_ADC_Start
 .text.HAL_ADC_Stop
                0x080040ec       0x40 build/stm32f4xx_hal_adc.o
                0x080040ec                HAL_ADC_Stop
 .text.HAL_ADC_PollForConversion
                0x0800412c       0xb6 build/stm32f4xx_hal_adc.o
                0x0800412c                HAL_ADC_PollForConversion
 *fill*         0x080041e2        0x2 
 .text.HAL_ADC_Start_DMA
                0x080041e4      0x144 build/stm32f4xx_hal_adc.o
                0x080041e4                HAL_ADC_Start_DMA
 .text.HAL_ADC_Stop_DMA
                0x08004328       0x5e build/stm32f4xx_hal_adc.o
                0x08004328                HAL_ADC_Stop_DMA
 .text.HAL_ADC_GetValue
                0x08004386        0x6 build/stm32f4xx_hal_adc.o
                0x08004386                HAL_ADC_GetValue
 .text.HAL_ADC_ConvCpltCallback
                0x0800438c        0x2 build/stm32f4xx_hal_adc.o
                0x0800438c                HAL_ADC_ConvCpltCallback
 .text.ADC_DMAConvCplt
                0x0800438e       0x62 build/stm32f4xx_hal_adc.o
 .text.ADC_DMAHalfConvCplt
                0x080043f0        0xa build/stm32f4xx_hal_adc.o
 .text.HAL_ADC_ErrorCallback
                0x080043fa        0x2 build/stm32f4xx_hal_adc.o
                0x080043fa                HAL_ADC_ErrorCallback
 .text.ADC_DMAError
                0x080043fc       0x16 build/stm32f4xx_hal_adc.o
 *fill*         0x08004412        0x2 
 .text.HAL_ADC_ConfigChannel
                0x08004414      0x190 build/stm32f4xx_hal_adc.o
                0x08004414                HAL_ADC_ConfigChannel
 .text.FLASH_Program_DoubleWord
                0x080045a4       0x2c build/stm32f4xx_hal_flash.o
 .text.FLASH_Program_Word
                0x080045d0       0x24 build/stm32f4xx_hal_flash.o
 .text.FLASH_Program_HalfWord
                0x080045f4       0x24 build/stm32f4xx_hal_flash.o
 .text.FLASH_Program_Byte
                0x08004618       0x20 build/stm32f4xx_hal_flash.o
 .text.FLASH_SetErrorCode
                0x08004638       0x8c build/stm32f4xx_hal_flash.o
 .text.HAL_FLASH_Unlock
                0x080046c4       0x30 build/stm32f4xx_hal_flash.o
                0x080046c4                HAL_FLASH_Unlock
 .text.HAL_FLASH_Lock
                0x080046f4       0x14 build/stm32f4xx_hal_flash.o
                0x080046f4                HAL_FLASH_Lock
 .text.FLASH_WaitForLastOperation
                0x08004708       0x64 build/stm32f4xx_hal_flash.o
                0x08004708                FLASH_WaitForLastOperation
 .text.HAL_FLASH_Program
                0x0800476c       0x80 build/stm32f4xx_hal_flash.o
                0x0800476c                HAL_FLASH_Program
 .text._read    0x080047ec       0x1c build/syscalls.o
                0x080047ec                _read
 .text._write   0x08004808       0x1c build/syscalls.o
                0x08004808                _write
 .text._sbrk    0x08004824       0x3c build/syscalls.o
                0x08004824                _sbrk
 .text._close   0x08004860        0x6 build/syscalls.o
                0x08004860                _close
 .text._fstat   0x08004866        0xa build/syscalls.o
                0x08004866                _fstat
 .text._isatty  0x08004870        0x4 build/syscalls.o
                0x08004870                _isatty
 .text._lseek   0x08004874        0x4 build/syscalls.o
                0x08004874                _lseek
 .text.setSensorConstant
                0x08004878       0x50 build/filter.o
                0x08004878                setSensorConstant
 .text.update_sensor_data
                0x080048c8       0x80 build/filter.o
                0x080048c8                update_sensor_data
 .text.adcStart
                0x08004948       0x20 build/filter.o
                0x08004948                adcStart
 .text.adcCheckConvert
                0x08004968       0x58 build/filter.o
                0x08004968                adcCheckConvert
 .text.getADSensor
                0x080049c0      0x180 build/filter.o
                0x080049c0                getADSensor
 .text.Filter_GetBatt
                0x08004b40       0xb4 build/filter.o
                0x08004b40                Filter_GetBatt
 .text.eraseFlash
                0x08004bf4       0x26 build/flash.o
                0x08004bf4                eraseFlash
 .text.writeFlash
                0x08004c1a       0x2e build/flash.o
                0x08004c1a                writeFlash
 .text.loadFlash
                0x08004c48        0xe build/flash.o
                0x08004c48                loadFlash
 *fill*         0x08004c56        0x2 
 .text.writeMaze
                0x08004c58       0x18 build/flash.o
                0x08004c58                writeMaze
 .text.loadMaze
                0x08004c70       0x18 build/flash.o
                0x08004c70                loadMaze
 .text.Output_Buzzer
                0x08004c88       0x1a build/interface.o
                0x08004c88                Output_Buzzer
 *fill*         0x08004ca2        0x2 
 .text.Push     0x08004ca4       0x24 build/interface.o
                0x08004ca4                Push
 .text.All_LED_OFF
                0x08004cc8       0x38 build/interface.o
                0x08004cc8                All_LED_OFF
 .text.LED_Control
                0x08004d00       0x90 build/interface.o
                0x08004d00                LED_Control
 .text.Mode_Select
                0x08004d90       0xbc build/mode.o
                0x08004d90                Mode_Select
 .text.Mode_Sensor_Check
                0x08004e4c       0xe8 build/mode.o
                0x08004e4c                Mode_Sensor_Check
 .text.Mode_Run
                0x08004f34       0x50 build/mode.o
                0x08004f34                Mode_Run
 .text.Mode_enkai
                0x08004f84       0x44 build/mode.o
                0x08004f84                Mode_enkai
 .text.Mode_Adjust
                0x08004fc8      0x120 build/mode.o
                0x08004fc8                Mode_Adjust
 .text.Mode_Mouse
                0x080050e8       0xe0 build/mode.o
                0x080050e8                Mode_Mouse
 .text.PID_value
                0x080051c8       0x78 build/control.o
                0x080051c8                PID_value
 .text.Straight_Calc_fb
                0x08005240       0xf8 build/control.o
                0x08005240                Straight_Calc_fb
 .text.Yawrate_Calc_fb
                0x08005338       0xf8 build/control.o
                0x08005338                Yawrate_Calc_fb
 .text.Control_encoder
                0x08005430      0x10c build/control.o
                0x08005430                Control_encoder
 .text.Control_Side_Wall
                0x0800553c      0x1ac build/control.o
                0x0800553c                Control_Side_Wall
 .text.Control_gyro
                0x080056e8      0x128 build/control.o
                0x080056e8                Control_gyro
 .text.Control_Front_Wall
                0x08005810      0x100 build/control.o
                0x08005810                Control_Front_Wall
 .text.Control_pwm
                0x08005910       0x48 build/control.o
                0x08005910                Control_pwm
 .text.Control_EmergencyStop
                0x08005958       0x54 build/control.o
                0x08005958                Control_EmergencyStop
 .text.Maze_Set
                0x080059ac       0x10 build/maze_info.o
                0x080059ac                Maze_Set
 .text.Maze_Init
                0x080059bc       0x7c build/maze_info.o
                0x080059bc                Maze_Init
 .text.Maze_Get_Wall
                0x08005a38      0x110 build/maze_info.o
                0x08005a38                Maze_Get_Wall
 .text.Maze_Printf
                0x08005b48       0xd4 build/maze_info.o
                0x08005b48                Maze_Printf
 .text.Que_initialize
                0x08005c1c       0x22 build/maze_analysis.o
                0x08005c1c                Que_initialize
 .text.enqueue  0x08005c3e       0x28 build/maze_analysis.o
                0x08005c3e                enqueue
 .text.dequeue  0x08005c66       0x42 build/maze_analysis.o
                0x08005c66                dequeue
 .text.Maze_CreateMap
                0x08005ca8      0x18c build/maze_analysis.o
                0x08005ca8                Maze_CreateMap
 .text.Maze_CreateAllMap
                0x08005e34      0x1e4 build/maze_analysis.o
                0x08005e34                Maze_CreateAllMap
 .text.Maze_CreateFastMap
                0x08006018       0x6c build/maze_analysis.o
                0x08006018                Maze_CreateFastMap
 .text.Straight_half_accel
                0x08006084       0x2c build/motion.o
                0x08006084                Straight_half_accel
 .text.Straight_half_stop
                0x080060b0       0x4c build/motion.o
                0x080060b0                Straight_half_stop
 .text.Straight_const
                0x080060fc       0x4c build/motion.o
                0x080060fc                Straight_const
 .text.RightTurn
                0x08006148       0x2e build/motion.o
                0x08006148                RightTurn
 .text.U_Turn   0x08006176       0x2c build/motion.o
                0x08006176                U_Turn
 *fill*         0x080061a2        0x2 
 .text.Motion_Start
                0x080061a4       0x64 build/motion.o
                0x080061a4                Motion_Start
 .text.Motion_Straight
                0x08006208       0x20 build/motion.o
                0x08006208                Motion_Straight
 .text.Motion_Right
                0x08006228       0x54 build/motion.o
                0x08006228                Motion_Right
 .text.Motion_Uturn
                0x0800627c       0x48 build/motion.o
                0x0800627c                Motion_Uturn
 .text.Motion_Kabeate
                0x080062c4       0xdc build/motion.o
                0x080062c4                Motion_Kabeate
 .text.Motion_Goal
                0x080063a0       0x20 build/motion.o
                0x080063a0                Motion_Goal
 .text.Motion_Restart
                0x080063c0       0xdc build/motion.o
                0x080063c0                Motion_Restart
 .text.Motion_SlalomLeft
                0x0800649c       0xb4 build/motion.o
                0x0800649c                Motion_SlalomLeft
 .text.Motion_SlalomRight
                0x08006550       0xb4 build/motion.o
                0x08006550                Motion_SlalomRight
 .text.Motion_StartFast
                0x08006604       0x88 build/motion.o
                0x08006604                Motion_StartFast
 .text.Motion_StraightFast
                0x0800668c       0x78 build/motion.o
                0x0800668c                Motion_StraightFast
 .text.Motion_GoalFast
                0x08006704       0x7c build/motion.o
                0x08006704                Motion_GoalFast
 .text.Motion_Enkai
                0x08006780       0x34 build/motion.o
                0x08006780                Motion_Enkai
 .text.Que_init_motion
                0x080067b4       0x18 build/motion_plan.o
                0x080067b4                Que_init_motion
 .text.enq_motion
                0x080067cc       0x18 build/motion_plan.o
                0x080067cc                enq_motion
 .text.deq_motion
                0x080067e4       0x10 build/motion_plan.o
                0x080067e4                deq_motion
 .text.Update_Position
                0x080067f4      0x194 build/motion_plan.o
                0x080067f4                Update_Position
 .text.Maze_Next_Motion
                0x08006988      0x354 build/motion_plan.o
                0x08006988                Maze_Next_Motion
 .text.Plan_Adachi
                0x08006cdc       0xcc build/motion_plan.o
                0x08006cdc                Plan_Adachi
 .text.Plan_AllSearch
                0x08006da8       0x98 build/motion_plan.o
                0x08006da8                Plan_AllSearch
 .text.Plan_Root
                0x08006e40       0x64 build/motion_plan.o
                0x08006e40                Plan_Root
 .text.Plan_Compress
                0x08006ea4      0x108 build/motion_plan.o
                0x08006ea4                Plan_Compress
 .text.Plan_Fast
                0x08006fac       0xb4 build/motion_plan.o
                0x08006fac                Plan_Fast
 .text.Reset_Handler
                0x08007060       0x50 build/startup_stm32f405xx.o
                0x08007060                Reset_Handler
 .text.Default_Handler
                0x080070b0        0x2 build/startup_stm32f405xx.o
                0x080070b0                RTC_Alarm_IRQHandler
                0x080070b0                HASH_RNG_IRQHandler
                0x080070b0                EXTI2_IRQHandler
                0x080070b0                TIM8_CC_IRQHandler
                0x080070b0                TIM1_CC_IRQHandler
                0x080070b0                DMA2_Stream5_IRQHandler
                0x080070b0                DMA1_Stream5_IRQHandler
                0x080070b0                PVD_IRQHandler
                0x080070b0                SDIO_IRQHandler
                0x080070b0                TAMP_STAMP_IRQHandler
                0x080070b0                CAN2_RX1_IRQHandler
                0x080070b0                EXTI3_IRQHandler
                0x080070b0                TIM8_TRG_COM_TIM14_IRQHandler
                0x080070b0                TIM1_UP_TIM10_IRQHandler
                0x080070b0                TIM8_UP_TIM13_IRQHandler
                0x080070b0                I2C3_ER_IRQHandler
                0x080070b0                EXTI0_IRQHandler
                0x080070b0                I2C2_EV_IRQHandler
                0x080070b0                DMA1_Stream2_IRQHandler
                0x080070b0                CAN1_RX0_IRQHandler
                0x080070b0                FPU_IRQHandler
                0x080070b0                OTG_HS_WKUP_IRQHandler
                0x080070b0                CAN2_SCE_IRQHandler
                0x080070b0                DMA2_Stream2_IRQHandler
                0x080070b0                SPI1_IRQHandler
                0x080070b0                TIM6_DAC_IRQHandler
                0x080070b0                TIM1_BRK_TIM9_IRQHandler
                0x080070b0                CAN2_RX0_IRQHandler
                0x080070b0                DMA2_Stream3_IRQHandler
                0x080070b0                USART6_IRQHandler
                0x080070b0                USART3_IRQHandler
                0x080070b0                CAN1_RX1_IRQHandler
                0x080070b0                UART5_IRQHandler
                0x080070b0                DMA2_Stream0_IRQHandler
                0x080070b0                TIM4_IRQHandler
                0x080070b0                I2C1_EV_IRQHandler
                0x080070b0                DMA1_Stream6_IRQHandler
                0x080070b0                DMA1_Stream1_IRQHandler
                0x080070b0                UART4_IRQHandler
                0x080070b0                TIM3_IRQHandler
                0x080070b0                RCC_IRQHandler
                0x080070b0                TIM8_BRK_TIM12_IRQHandler
                0x080070b0                Default_Handler
                0x080070b0                EXTI15_10_IRQHandler
                0x080070b0                ADC_IRQHandler
                0x080070b0                DMA1_Stream7_IRQHandler
                0x080070b0                TIM7_IRQHandler
                0x080070b0                CAN2_TX_IRQHandler
                0x080070b0                TIM5_IRQHandler
                0x080070b0                DMA2_Stream7_IRQHandler
                0x080070b0                I2C3_EV_IRQHandler
                0x080070b0                EXTI9_5_IRQHandler
                0x080070b0                RTC_WKUP_IRQHandler
                0x080070b0                SPI2_IRQHandler
                0x080070b0                OTG_HS_EP1_IN_IRQHandler
                0x080070b0                DMA1_Stream0_IRQHandler
                0x080070b0                CAN1_TX_IRQHandler
                0x080070b0                EXTI4_IRQHandler
                0x080070b0                FSMC_IRQHandler
                0x080070b0                OTG_HS_EP1_OUT_IRQHandler
                0x080070b0                WWDG_IRQHandler
                0x080070b0                TIM2_IRQHandler
                0x080070b0                OTG_FS_WKUP_IRQHandler
                0x080070b0                TIM1_TRG_COM_TIM11_IRQHandler
                0x080070b0                OTG_HS_IRQHandler
                0x080070b0                EXTI1_IRQHandler
                0x080070b0                USART2_IRQHandler
                0x080070b0                I2C2_ER_IRQHandler
                0x080070b0                DMA2_Stream1_IRQHandler
                0x080070b0                CAN1_SCE_IRQHandler
                0x080070b0                FLASH_IRQHandler
                0x080070b0                USART1_IRQHandler
                0x080070b0                OTG_FS_IRQHandler
                0x080070b0                SPI3_IRQHandler
                0x080070b0                DMA1_Stream4_IRQHandler
                0x080070b0                I2C1_ER_IRQHandler
                0x080070b0                DMA2_Stream6_IRQHandler
                0x080070b0                DMA1_Stream3_IRQHandler
 *fill*         0x080070b2        0x2 
 .text.__errno  0x080070b4        0xc c:/program files (x86)/gnu tools arm embedded/7 2017-q4-major/bin/../lib/gcc/arm-none-eabi/7.2.1/../../../../arm-none-eabi/lib/thumb/v7e-m/fpv4-sp/hard\libc_nano.a(lib_a-errno.o)
                0x080070b4                __errno
 .text.__libc_init_array
                0x080070c0       0x48 c:/program files (x86)/gnu tools arm embedded/7 2017-q4-major/bin/../lib/gcc/arm-none-eabi/7.2.1/../../../../arm-none-eabi/lib/thumb/v7e-m/fpv4-sp/hard\libc_nano.a(lib_a-init.o)
                0x080070c0                __libc_init_array
 .text.memcpy   0x08007108       0x16 c:/program files (x86)/gnu tools arm embedded/7 2017-q4-major/bin/../lib/gcc/arm-none-eabi/7.2.1/../../../../arm-none-eabi/lib/thumb/v7e-m/fpv4-sp/hard\libc_nano.a(lib_a-memcpy-stub.o)
                0x08007108                memcpy
 .text.memset   0x0800711e       0x10 c:/program files (x86)/gnu tools arm embedded/7 2017-q4-major/bin/../lib/gcc/arm-none-eabi/7.2.1/../../../../arm-none-eabi/lib/thumb/v7e-m/fpv4-sp/hard\libc_nano.a(lib_a-memset.o)
                0x0800711e                memset
 .text.__cvt    0x0800712e       0xc2 c:/program files (x86)/gnu tools arm embedded/7 2017-q4-major/bin/../lib/gcc/arm-none-eabi/7.2.1/../../../../arm-none-eabi/lib/thumb/v7e-m/fpv4-sp/hard\libc_nano.a(lib_a-nano-vfprintf_float.o)
                0x0800712e                __cvt
 .text.__exponent
                0x080071f0       0x66 c:/program files (x86)/gnu tools arm embedded/7 2017-q4-major/bin/../lib/gcc/arm-none-eabi/7.2.1/../../../../arm-none-eabi/lib/thumb/v7e-m/fpv4-sp/hard\libc_nano.a(lib_a-nano-vfprintf_float.o)
                0x080071f0                __exponent
 *fill*         0x08007256        0x2 
 .text._printf_float
                0x08007258      0x480 c:/program files (x86)/gnu tools arm embedded/7 2017-q4-major/bin/../lib/gcc/arm-none-eabi/7.2.1/../../../../arm-none-eabi/lib/thumb/v7e-m/fpv4-sp/hard\libc_nano.a(lib_a-nano-vfprintf_float.o)
                0x08007258                _printf_float
 .text._printf_common
                0x080076d8       0xea c:/program files (x86)/gnu tools arm embedded/7 2017-q4-major/bin/../lib/gcc/arm-none-eabi/7.2.1/../../../../arm-none-eabi/lib/thumb/v7e-m/fpv4-sp/hard\libc_nano.a(lib_a-nano-vfprintf_i.o)
                0x080076d8                _printf_common
 *fill*         0x080077c2        0x2 
 .text._printf_i
                0x080077c4      0x224 c:/program files (x86)/gnu tools arm embedded/7 2017-q4-major/bin/../lib/gcc/arm-none-eabi/7.2.1/../../../../arm-none-eabi/lib/thumb/v7e-m/fpv4-sp/hard\libc_nano.a(lib_a-nano-vfprintf_i.o)
                0x080077c4                _printf_i
 .text.printf   0x080079e8       0x30 c:/program files (x86)/gnu tools arm embedded/7 2017-q4-major/bin/../lib/gcc/arm-none-eabi/7.2.1/../../../../arm-none-eabi/lib/thumb/v7e-m/fpv4-sp/hard\libc_nano.a(lib_a-printf.o)
                0x080079e8                iprintf
                0x080079e8                printf
 .text.putchar  0x08007a18       0x28 c:/program files (x86)/gnu tools arm embedded/7 2017-q4-major/bin/../lib/gcc/arm-none-eabi/7.2.1/../../../../arm-none-eabi/lib/thumb/v7e-m/fpv4-sp/hard\libc_nano.a(lib_a-putchar.o)
                0x08007a18                putchar
 .text._puts_r  0x08007a40       0xb8 c:/program files (x86)/gnu tools arm embedded/7 2017-q4-major/bin/../lib/gcc/arm-none-eabi/7.2.1/../../../../arm-none-eabi/lib/thumb/v7e-m/fpv4-sp/hard\libc_nano.a(lib_a-puts.o)
                0x08007a40                _puts_r
 .text.puts     0x08007af8       0x10 c:/program files (x86)/gnu tools arm embedded/7 2017-q4-major/bin/../lib/gcc/arm-none-eabi/7.2.1/../../../../arm-none-eabi/lib/thumb/v7e-m/fpv4-sp/hard\libc_nano.a(lib_a-puts.o)
                0x08007af8                puts
 .text.setbuf   0x08007b08       0x10 c:/program files (x86)/gnu tools arm embedded/7 2017-q4-major/bin/../lib/gcc/arm-none-eabi/7.2.1/../../../../arm-none-eabi/lib/thumb/v7e-m/fpv4-sp/hard\libc_nano.a(lib_a-setbuf.o)
                0x08007b08                setbuf
 .text.setvbuf  0x08007b18      0x15c c:/program files (x86)/gnu tools arm embedded/7 2017-q4-major/bin/../lib/gcc/arm-none-eabi/7.2.1/../../../../arm-none-eabi/lib/thumb/v7e-m/fpv4-sp/hard\libc_nano.a(lib_a-setvbuf.o)
                0x08007b18                setvbuf
 .text.__swbuf_r
                0x08007c74       0xa4 c:/program files (x86)/gnu tools arm embedded/7 2017-q4-major/bin/../lib/gcc/arm-none-eabi/7.2.1/../../../../arm-none-eabi/lib/thumb/v7e-m/fpv4-sp/hard\libc_nano.a(lib_a-wbuf.o)
                0x08007c74                __swbuf_r
 .text.__swsetup_r
                0x08007d18       0xdc c:/program files (x86)/gnu tools arm embedded/7 2017-q4-major/bin/../lib/gcc/arm-none-eabi/7.2.1/../../../../arm-none-eabi/lib/thumb/v7e-m/fpv4-sp/hard\libc_nano.a(lib_a-wsetup.o)
                0x08007d18                __swsetup_r
 .text.quorem   0x08007df4      0x118 c:/program files (x86)/gnu tools arm embedded/7 2017-q4-major/bin/../lib/gcc/arm-none-eabi/7.2.1/../../../../arm-none-eabi/lib/thumb/v7e-m/fpv4-sp/hard\libc_nano.a(lib_a-dtoa.o)
 *fill*         0x08007f0c        0x4 
 .text._dtoa_r  0x08007f10      0xb70 c:/program files (x86)/gnu tools arm embedded/7 2017-q4-major/bin/../lib/gcc/arm-none-eabi/7.2.1/../../../../arm-none-eabi/lib/thumb/v7e-m/fpv4-sp/hard\libc_nano.a(lib_a-dtoa.o)
                0x08007f10                _dtoa_r
 .text.__sflush_r
                0x08008a80      0x10c c:/program files (x86)/gnu tools arm embedded/7 2017-q4-major/bin/../lib/gcc/arm-none-eabi/7.2.1/../../../../arm-none-eabi/lib/thumb/v7e-m/fpv4-sp/hard\libc_nano.a(lib_a-fflush.o)
                0x08008a80                __sflush_r
 .text._fflush_r
                0x08008b8c       0x54 c:/program files (x86)/gnu tools arm embedded/7 2017-q4-major/bin/../lib/gcc/arm-none-eabi/7.2.1/../../../../arm-none-eabi/lib/thumb/v7e-m/fpv4-sp/hard\libc_nano.a(lib_a-fflush.o)
                0x08008b8c                _fflush_r
 .text.std      0x08008be0       0x48 c:/program files (x86)/gnu tools arm embedded/7 2017-q4-major/bin/../lib/gcc/arm-none-eabi/7.2.1/../../../../arm-none-eabi/lib/thumb/v7e-m/fpv4-sp/hard\libc_nano.a(lib_a-findfp.o)
 .text._cleanup_r
                0x08008c28        0xc c:/program files (x86)/gnu tools arm embedded/7 2017-q4-major/bin/../lib/gcc/arm-none-eabi/7.2.1/../../../../arm-none-eabi/lib/thumb/v7e-m/fpv4-sp/hard\libc_nano.a(lib_a-findfp.o)
                0x08008c28                _cleanup_r
 .text.__sfmoreglue
                0x08008c34       0x2c c:/program files (x86)/gnu tools arm embedded/7 2017-q4-major/bin/../lib/gcc/arm-none-eabi/7.2.1/../../../../arm-none-eabi/lib/thumb/v7e-m/fpv4-sp/hard\libc_nano.a(lib_a-findfp.o)
                0x08008c34                __sfmoreglue
 .text.__sinit  0x08008c60       0x60 c:/program files (x86)/gnu tools arm embedded/7 2017-q4-major/bin/../lib/gcc/arm-none-eabi/7.2.1/../../../../arm-none-eabi/lib/thumb/v7e-m/fpv4-sp/hard\libc_nano.a(lib_a-findfp.o)
                0x08008c60                __sinit
 .text.__sfp    0x08008cc0       0x78 c:/program files (x86)/gnu tools arm embedded/7 2017-q4-major/bin/../lib/gcc/arm-none-eabi/7.2.1/../../../../arm-none-eabi/lib/thumb/v7e-m/fpv4-sp/hard\libc_nano.a(lib_a-findfp.o)
                0x08008cc0                __sfp
 .text._fwalk_reent
                0x08008d38       0x3c c:/program files (x86)/gnu tools arm embedded/7 2017-q4-major/bin/../lib/gcc/arm-none-eabi/7.2.1/../../../../arm-none-eabi/lib/thumb/v7e-m/fpv4-sp/hard\libc_nano.a(lib_a-fwalk.o)
                0x08008d38                _fwalk_reent
 .text._localeconv_r
                0x08008d74       0x1c c:/program files (x86)/gnu tools arm embedded/7 2017-q4-major/bin/../lib/gcc/arm-none-eabi/7.2.1/../../../../arm-none-eabi/lib/thumb/v7e-m/fpv4-sp/hard\libc_nano.a(lib_a-localeconv.o)
                0x08008d74                _localeconv_r
 .text.__swhatbuf_r
                0x08008d90       0x48 c:/program files (x86)/gnu tools arm embedded/7 2017-q4-major/bin/../lib/gcc/arm-none-eabi/7.2.1/../../../../arm-none-eabi/lib/thumb/v7e-m/fpv4-sp/hard\libc_nano.a(lib_a-makebuf.o)
                0x08008d90                __swhatbuf_r
 .text.__smakebuf_r
                0x08008dd8       0x80 c:/program files (x86)/gnu tools arm embedded/7 2017-q4-major/bin/../lib/gcc/arm-none-eabi/7.2.1/../../../../arm-none-eabi/lib/thumb/v7e-m/fpv4-sp/hard\libc_nano.a(lib_a-makebuf.o)
                0x08008dd8                __smakebuf_r
 .text.malloc   0x08008e58       0x10 c:/program files (x86)/gnu tools arm embedded/7 2017-q4-major/bin/../lib/gcc/arm-none-eabi/7.2.1/../../../../arm-none-eabi/lib/thumb/v7e-m/fpv4-sp/hard\libc_nano.a(lib_a-malloc.o)
                0x08008e58                malloc
 .text._Balloc  0x08008e68       0x68 c:/program files (x86)/gnu tools arm embedded/7 2017-q4-major/bin/../lib/gcc/arm-none-eabi/7.2.1/../../../../arm-none-eabi/lib/thumb/v7e-m/fpv4-sp/hard\libc_nano.a(lib_a-mprec.o)
                0x08008e68                _Balloc
 .text._Bfree   0x08008ed0       0x2e c:/program files (x86)/gnu tools arm embedded/7 2017-q4-major/bin/../lib/gcc/arm-none-eabi/7.2.1/../../../../arm-none-eabi/lib/thumb/v7e-m/fpv4-sp/hard\libc_nano.a(lib_a-mprec.o)
                0x08008ed0                _Bfree
 .text.__multadd
                0x08008efe       0x76 c:/program files (x86)/gnu tools arm embedded/7 2017-q4-major/bin/../lib/gcc/arm-none-eabi/7.2.1/../../../../arm-none-eabi/lib/thumb/v7e-m/fpv4-sp/hard\libc_nano.a(lib_a-mprec.o)
                0x08008efe                __multadd
 .text.__hi0bits
                0x08008f74       0x3e c:/program files (x86)/gnu tools arm embedded/7 2017-q4-major/bin/../lib/gcc/arm-none-eabi/7.2.1/../../../../arm-none-eabi/lib/thumb/v7e-m/fpv4-sp/hard\libc_nano.a(lib_a-mprec.o)
                0x08008f74                __hi0bits
 .text.__lo0bits
                0x08008fb2       0x5e c:/program files (x86)/gnu tools arm embedded/7 2017-q4-major/bin/../lib/gcc/arm-none-eabi/7.2.1/../../../../arm-none-eabi/lib/thumb/v7e-m/fpv4-sp/hard\libc_nano.a(lib_a-mprec.o)
                0x08008fb2                __lo0bits
 .text.__i2b    0x08009010       0x12 c:/program files (x86)/gnu tools arm embedded/7 2017-q4-major/bin/../lib/gcc/arm-none-eabi/7.2.1/../../../../arm-none-eabi/lib/thumb/v7e-m/fpv4-sp/hard\libc_nano.a(lib_a-mprec.o)
                0x08009010                __i2b
 .text.__multiply
                0x08009022      0x12c c:/program files (x86)/gnu tools arm embedded/7 2017-q4-major/bin/../lib/gcc/arm-none-eabi/7.2.1/../../../../arm-none-eabi/lib/thumb/v7e-m/fpv4-sp/hard\libc_nano.a(lib_a-mprec.o)
                0x08009022                __multiply
 *fill*         0x0800914e        0x2 
 .text.__pow5mult
                0x08009150       0x9c c:/program files (x86)/gnu tools arm embedded/7 2017-q4-major/bin/../lib/gcc/arm-none-eabi/7.2.1/../../../../arm-none-eabi/lib/thumb/v7e-m/fpv4-sp/hard\libc_nano.a(lib_a-mprec.o)
                0x08009150                __pow5mult
 .text.__lshift
                0x080091ec       0xa8 c:/program files (x86)/gnu tools arm embedded/7 2017-q4-major/bin/../lib/gcc/arm-none-eabi/7.2.1/../../../../arm-none-eabi/lib/thumb/v7e-m/fpv4-sp/hard\libc_nano.a(lib_a-mprec.o)
                0x080091ec                __lshift
 .text.__mcmp   0x08009294       0x34 c:/program files (x86)/gnu tools arm embedded/7 2017-q4-major/bin/../lib/gcc/arm-none-eabi/7.2.1/../../../../arm-none-eabi/lib/thumb/v7e-m/fpv4-sp/hard\libc_nano.a(lib_a-mprec.o)
                0x08009294                __mcmp
 .text.__mdiff  0x080092c8       0xba c:/program files (x86)/gnu tools arm embedded/7 2017-q4-major/bin/../lib/gcc/arm-none-eabi/7.2.1/../../../../arm-none-eabi/lib/thumb/v7e-m/fpv4-sp/hard\libc_nano.a(lib_a-mprec.o)
                0x080092c8                __mdiff
 .text.__d2b    0x08009382       0x9e c:/program files (x86)/gnu tools arm embedded/7 2017-q4-major/bin/../lib/gcc/arm-none-eabi/7.2.1/../../../../arm-none-eabi/lib/thumb/v7e-m/fpv4-sp/hard\libc_nano.a(lib_a-mprec.o)
                0x08009382                __d2b
 .text._calloc_r
                0x08009420       0x1c c:/program files (x86)/gnu tools arm embedded/7 2017-q4-major/bin/../lib/gcc/arm-none-eabi/7.2.1/../../../../arm-none-eabi/lib/thumb/v7e-m/fpv4-sp/hard\libc_nano.a(lib_a-nano-callocr.o)
                0x08009420                _calloc_r
 .text._free_r  0x0800943c       0x9c c:/program files (x86)/gnu tools arm embedded/7 2017-q4-major/bin/../lib/gcc/arm-none-eabi/7.2.1/../../../../arm-none-eabi/lib/thumb/v7e-m/fpv4-sp/hard\libc_nano.a(lib_a-nano-freer.o)
                0x0800943c                _free_r
 .text._malloc_r
                0x080094d8       0xb4 c:/program files (x86)/gnu tools arm embedded/7 2017-q4-major/bin/../lib/gcc/arm-none-eabi/7.2.1/../../../../arm-none-eabi/lib/thumb/v7e-m/fpv4-sp/hard\libc_nano.a(lib_a-nano-mallocr.o)
                0x080094d8                _malloc_r
 .text.__sfputc_r
                0x0800958c       0x2e c:/program files (x86)/gnu tools arm embedded/7 2017-q4-major/bin/../lib/gcc/arm-none-eabi/7.2.1/../../../../arm-none-eabi/lib/thumb/v7e-m/fpv4-sp/hard\libc_nano.a(lib_a-nano-vfprintf.o)
 .text.__sfputs_r
                0x080095ba       0x24 c:/program files (x86)/gnu tools arm embedded/7 2017-q4-major/bin/../lib/gcc/arm-none-eabi/7.2.1/../../../../arm-none-eabi/lib/thumb/v7e-m/fpv4-sp/hard\libc_nano.a(lib_a-nano-vfprintf.o)
                0x080095ba                __sfputs_r
 *fill*         0x080095de        0x2 
 .text._vfprintf_r
                0x080095e0      0x228 c:/program files (x86)/gnu tools arm embedded/7 2017-q4-major/bin/../lib/gcc/arm-none-eabi/7.2.1/../../../../arm-none-eabi/lib/thumb/v7e-m/fpv4-sp/hard\libc_nano.a(lib_a-nano-vfprintf.o)
                0x080095e0                _vfprintf_r
                0x080095e0                _vfiprintf_r
 .text._putc_r  0x08009808       0x6c c:/program files (x86)/gnu tools arm embedded/7 2017-q4-major/bin/../lib/gcc/arm-none-eabi/7.2.1/../../../../arm-none-eabi/lib/thumb/v7e-m/fpv4-sp/hard\libc_nano.a(lib_a-putc.o)
                0x08009808                _putc_r
 .text._sbrk_r  0x08009874       0x20 c:/program files (x86)/gnu tools arm embedded/7 2017-q4-major/bin/../lib/gcc/arm-none-eabi/7.2.1/../../../../arm-none-eabi/lib/thumb/v7e-m/fpv4-sp/hard\libc_nano.a(lib_a-sbrkr.o)
                0x08009874                _sbrk_r
 .text.__sread  0x08009894       0x22 c:/program files (x86)/gnu tools arm embedded/7 2017-q4-major/bin/../lib/gcc/arm-none-eabi/7.2.1/../../../../arm-none-eabi/lib/thumb/v7e-m/fpv4-sp/hard\libc_nano.a(lib_a-stdio.o)
                0x08009894                __sread
 .text.__swrite
                0x080098b6       0x38 c:/program files (x86)/gnu tools arm embedded/7 2017-q4-major/bin/../lib/gcc/arm-none-eabi/7.2.1/../../../../arm-none-eabi/lib/thumb/v7e-m/fpv4-sp/hard\libc_nano.a(lib_a-stdio.o)
                0x080098b6                __swrite
 .text.__sseek  0x080098ee       0x24 c:/program files (x86)/gnu tools arm embedded/7 2017-q4-major/bin/../lib/gcc/arm-none-eabi/7.2.1/../../../../arm-none-eabi/lib/thumb/v7e-m/fpv4-sp/hard\libc_nano.a(lib_a-stdio.o)
                0x080098ee                __sseek
 .text.__sclose
                0x08009912        0x8 c:/program files (x86)/gnu tools arm embedded/7 2017-q4-major/bin/../lib/gcc/arm-none-eabi/7.2.1/../../../../arm-none-eabi/lib/thumb/v7e-m/fpv4-sp/hard\libc_nano.a(lib_a-stdio.o)
                0x08009912                __sclose
 *fill*         0x0800991a        0x2 
 .text._write_r
                0x0800991c       0x24 c:/program files (x86)/gnu tools arm embedded/7 2017-q4-major/bin/../lib/gcc/arm-none-eabi/7.2.1/../../../../arm-none-eabi/lib/thumb/v7e-m/fpv4-sp/hard\libc_nano.a(lib_a-writer.o)
                0x0800991c                _write_r
 .text._close_r
                0x08009940       0x20 c:/program files (x86)/gnu tools arm embedded/7 2017-q4-major/bin/../lib/gcc/arm-none-eabi/7.2.1/../../../../arm-none-eabi/lib/thumb/v7e-m/fpv4-sp/hard\libc_nano.a(lib_a-closer.o)
                0x08009940                _close_r
 .text._fstat_r
                0x08009960       0x24 c:/program files (x86)/gnu tools arm embedded/7 2017-q4-major/bin/../lib/gcc/arm-none-eabi/7.2.1/../../../../arm-none-eabi/lib/thumb/v7e-m/fpv4-sp/hard\libc_nano.a(lib_a-fstatr.o)
                0x08009960                _fstat_r
 .text._isatty_r
                0x08009984       0x20 c:/program files (x86)/gnu tools arm embedded/7 2017-q4-major/bin/../lib/gcc/arm-none-eabi/7.2.1/../../../../arm-none-eabi/lib/thumb/v7e-m/fpv4-sp/hard\libc_nano.a(lib_a-isattyr.o)
                0x08009984                _isatty_r
 .text._lseek_r
                0x080099a4       0x24 c:/program files (x86)/gnu tools arm embedded/7 2017-q4-major/bin/../lib/gcc/arm-none-eabi/7.2.1/../../../../arm-none-eabi/lib/thumb/v7e-m/fpv4-sp/hard\libc_nano.a(lib_a-lseekr.o)
                0x080099a4                _lseek_r
 .text.__ascii_mbtowc
                0x080099c8       0x24 c:/program files (x86)/gnu tools arm embedded/7 2017-q4-major/bin/../lib/gcc/arm-none-eabi/7.2.1/../../../../arm-none-eabi/lib/thumb/v7e-m/fpv4-sp/hard\libc_nano.a(lib_a-mbtowc_r.o)
                0x080099c8                __ascii_mbtowc
 .text.__malloc_lock
                0x080099ec        0x2 c:/program files (x86)/gnu tools arm embedded/7 2017-q4-major/bin/../lib/gcc/arm-none-eabi/7.2.1/../../../../arm-none-eabi/lib/thumb/v7e-m/fpv4-sp/hard\libc_nano.a(lib_a-mlock.o)
                0x080099ec                __malloc_lock
 .text.__malloc_unlock
                0x080099ee        0x2 c:/program files (x86)/gnu tools arm embedded/7 2017-q4-major/bin/../lib/gcc/arm-none-eabi/7.2.1/../../../../arm-none-eabi/lib/thumb/v7e-m/fpv4-sp/hard\libc_nano.a(lib_a-mlock.o)
                0x080099ee                __malloc_unlock
 .text._read_r  0x080099f0       0x24 c:/program files (x86)/gnu tools arm embedded/7 2017-q4-major/bin/../lib/gcc/arm-none-eabi/7.2.1/../../../../arm-none-eabi/lib/thumb/v7e-m/fpv4-sp/hard\libc_nano.a(lib_a-readr.o)
                0x080099f0                _read_r
 .text.__ascii_wctomb
                0x08009a14       0x1a c:/program files (x86)/gnu tools arm embedded/7 2017-q4-major/bin/../lib/gcc/arm-none-eabi/7.2.1/../../../../arm-none-eabi/lib/thumb/v7e-m/fpv4-sp/hard\libc_nano.a(lib_a-wctomb_r.o)
                0x08009a14                __ascii_wctomb
 *(.glue_7)
 .glue_7        0x08009a2e        0x0 linker stubs
 *(.glue_7t)
 .glue_7t       0x08009a2e        0x0 linker stubs
 *(.eh_frame)
 *fill*         0x08009a2e        0x2 
 .eh_frame      0x08009a30        0x0 c:/program files (x86)/gnu tools arm embedded/7 2017-q4-major/bin/../lib/gcc/arm-none-eabi/7.2.1/thumb/v7e-m/fpv4-sp/hard/crtbegin.o
 *(.init)
 .init          0x08009a30        0x4 c:/program files (x86)/gnu tools arm embedded/7 2017-q4-major/bin/../lib/gcc/arm-none-eabi/7.2.1/thumb/v7e-m/fpv4-sp/hard/crti.o
                0x08009a30                _init
 .init          0x08009a34        0x8 c:/program files (x86)/gnu tools arm embedded/7 2017-q4-major/bin/../lib/gcc/arm-none-eabi/7.2.1/thumb/v7e-m/fpv4-sp/hard/crtn.o
 *(.fini)
 .fini          0x08009a3c        0x4 c:/program files (x86)/gnu tools arm embedded/7 2017-q4-major/bin/../lib/gcc/arm-none-eabi/7.2.1/thumb/v7e-m/fpv4-sp/hard/crti.o
                0x08009a3c                _fini
 .fini          0x08009a40        0x8 c:/program files (x86)/gnu tools arm embedded/7 2017-q4-major/bin/../lib/gcc/arm-none-eabi/7.2.1/thumb/v7e-m/fpv4-sp/hard/crtn.o
                0x08009a48                . = ALIGN (0x4)
                0x08009a48                _etext = .

.vfp11_veneer   0x08009a48        0x0
 .vfp11_veneer  0x08009a48        0x0 linker stubs

.v4_bx          0x08009a48        0x0
 .v4_bx         0x08009a48        0x0 linker stubs

.iplt           0x08009a48        0x0
 .iplt          0x08009a48        0x0 c:/program files (x86)/gnu tools arm embedded/7 2017-q4-major/bin/../lib/gcc/arm-none-eabi/7.2.1/thumb/v7e-m/fpv4-sp/hard/crtbegin.o

.rodata         0x08009a48      0x370
                0x08009a48                . = ALIGN (0x4)
 *(.rodata)
 *(.rodata*)
 .rodata.flagBitshiftOffset.9184
                0x08009a48        0x8 build/stm32f4xx_hal_dma.o
 .rodata.MX_SPI2_Init.str1.4
                0x08009a50        0xa build/spi.o
 *fill*         0x08009a5a        0x2 
 .rodata.set_mpu6500.str1.4
                0x08009a5c        0xe build/spi.o
 *fill*         0x08009a6a        0x2 
 .rodata.MX_ADC1_Init.str1.4
                0x08009a6c        0xa build/adc.o
 *fill*         0x08009a76        0x2 
 .rodata.Main_Init.str1.4
                0x08009a78        0x5 build/main.o
 *fill*         0x08009a7d        0x3 
 .rodata.SystemClock_Config.str1.4
                0x08009a80        0xb build/main.o
 *fill*         0x08009a8b        0x1 
 .rodata.MX_TIM3_Init.str1.4
                0x08009a8c        0xa build/tim.o
 *fill*         0x08009a96        0x2 
 .rodata.AHBPrescTable
                0x08009a98       0x10 build/system_stm32f4xx.o
                0x08009a98                AHBPrescTable
 .rodata.APBPrescTable
                0x08009aa8        0x8 build/system_stm32f4xx.o
                0x08009aa8                APBPrescTable
 .rodata.MX_USART3_UART_Init.str1.4
                0x08009ab0        0xc build/usart.o
 .rodata.Mode_Select.str1.4
                0x08009abc        0x4 build/mode.o
 .rodata.Mode_Sensor_Check.str1.4
                0x08009ac0       0x1d build/mode.o
 *fill*         0x08009add        0x3 
 .rodata.Maze_Printf.str1.4
                0x08009ae0       0x14 build/maze_info.o
 .rodata._global_impure_ptr
                0x08009af4        0x4 c:/program files (x86)/gnu tools arm embedded/7 2017-q4-major/bin/../lib/gcc/arm-none-eabi/7.2.1/../../../../arm-none-eabi/lib/thumb/v7e-m/fpv4-sp/hard\libc_nano.a(lib_a-impure.o)
                0x08009af4                _global_impure_ptr
 .rodata._printf_float.str1.1
                0x08009af8       0x12 c:/program files (x86)/gnu tools arm embedded/7 2017-q4-major/bin/../lib/gcc/arm-none-eabi/7.2.1/../../../../arm-none-eabi/lib/thumb/v7e-m/fpv4-sp/hard\libc_nano.a(lib_a-nano-vfprintf_float.o)
 .rodata._printf_i.str1.1
                0x08009b0a       0x22 c:/program files (x86)/gnu tools arm embedded/7 2017-q4-major/bin/../lib/gcc/arm-none-eabi/7.2.1/../../../../arm-none-eabi/lib/thumb/v7e-m/fpv4-sp/hard\libc_nano.a(lib_a-nano-vfprintf_i.o)
 .rodata._dtoa_r.str1.1
                0x08009b2c        0xd c:/program files (x86)/gnu tools arm embedded/7 2017-q4-major/bin/../lib/gcc/arm-none-eabi/7.2.1/../../../../arm-none-eabi/lib/thumb/v7e-m/fpv4-sp/hard\libc_nano.a(lib_a-dtoa.o)
                                  0xf (size before relaxing)
 *fill*         0x08009b39        0x3 
 .rodata.__sf_fake_stderr
                0x08009b3c       0x20 c:/program files (x86)/gnu tools arm embedded/7 2017-q4-major/bin/../lib/gcc/arm-none-eabi/7.2.1/../../../../arm-none-eabi/lib/thumb/v7e-m/fpv4-sp/hard\libc_nano.a(lib_a-findfp.o)
                0x08009b3c                __sf_fake_stderr
 .rodata.__sf_fake_stdin
                0x08009b5c       0x20 c:/program files (x86)/gnu tools arm embedded/7 2017-q4-major/bin/../lib/gcc/arm-none-eabi/7.2.1/../../../../arm-none-eabi/lib/thumb/v7e-m/fpv4-sp/hard\libc_nano.a(lib_a-findfp.o)
                0x08009b5c                __sf_fake_stdin
 .rodata.__sf_fake_stdout
                0x08009b7c       0x20 c:/program files (x86)/gnu tools arm embedded/7 2017-q4-major/bin/../lib/gcc/arm-none-eabi/7.2.1/../../../../arm-none-eabi/lib/thumb/v7e-m/fpv4-sp/hard\libc_nano.a(lib_a-findfp.o)
                0x08009b7c                __sf_fake_stdout
 *fill*         0x08009b9c        0x4 
 .rodata.__mprec_bigtens
                0x08009ba0       0x28 c:/program files (x86)/gnu tools arm embedded/7 2017-q4-major/bin/../lib/gcc/arm-none-eabi/7.2.1/../../../../arm-none-eabi/lib/thumb/v7e-m/fpv4-sp/hard\libc_nano.a(lib_a-mprec.o)
                0x08009ba0                __mprec_bigtens
 .rodata.__mprec_tens
                0x08009bc8       0xc8 c:/program files (x86)/gnu tools arm embedded/7 2017-q4-major/bin/../lib/gcc/arm-none-eabi/7.2.1/../../../../arm-none-eabi/lib/thumb/v7e-m/fpv4-sp/hard\libc_nano.a(lib_a-mprec.o)
                0x08009bc8                __mprec_tens
 .rodata.p05.7359
                0x08009c90        0xc c:/program files (x86)/gnu tools arm embedded/7 2017-q4-major/bin/../lib/gcc/arm-none-eabi/7.2.1/../../../../arm-none-eabi/lib/thumb/v7e-m/fpv4-sp/hard\libc_nano.a(lib_a-mprec.o)
 .rodata._vfprintf_r.str1.1
                0x08009c9c       0x11 c:/program files (x86)/gnu tools arm embedded/7 2017-q4-major/bin/../lib/gcc/arm-none-eabi/7.2.1/../../../../arm-none-eabi/lib/thumb/v7e-m/fpv4-sp/hard\libc_nano.a(lib_a-nano-vfprintf.o)
 .rodata._setlocale_r.str1.1
                0x08009cad        0x8 c:/program files (x86)/gnu tools arm embedded/7 2017-q4-major/bin/../lib/gcc/arm-none-eabi/7.2.1/../../../../arm-none-eabi/lib/thumb/v7e-m/fpv4-sp/hard\libc_nano.a(lib_a-locale.o)
                                  0x9 (size before relaxing)
 .rodata.str1.1
                0x08009cb5        0x2 c:/program files (x86)/gnu tools arm embedded/7 2017-q4-major/bin/../lib/gcc/arm-none-eabi/7.2.1/../../../../arm-none-eabi/lib/thumb/v7e-m/fpv4-sp/hard\libc_nano.a(lib_a-locale.o)
 .rodata._ctype_
                0x08009cb7      0x101 c:/program files (x86)/gnu tools arm embedded/7 2017-q4-major/bin/../lib/gcc/arm-none-eabi/7.2.1/../../../../arm-none-eabi/lib/thumb/v7e-m/fpv4-sp/hard\libc_nano.a(lib_a-ctype_.o)
                0x08009cb7                _ctype_
                0x08009db8                . = ALIGN (0x4)

.ARM.extab
 *(.ARM.extab* .gnu.linkonce.armextab.*)

.ARM            0x08009db8        0x8
                0x08009db8                __exidx_start = .
 *(.ARM.exidx*)
 .ARM.exidx     0x08009db8        0x8 c:/program files (x86)/gnu tools arm embedded/7 2017-q4-major/bin/../lib/gcc/arm-none-eabi/7.2.1/thumb/v7e-m/fpv4-sp/hard\libgcc.a(_udivmoddi4.o)
                0x08009dc0                __exidx_end = .

.rel.dyn        0x08009dc0        0x0
 .rel.iplt      0x08009dc0        0x0 c:/program files (x86)/gnu tools arm embedded/7 2017-q4-major/bin/../lib/gcc/arm-none-eabi/7.2.1/thumb/v7e-m/fpv4-sp/hard/crtbegin.o

.preinit_array  0x08009dc0        0x0
                0x08009dc0                PROVIDE (__preinit_array_start, .)
 *(.preinit_array*)
                0x08009dc0                PROVIDE (__preinit_array_end, .)

.init_array     0x08009dc0        0x4
                0x08009dc0                PROVIDE (__init_array_start, .)
 *(SORT_BY_NAME(.init_array.*))
 *(.init_array*)
 .init_array    0x08009dc0        0x4 c:/program files (x86)/gnu tools arm embedded/7 2017-q4-major/bin/../lib/gcc/arm-none-eabi/7.2.1/thumb/v7e-m/fpv4-sp/hard/crtbegin.o
                0x08009dc4                PROVIDE (__init_array_end, .)

.fini_array     0x08009dc4        0x4
                [!provide]                PROVIDE (__fini_array_start, .)
 *(SORT_BY_NAME(.fini_array.*))
 *(.fini_array*)
 .fini_array    0x08009dc4        0x4 c:/program files (x86)/gnu tools arm embedded/7 2017-q4-major/bin/../lib/gcc/arm-none-eabi/7.2.1/thumb/v7e-m/fpv4-sp/hard/crtbegin.o
                [!provide]                PROVIDE (__fini_array_end, .)
                0x08009dc8                _sidata = LOADADDR (.data)

.data           0x20000000      0x1dc load address 0x08009dc8
                0x20000000                . = ALIGN (0x4)
                0x20000000                _sdata = .
 *(.data)
 *(.data*)
 .data.SystemCoreClock
                0x20000000        0x4 build/system_stm32f4xx.o
                0x20000000                SystemCoreClock
 .data.uwTickFreq
                0x20000004        0x1 build/stm32f4xx_hal.o
                0x20000004                uwTickFreq
 *fill*         0x20000005        0x3 
 .data.uwTickPrio
                0x20000008        0x4 build/stm32f4xx_hal.o
                0x20000008                uwTickPrio
 .data._impure_ptr
                0x2000000c        0x4 c:/program files (x86)/gnu tools arm embedded/7 2017-q4-major/bin/../lib/gcc/arm-none-eabi/7.2.1/../../../../arm-none-eabi/lib/thumb/v7e-m/fpv4-sp/hard\libc_nano.a(lib_a-impure.o)
                0x2000000c                _impure_ptr
 .data.impure_data
                0x20000010       0x60 c:/program files (x86)/gnu tools arm embedded/7 2017-q4-major/bin/../lib/gcc/arm-none-eabi/7.2.1/../../../../arm-none-eabi/lib/thumb/v7e-m/fpv4-sp/hard\libc_nano.a(lib_a-impure.o)
 .data.__global_locale
                0x20000070      0x16c c:/program files (x86)/gnu tools arm embedded/7 2017-q4-major/bin/../lib/gcc/arm-none-eabi/7.2.1/../../../../arm-none-eabi/lib/thumb/v7e-m/fpv4-sp/hard\libc_nano.a(lib_a-locale.o)
                0x20000070                __global_locale
                0x200001dc                . = ALIGN (0x4)
                0x200001dc                _edata = .
                0x08009fa4                _siccmram = LOADADDR (.ccmram)

.igot.plt       0x200001dc        0x0 load address 0x08009fa4
 .igot.plt      0x200001dc        0x0 c:/program files (x86)/gnu tools arm embedded/7 2017-q4-major/bin/../lib/gcc/arm-none-eabi/7.2.1/thumb/v7e-m/fpv4-sp/hard/crtbegin.o

.ccmram         0x10000000        0x0 load address 0x08009fa4
                0x10000000                . = ALIGN (0x4)
                0x10000000                _sccmram = .
 *(.ccmram)
 *(.ccmram*)
                0x10000000                . = ALIGN (0x4)
                0x10000000                _eccmram = .
                0x10000000                . = ALIGN (0x4)

.bss            0x200001dc      0x6cc
                0x200001dc                _sbss = .
                0x200001dc                __bss_start__ = _sbss
 *(.bss)
 .bss           0x200001dc       0x1c c:/program files (x86)/gnu tools arm embedded/7 2017-q4-major/bin/../lib/gcc/arm-none-eabi/7.2.1/thumb/v7e-m/fpv4-sp/hard/crtbegin.o
 *(.bss*)
 .bss.heap_end.7234
                0x200001f8        0x4 build/syscalls.o
 .bss.add_l     0x200001fc        0x1 build/control.o
                0x200001fc                add_l
 .bss.add_r     0x200001fd        0x1 build/control.o
                0x200001fd                add_r
 *fill*         0x200001fe        0x2 
 .bss.fwall_error_s
                0x20000200        0x4 build/control.o
                0x20000200                fwall_error_s
 .bss.fwall_error_y
                0x20000204        0x4 build/control.o
                0x20000204                fwall_error_y
 .bss.__malloc_free_list
                0x20000208        0x4 c:/program files (x86)/gnu tools arm embedded/7 2017-q4-major/bin/../lib/gcc/arm-none-eabi/7.2.1/../../../../arm-none-eabi/lib/thumb/v7e-m/fpv4-sp/hard\libc_nano.a(lib_a-nano-mallocr.o)
                0x20000208                __malloc_free_list
 .bss.__malloc_sbrk_start
                0x2000020c        0x4 c:/program files (x86)/gnu tools arm embedded/7 2017-q4-major/bin/../lib/gcc/arm-none-eabi/7.2.1/../../../../arm-none-eabi/lib/thumb/v7e-m/fpv4-sp/hard\libc_nano.a(lib_a-nano-mallocr.o)
                0x2000020c                __malloc_sbrk_start
 *(COMMON)
 COMMON         0x20000210       0x6c build/spi.o
                0x20000210                flag_gyro_calc
                0x20000214                hspi2
                0x2000026c                gyro
 COMMON         0x2000027c       0xf0 build/adc.o
                0x2000027c                hadc2
                0x200002c4                hadc1
                0x2000030c                hdma_adc1
 COMMON         0x2000036c      0x120 build/tim.o
                0x2000036c                htim4
                0x200003a8                sMasterConfig
                0x200003b0                enc
                0x200003bc                htim3
                0x200003f8                sConfigOC
                0x20000414                htim1
                0x20000450                htim2
 COMMON         0x2000048c       0x40 build/usart.o
                0x2000048c                huart3
 COMMON         0x200004cc        0x4 build/stm32f4xx_hal.o
                0x200004cc                uwTick
 COMMON         0x200004d0       0x20 build/stm32f4xx_hal_flash.o
                0x200004d0                pFlash
 COMMON         0x200004f0       0x68 build/filter.o
                0x200004f0                ADCOffData
                0x200004f8                ADCOntData
                0x20000500                sen_front
                0x20000510                sen_l
                0x20000520                sen_fr
                0x20000530                sen_fl
                0x20000540                ADCBuff
                0x20000548                sen_r
                0x20000556                adc_counter
 COMMON         0x20000558       0x36 build/control.o
                0x20000558                yawrate_tim
                0x2000055e                flag_front_wall
                0x20000560                enc_sum
                0x20000564                enc_before
                0x20000568                flag_motor
                0x2000056c                straight_tgt
                0x20000574                straight_tim
                0x2000057c                yawrate_tgt
                0x20000584                y_sum
                0x20000588                y_before
                0x2000058c                flag_motion_end
                0x2000058d                flag_wall
 *fill*         0x2000058e        0x2 
 COMMON         0x20000590      0x209 build/maze_info.o
                0x20000590                position
                0x20000594                maze
                0x20000798                direction
 *fill*         0x20000799        0x3 
 COMMON         0x2000079c      0x108 build/motion_plan.o
                0x2000079c                q_motion
 COMMON         0x200008a4        0x4 c:/program files (x86)/gnu tools arm embedded/7 2017-q4-major/bin/../lib/gcc/arm-none-eabi/7.2.1/../../../../arm-none-eabi/lib/thumb/v7e-m/fpv4-sp/hard\libc_nano.a(lib_a-reent.o)
                0x200008a4                errno
                0x200008a8                . = ALIGN (0x4)
                0x200008a8                _ebss = .
                0x200008a8                __bss_end__ = _ebss

._user_heap_stack
                0x200008a8      0x600
                0x200008a8                . = ALIGN (0x8)
                0x200008a8                PROVIDE (end, .)
                [!provide]                PROVIDE (_end, .)
                0x20000aa8                . = (. + _Min_Heap_Size)
 *fill*         0x200008a8      0x200 
                0x20000ea8                . = (. + _Min_Stack_Size)
 *fill*         0x20000aa8      0x400 
                0x20000ea8                . = ALIGN (0x8)

/DISCARD/
 libc.a(*)
 libm.a(*)
 libgcc.a(*)

.ARM.attributes
                0x00000000       0x30
 *(.ARM.attributes)
 .ARM.attributes
                0x00000000       0x22 c:/program files (x86)/gnu tools arm embedded/7 2017-q4-major/bin/../lib/gcc/arm-none-eabi/7.2.1/thumb/v7e-m/fpv4-sp/hard/crti.o
 .ARM.attributes
                0x00000022       0x34 c:/program files (x86)/gnu tools arm embedded/7 2017-q4-major/bin/../lib/gcc/arm-none-eabi/7.2.1/thumb/v7e-m/fpv4-sp/hard/crtbegin.o
 .ARM.attributes
                0x00000056       0x39 build/stm32f4xx_hal_cortex.o
 .ARM.attributes
                0x0000008f       0x39 build/gpio.o
 .ARM.attributes
                0x000000c8       0x39 build/stm32f4xx_hal_dma.o
 .ARM.attributes
                0x00000101       0x39 build/stm32f4xx_it.o
 .ARM.attributes
                0x0000013a       0x39 build/spi.o
 .ARM.attributes
                0x00000173       0x39 build/stm32f4xx_hal_msp.o
 .ARM.attributes
                0x000001ac       0x39 build/stm32f4xx_hal_spi.o
 .ARM.attributes
                0x000001e5       0x39 build/adc.o
 .ARM.attributes
                0x0000021e       0x39 build/stm32f4xx_hal_uart.o
 .ARM.attributes
                0x00000257       0x39 build/main.o
 .ARM.attributes
                0x00000290       0x39 build/stm32f4xx_hal_tim.o
 .ARM.attributes
                0x000002c9       0x39 build/stm32f4xx_hal_gpio.o
 .ARM.attributes
                0x00000302       0x39 build/stm32f4xx_hal_rcc.o
 .ARM.attributes
                0x0000033b       0x39 build/tim.o
 .ARM.attributes
                0x00000374       0x39 build/stm32f4xx_hal_flash_ex.o
 .ARM.attributes
                0x000003ad       0x39 build/system_stm32f4xx.o
 .ARM.attributes
                0x000003e6       0x39 build/usart.o
 .ARM.attributes
                0x0000041f       0x39 build/stm32f4xx_hal.o
 .ARM.attributes
                0x00000458       0x39 build/dma.o
 .ARM.attributes
                0x00000491       0x39 build/stm32f4xx_hal_tim_ex.o
 .ARM.attributes
                0x000004ca       0x39 build/stm32f4xx_hal_adc.o
 .ARM.attributes
                0x00000503       0x39 build/stm32f4xx_hal_flash.o
 .ARM.attributes
                0x0000053c       0x39 build/syscalls.o
 .ARM.attributes
                0x00000575       0x39 build/filter.o
 .ARM.attributes
                0x000005ae       0x39 build/flash.o
 .ARM.attributes
                0x000005e7       0x39 build/interface.o
 .ARM.attributes
                0x00000620       0x39 build/mode.o
 .ARM.attributes
                0x00000659       0x39 build/control.o
 .ARM.attributes
                0x00000692       0x39 build/maze_info.o
 .ARM.attributes
                0x000006cb       0x39 build/maze_analysis.o
 .ARM.attributes
                0x00000704       0x39 build/motion.o
 .ARM.attributes
                0x0000073d       0x39 build/motion_plan.o
 .ARM.attributes
                0x00000776       0x21 build/startup_stm32f405xx.o
 .ARM.attributes
                0x00000797       0x34 c:/program files (x86)/gnu tools arm embedded/7 2017-q4-major/bin/../lib/gcc/arm-none-eabi/7.2.1/../../../../arm-none-eabi/lib/thumb/v7e-m/fpv4-sp/hard\libc_nano.a(lib_a-errno.o)
 .ARM.attributes
                0x000007cb       0x34 c:/program files (x86)/gnu tools arm embedded/7 2017-q4-major/bin/../lib/gcc/arm-none-eabi/7.2.1/../../../../arm-none-eabi/lib/thumb/v7e-m/fpv4-sp/hard\libc_nano.a(lib_a-impure.o)
 .ARM.attributes
                0x000007ff       0x34 c:/program files (x86)/gnu tools arm embedded/7 2017-q4-major/bin/../lib/gcc/arm-none-eabi/7.2.1/../../../../arm-none-eabi/lib/thumb/v7e-m/fpv4-sp/hard\libc_nano.a(lib_a-init.o)
 .ARM.attributes
                0x00000833       0x34 c:/program files (x86)/gnu tools arm embedded/7 2017-q4-major/bin/../lib/gcc/arm-none-eabi/7.2.1/../../../../arm-none-eabi/lib/thumb/v7e-m/fpv4-sp/hard\libc_nano.a(lib_a-memcpy-stub.o)
 .ARM.attributes
                0x00000867       0x34 c:/program files (x86)/gnu tools arm embedded/7 2017-q4-major/bin/../lib/gcc/arm-none-eabi/7.2.1/../../../../arm-none-eabi/lib/thumb/v7e-m/fpv4-sp/hard\libc_nano.a(lib_a-memset.o)
 .ARM.attributes
                0x0000089b       0x34 c:/program files (x86)/gnu tools arm embedded/7 2017-q4-major/bin/../lib/gcc/arm-none-eabi/7.2.1/../../../../arm-none-eabi/lib/thumb/v7e-m/fpv4-sp/hard\libc_nano.a(lib_a-nano-vfprintf_float.o)
 .ARM.attributes
                0x000008cf       0x34 c:/program files (x86)/gnu tools arm embedded/7 2017-q4-major/bin/../lib/gcc/arm-none-eabi/7.2.1/../../../../arm-none-eabi/lib/thumb/v7e-m/fpv4-sp/hard\libc_nano.a(lib_a-nano-vfprintf_i.o)
 .ARM.attributes
                0x00000903       0x34 c:/program files (x86)/gnu tools arm embedded/7 2017-q4-major/bin/../lib/gcc/arm-none-eabi/7.2.1/../../../../arm-none-eabi/lib/thumb/v7e-m/fpv4-sp/hard\libc_nano.a(lib_a-printf.o)
 .ARM.attributes
                0x00000937       0x34 c:/program files (x86)/gnu tools arm embedded/7 2017-q4-major/bin/../lib/gcc/arm-none-eabi/7.2.1/../../../../arm-none-eabi/lib/thumb/v7e-m/fpv4-sp/hard\libc_nano.a(lib_a-putchar.o)
 .ARM.attributes
                0x0000096b       0x34 c:/program files (x86)/gnu tools arm embedded/7 2017-q4-major/bin/../lib/gcc/arm-none-eabi/7.2.1/../../../../arm-none-eabi/lib/thumb/v7e-m/fpv4-sp/hard\libc_nano.a(lib_a-puts.o)
 .ARM.attributes
                0x0000099f       0x34 c:/program files (x86)/gnu tools arm embedded/7 2017-q4-major/bin/../lib/gcc/arm-none-eabi/7.2.1/../../../../arm-none-eabi/lib/thumb/v7e-m/fpv4-sp/hard\libc_nano.a(lib_a-setbuf.o)
 .ARM.attributes
                0x000009d3       0x34 c:/program files (x86)/gnu tools arm embedded/7 2017-q4-major/bin/../lib/gcc/arm-none-eabi/7.2.1/../../../../arm-none-eabi/lib/thumb/v7e-m/fpv4-sp/hard\libc_nano.a(lib_a-setvbuf.o)
 .ARM.attributes
                0x00000a07       0x1b c:/program files (x86)/gnu tools arm embedded/7 2017-q4-major/bin/../lib/gcc/arm-none-eabi/7.2.1/../../../../arm-none-eabi/lib/thumb/v7e-m/fpv4-sp/hard\libc_nano.a(lib_a-strlen.o)
 .ARM.attributes
                0x00000a22       0x34 c:/program files (x86)/gnu tools arm embedded/7 2017-q4-major/bin/../lib/gcc/arm-none-eabi/7.2.1/../../../../arm-none-eabi/lib/thumb/v7e-m/fpv4-sp/hard\libc_nano.a(lib_a-wbuf.o)
 .ARM.attributes
                0x00000a56       0x34 c:/program files (x86)/gnu tools arm embedded/7 2017-q4-major/bin/../lib/gcc/arm-none-eabi/7.2.1/../../../../arm-none-eabi/lib/thumb/v7e-m/fpv4-sp/hard\libc_nano.a(lib_a-wsetup.o)
 .ARM.attributes
                0x00000a8a       0x34 c:/program files (x86)/gnu tools arm embedded/7 2017-q4-major/bin/../lib/gcc/arm-none-eabi/7.2.1/../../../../arm-none-eabi/lib/thumb/v7e-m/fpv4-sp/hard\libc_nano.a(lib_a-dtoa.o)
 .ARM.attributes
                0x00000abe       0x34 c:/program files (x86)/gnu tools arm embedded/7 2017-q4-major/bin/../lib/gcc/arm-none-eabi/7.2.1/../../../../arm-none-eabi/lib/thumb/v7e-m/fpv4-sp/hard\libc_nano.a(lib_a-fflush.o)
 .ARM.attributes
                0x00000af2       0x34 c:/program files (x86)/gnu tools arm embedded/7 2017-q4-major/bin/../lib/gcc/arm-none-eabi/7.2.1/../../../../arm-none-eabi/lib/thumb/v7e-m/fpv4-sp/hard\libc_nano.a(lib_a-findfp.o)
 .ARM.attributes
                0x00000b26       0x34 c:/program files (x86)/gnu tools arm embedded/7 2017-q4-major/bin/../lib/gcc/arm-none-eabi/7.2.1/../../../../arm-none-eabi/lib/thumb/v7e-m/fpv4-sp/hard\libc_nano.a(lib_a-fwalk.o)
 .ARM.attributes
                0x00000b5a       0x34 c:/program files (x86)/gnu tools arm embedded/7 2017-q4-major/bin/../lib/gcc/arm-none-eabi/7.2.1/../../../../arm-none-eabi/lib/thumb/v7e-m/fpv4-sp/hard\libc_nano.a(lib_a-localeconv.o)
 .ARM.attributes
                0x00000b8e       0x34 c:/program files (x86)/gnu tools arm embedded/7 2017-q4-major/bin/../lib/gcc/arm-none-eabi/7.2.1/../../../../arm-none-eabi/lib/thumb/v7e-m/fpv4-sp/hard\libc_nano.a(lib_a-makebuf.o)
 .ARM.attributes
                0x00000bc2       0x34 c:/program files (x86)/gnu tools arm embedded/7 2017-q4-major/bin/../lib/gcc/arm-none-eabi/7.2.1/../../../../arm-none-eabi/lib/thumb/v7e-m/fpv4-sp/hard\libc_nano.a(lib_a-malloc.o)
 .ARM.attributes
                0x00000bf6       0x20 c:/program files (x86)/gnu tools arm embedded/7 2017-q4-major/bin/../lib/gcc/arm-none-eabi/7.2.1/../../../../arm-none-eabi/lib/thumb/v7e-m/fpv4-sp/hard\libc_nano.a(lib_a-memchr.o)
 .ARM.attributes
                0x00000c16       0x34 c:/program files (x86)/gnu tools arm embedded/7 2017-q4-major/bin/../lib/gcc/arm-none-eabi/7.2.1/../../../../arm-none-eabi/lib/thumb/v7e-m/fpv4-sp/hard\libc_nano.a(lib_a-mprec.o)
 .ARM.attributes
                0x00000c4a       0x34 c:/program files (x86)/gnu tools arm embedded/7 2017-q4-major/bin/../lib/gcc/arm-none-eabi/7.2.1/../../../../arm-none-eabi/lib/thumb/v7e-m/fpv4-sp/hard\libc_nano.a(lib_a-nano-callocr.o)
 .ARM.attributes
                0x00000c7e       0x34 c:/program files (x86)/gnu tools arm embedded/7 2017-q4-major/bin/../lib/gcc/arm-none-eabi/7.2.1/../../../../arm-none-eabi/lib/thumb/v7e-m/fpv4-sp/hard\libc_nano.a(lib_a-nano-freer.o)
 .ARM.attributes
                0x00000cb2       0x34 c:/program files (x86)/gnu tools arm embedded/7 2017-q4-major/bin/../lib/gcc/arm-none-eabi/7.2.1/../../../../arm-none-eabi/lib/thumb/v7e-m/fpv4-sp/hard\libc_nano.a(lib_a-nano-mallocr.o)
 .ARM.attributes
                0x00000ce6       0x34 c:/program files (x86)/gnu tools arm embedded/7 2017-q4-major/bin/../lib/gcc/arm-none-eabi/7.2.1/../../../../arm-none-eabi/lib/thumb/v7e-m/fpv4-sp/hard\libc_nano.a(lib_a-nano-vfprintf.o)
 .ARM.attributes
                0x00000d1a       0x34 c:/program files (x86)/gnu tools arm embedded/7 2017-q4-major/bin/../lib/gcc/arm-none-eabi/7.2.1/../../../../arm-none-eabi/lib/thumb/v7e-m/fpv4-sp/hard\libc_nano.a(lib_a-putc.o)
 .ARM.attributes
                0x00000d4e       0x34 c:/program files (x86)/gnu tools arm embedded/7 2017-q4-major/bin/../lib/gcc/arm-none-eabi/7.2.1/../../../../arm-none-eabi/lib/thumb/v7e-m/fpv4-sp/hard\libc_nano.a(lib_a-sbrkr.o)
 .ARM.attributes
                0x00000d82       0x34 c:/program files (x86)/gnu tools arm embedded/7 2017-q4-major/bin/../lib/gcc/arm-none-eabi/7.2.1/../../../../arm-none-eabi/lib/thumb/v7e-m/fpv4-sp/hard\libc_nano.a(lib_a-stdio.o)
 .ARM.attributes
                0x00000db6       0x34 c:/program files (x86)/gnu tools arm embedded/7 2017-q4-major/bin/../lib/gcc/arm-none-eabi/7.2.1/../../../../arm-none-eabi/lib/thumb/v7e-m/fpv4-sp/hard\libc_nano.a(lib_a-writer.o)
 .ARM.attributes
                0x00000dea       0x34 c:/program files (x86)/gnu tools arm embedded/7 2017-q4-major/bin/../lib/gcc/arm-none-eabi/7.2.1/../../../../arm-none-eabi/lib/thumb/v7e-m/fpv4-sp/hard\libc_nano.a(lib_a-closer.o)
 .ARM.attributes
                0x00000e1e       0x34 c:/program files (x86)/gnu tools arm embedded/7 2017-q4-major/bin/../lib/gcc/arm-none-eabi/7.2.1/../../../../arm-none-eabi/lib/thumb/v7e-m/fpv4-sp/hard\libc_nano.a(lib_a-fstatr.o)
 .ARM.attributes
                0x00000e52       0x34 c:/program files (x86)/gnu tools arm embedded/7 2017-q4-major/bin/../lib/gcc/arm-none-eabi/7.2.1/../../../../arm-none-eabi/lib/thumb/v7e-m/fpv4-sp/hard\libc_nano.a(lib_a-isattyr.o)
 .ARM.attributes
                0x00000e86       0x34 c:/program files (x86)/gnu tools arm embedded/7 2017-q4-major/bin/../lib/gcc/arm-none-eabi/7.2.1/../../../../arm-none-eabi/lib/thumb/v7e-m/fpv4-sp/hard\libc_nano.a(lib_a-locale.o)
 .ARM.attributes
                0x00000eba       0x34 c:/program files (x86)/gnu tools arm embedded/7 2017-q4-major/bin/../lib/gcc/arm-none-eabi/7.2.1/../../../../arm-none-eabi/lib/thumb/v7e-m/fpv4-sp/hard\libc_nano.a(lib_a-lseekr.o)
 .ARM.attributes
                0x00000eee       0x34 c:/program files (x86)/gnu tools arm embedded/7 2017-q4-major/bin/../lib/gcc/arm-none-eabi/7.2.1/../../../../arm-none-eabi/lib/thumb/v7e-m/fpv4-sp/hard\libc_nano.a(lib_a-mbtowc_r.o)
 .ARM.attributes
                0x00000f22       0x34 c:/program files (x86)/gnu tools arm embedded/7 2017-q4-major/bin/../lib/gcc/arm-none-eabi/7.2.1/../../../../arm-none-eabi/lib/thumb/v7e-m/fpv4-sp/hard\libc_nano.a(lib_a-mlock.o)
 .ARM.attributes
                0x00000f56       0x34 c:/program files (x86)/gnu tools arm embedded/7 2017-q4-major/bin/../lib/gcc/arm-none-eabi/7.2.1/../../../../arm-none-eabi/lib/thumb/v7e-m/fpv4-sp/hard\libc_nano.a(lib_a-readr.o)
 .ARM.attributes
                0x00000f8a       0x34 c:/program files (x86)/gnu tools arm embedded/7 2017-q4-major/bin/../lib/gcc/arm-none-eabi/7.2.1/../../../../arm-none-eabi/lib/thumb/v7e-m/fpv4-sp/hard\libc_nano.a(lib_a-reent.o)
 .ARM.attributes
                0x00000fbe       0x34 c:/program files (x86)/gnu tools arm embedded/7 2017-q4-major/bin/../lib/gcc/arm-none-eabi/7.2.1/../../../../arm-none-eabi/lib/thumb/v7e-m/fpv4-sp/hard\libc_nano.a(lib_a-wctomb_r.o)
 .ARM.attributes
                0x00000ff2       0x34 c:/program files (x86)/gnu tools arm embedded/7 2017-q4-major/bin/../lib/gcc/arm-none-eabi/7.2.1/../../../../arm-none-eabi/lib/thumb/v7e-m/fpv4-sp/hard\libc_nano.a(lib_a-ctype_.o)
 .ARM.attributes
                0x00001026       0x22 c:/program files (x86)/gnu tools arm embedded/7 2017-q4-major/bin/../lib/gcc/arm-none-eabi/7.2.1/thumb/v7e-m/fpv4-sp/hard\libgcc.a(_arm_addsubdf3.o)
 .ARM.attributes
                0x00001048       0x22 c:/program files (x86)/gnu tools arm embedded/7 2017-q4-major/bin/../lib/gcc/arm-none-eabi/7.2.1/thumb/v7e-m/fpv4-sp/hard\libgcc.a(_arm_muldivdf3.o)
 .ARM.attributes
                0x0000106a       0x22 c:/program files (x86)/gnu tools arm embedded/7 2017-q4-major/bin/../lib/gcc/arm-none-eabi/7.2.1/thumb/v7e-m/fpv4-sp/hard\libgcc.a(_arm_cmpdf2.o)
 .ARM.attributes
                0x0000108c       0x22 c:/program files (x86)/gnu tools arm embedded/7 2017-q4-major/bin/../lib/gcc/arm-none-eabi/7.2.1/thumb/v7e-m/fpv4-sp/hard\libgcc.a(_arm_unorddf2.o)
 .ARM.attributes
                0x000010ae       0x22 c:/program files (x86)/gnu tools arm embedded/7 2017-q4-major/bin/../lib/gcc/arm-none-eabi/7.2.1/thumb/v7e-m/fpv4-sp/hard\libgcc.a(_arm_fixdfsi.o)
 .ARM.attributes
                0x000010d0       0x22 c:/program files (x86)/gnu tools arm embedded/7 2017-q4-major/bin/../lib/gcc/arm-none-eabi/7.2.1/thumb/v7e-m/fpv4-sp/hard\libgcc.a(_arm_truncdfsf2.o)
 .ARM.attributes
                0x000010f2       0x22 c:/program files (x86)/gnu tools arm embedded/7 2017-q4-major/bin/../lib/gcc/arm-none-eabi/7.2.1/thumb/v7e-m/fpv4-sp/hard\libgcc.a(_aeabi_uldivmod.o)
 .ARM.attributes
                0x00001114       0x34 c:/program files (x86)/gnu tools arm embedded/7 2017-q4-major/bin/../lib/gcc/arm-none-eabi/7.2.1/thumb/v7e-m/fpv4-sp/hard\libgcc.a(_udivmoddi4.o)
 .ARM.attributes
                0x00001148       0x22 c:/program files (x86)/gnu tools arm embedded/7 2017-q4-major/bin/../lib/gcc/arm-none-eabi/7.2.1/thumb/v7e-m/fpv4-sp/hard\libgcc.a(_dvmd_tls.o)
 .ARM.attributes
                0x0000116a       0x22 c:/program files (x86)/gnu tools arm embedded/7 2017-q4-major/bin/../lib/gcc/arm-none-eabi/7.2.1/thumb/v7e-m/fpv4-sp/hard/crtn.o
OUTPUT(build/mmc2018_ver3.elf elf32-littlearm)

.debug_info     0x00000000    0x2e5ca
 .debug_info    0x00000000     0x1903 build/stm32f4xx_hal_cortex.o
 .debug_info    0x00001903      0xe90 build/gpio.o
 .debug_info    0x00002793     0x13ee build/stm32f4xx_hal_dma.o
 .debug_info    0x00003b81     0x1763 build/stm32f4xx_it.o
 .debug_info    0x000052e4     0x18be build/spi.o
 .debug_info    0x00006ba2      0xd4e build/stm32f4xx_hal_msp.o
 .debug_info    0x000078f0     0x2464 build/stm32f4xx_hal_spi.o
 .debug_info    0x00009d54     0x1674 build/adc.o
 .debug_info    0x0000b3c8     0x2172 build/stm32f4xx_hal_uart.o
 .debug_info    0x0000d53a     0x2168 build/main.o
 .debug_info    0x0000f6a2     0x3a39 build/stm32f4xx_hal_tim.o
 .debug_info    0x000130db     0x110f build/stm32f4xx_hal_gpio.o
 .debug_info    0x000141ea     0x1418 build/stm32f4xx_hal_rcc.o
 .debug_info    0x00015602     0x2094 build/tim.o
 .debug_info    0x00017696     0x1181 build/stm32f4xx_hal_flash_ex.o
 .debug_info    0x00018817      0xe82 build/system_stm32f4xx.o
 .debug_info    0x00019699     0x1367 build/usart.o
 .debug_info    0x0001aa00     0x137d build/stm32f4xx_hal.o
 .debug_info    0x0001bd7d      0xea5 build/dma.o
 .debug_info    0x0001cc22     0x1d71 build/stm32f4xx_hal_tim_ex.o
 .debug_info    0x0001e993     0x17f4 build/stm32f4xx_hal_adc.o
 .debug_info    0x00020187     0x10b0 build/stm32f4xx_hal_flash.o
 .debug_info    0x00021237     0x114b build/syscalls.o
 .debug_info    0x00022382     0x17c1 build/filter.o
 .debug_info    0x00023b43      0xd4d build/flash.o
 .debug_info    0x00024890     0x13e5 build/interface.o
 .debug_info    0x00025c75     0x1deb build/mode.o
 .debug_info    0x00027a60     0x1a35 build/control.o
 .debug_info    0x00029495     0x134d build/maze_info.o
 .debug_info    0x0002a7e2      0x5f0 build/maze_analysis.o
 .debug_info    0x0002add2     0x1b6b build/motion.o
 .debug_info    0x0002c93d     0x1c6b build/motion_plan.o
 .debug_info    0x0002e5a8       0x22 build/startup_stm32f405xx.o

.debug_abbrev   0x00000000     0x56ae
 .debug_abbrev  0x00000000      0x3dc build/stm32f4xx_hal_cortex.o
 .debug_abbrev  0x000003dc      0x20d build/gpio.o
 .debug_abbrev  0x000005e9      0x328 build/stm32f4xx_hal_dma.o
 .debug_abbrev  0x00000911      0x23b build/stm32f4xx_it.o
 .debug_abbrev  0x00000b4c      0x2c7 build/spi.o
 .debug_abbrev  0x00000e13      0x1ed build/stm32f4xx_hal_msp.o
 .debug_abbrev  0x00001000      0x323 build/stm32f4xx_hal_spi.o
 .debug_abbrev  0x00001323      0x257 build/adc.o
 .debug_abbrev  0x0000157a      0x375 build/stm32f4xx_hal_uart.o
 .debug_abbrev  0x000018ef      0x2b2 build/main.o
 .debug_abbrev  0x00001ba1      0x310 build/stm32f4xx_hal_tim.o
 .debug_abbrev  0x00001eb1      0x2be build/stm32f4xx_hal_gpio.o
 .debug_abbrev  0x0000216f      0x32f build/stm32f4xx_hal_rcc.o
 .debug_abbrev  0x0000249e      0x31f build/tim.o
 .debug_abbrev  0x000027bd      0x315 build/stm32f4xx_hal_flash_ex.o
 .debug_abbrev  0x00002ad2      0x1e6 build/system_stm32f4xx.o
 .debug_abbrev  0x00002cb8      0x23b build/usart.o
 .debug_abbrev  0x00002ef3      0x2e1 build/stm32f4xx_hal.o
 .debug_abbrev  0x000031d4      0x216 build/dma.o
 .debug_abbrev  0x000033ea      0x2f8 build/stm32f4xx_hal_tim_ex.o
 .debug_abbrev  0x000036e2      0x300 build/stm32f4xx_hal_adc.o
 .debug_abbrev  0x000039e2      0x352 build/stm32f4xx_hal_flash.o
 .debug_abbrev  0x00003d34      0x2d3 build/syscalls.o
 .debug_abbrev  0x00004007      0x29c build/filter.o
 .debug_abbrev  0x000042a3      0x222 build/flash.o
 .debug_abbrev  0x000044c5      0x258 build/interface.o
 .debug_abbrev  0x0000471d      0x296 build/mode.o
 .debug_abbrev  0x000049b3      0x33c build/control.o
 .debug_abbrev  0x00004cef      0x28f build/maze_info.o
 .debug_abbrev  0x00004f7e      0x186 build/maze_analysis.o
 .debug_abbrev  0x00005104      0x258 build/motion.o
 .debug_abbrev  0x0000535c      0x340 build/motion_plan.o
 .debug_abbrev  0x0000569c       0x12 build/startup_stm32f405xx.o

.debug_loc      0x00000000     0xf870
 .debug_loc     0x00000000      0x65e build/stm32f4xx_hal_cortex.o
 .debug_loc     0x0000065e       0x39 build/gpio.o
 .debug_loc     0x00000697      0xc96 build/stm32f4xx_hal_dma.o
 .debug_loc     0x0000132d       0x81 build/stm32f4xx_it.o
 .debug_loc     0x000013ae      0x307 build/spi.o
 .debug_loc     0x000016b5       0x20 build/stm32f4xx_hal_msp.o